Archive member included to satisfy reference by file (symbol)

C:/ST/STM32CubeIDE_1.13.2/STM32CubeIDE/plugins/com.st.stm32cube.ide.mcu.externaltools.gnu-tools-for-stm32.11.3.rel1.win32_1.1.1.202309131626/tools/bin/../lib/gcc/arm-none-eabi/11.3.1/../../../../arm-none-eabi/lib/thumb/v7e-m+fp/hard\libc_nano.a(libc_a-exit.o)
                              C:/ST/STM32CubeIDE_1.13.2/STM32CubeIDE/plugins/com.st.stm32cube.ide.mcu.externaltools.gnu-tools-for-stm32.11.3.rel1.win32_1.1.1.202309131626/tools/bin/../lib/gcc/arm-none-eabi/11.3.1/../../../../arm-none-eabi/lib/thumb/v7e-m+fp/hard/crt0.o (exit)
C:/ST/STM32CubeIDE_1.13.2/STM32CubeIDE/plugins/com.st.stm32cube.ide.mcu.externaltools.gnu-tools-for-stm32.11.3.rel1.win32_1.1.1.202309131626/tools/bin/../lib/gcc/arm-none-eabi/11.3.1/../../../../arm-none-eabi/lib/thumb/v7e-m+fp/hard\libc_nano.a(libc_a-findfp.o)
                              C:/ST/STM32CubeIDE_1.13.2/STM32CubeIDE/plugins/com.st.stm32cube.ide.mcu.externaltools.gnu-tools-for-stm32.11.3.rel1.win32_1.1.1.202309131626/tools/bin/../lib/gcc/arm-none-eabi/11.3.1/../../../../arm-none-eabi/lib/thumb/v7e-m+fp/hard\libc_nano.a(libc_a-exit.o) (__stdio_exit_handler)
C:/ST/STM32CubeIDE_1.13.2/STM32CubeIDE/plugins/com.st.stm32cube.ide.mcu.externaltools.gnu-tools-for-stm32.11.3.rel1.win32_1.1.1.202309131626/tools/bin/../lib/gcc/arm-none-eabi/11.3.1/../../../../arm-none-eabi/lib/thumb/v7e-m+fp/hard\libc_nano.a(libc_a-fwalk.o)
                              C:/ST/STM32CubeIDE_1.13.2/STM32CubeIDE/plugins/com.st.stm32cube.ide.mcu.externaltools.gnu-tools-for-stm32.11.3.rel1.win32_1.1.1.202309131626/tools/bin/../lib/gcc/arm-none-eabi/11.3.1/../../../../arm-none-eabi/lib/thumb/v7e-m+fp/hard\libc_nano.a(libc_a-findfp.o) (_fwalk_sglue)
C:/ST/STM32CubeIDE_1.13.2/STM32CubeIDE/plugins/com.st.stm32cube.ide.mcu.externaltools.gnu-tools-for-stm32.11.3.rel1.win32_1.1.1.202309131626/tools/bin/../lib/gcc/arm-none-eabi/11.3.1/../../../../arm-none-eabi/lib/thumb/v7e-m+fp/hard\libc_nano.a(libc_a-stdio.o)
                              C:/ST/STM32CubeIDE_1.13.2/STM32CubeIDE/plugins/com.st.stm32cube.ide.mcu.externaltools.gnu-tools-for-stm32.11.3.rel1.win32_1.1.1.202309131626/tools/bin/../lib/gcc/arm-none-eabi/11.3.1/../../../../arm-none-eabi/lib/thumb/v7e-m+fp/hard\libc_nano.a(libc_a-findfp.o) (__sread)
C:/ST/STM32CubeIDE_1.13.2/STM32CubeIDE/plugins/com.st.stm32cube.ide.mcu.externaltools.gnu-tools-for-stm32.11.3.rel1.win32_1.1.1.202309131626/tools/bin/../lib/gcc/arm-none-eabi/11.3.1/../../../../arm-none-eabi/lib/thumb/v7e-m+fp/hard\libc_nano.a(libc_a-memset.o)
                              C:/ST/STM32CubeIDE_1.13.2/STM32CubeIDE/plugins/com.st.stm32cube.ide.mcu.externaltools.gnu-tools-for-stm32.11.3.rel1.win32_1.1.1.202309131626/tools/bin/../lib/gcc/arm-none-eabi/11.3.1/../../../../arm-none-eabi/lib/thumb/v7e-m+fp/hard/crt0.o (memset)
C:/ST/STM32CubeIDE_1.13.2/STM32CubeIDE/plugins/com.st.stm32cube.ide.mcu.externaltools.gnu-tools-for-stm32.11.3.rel1.win32_1.1.1.202309131626/tools/bin/../lib/gcc/arm-none-eabi/11.3.1/../../../../arm-none-eabi/lib/thumb/v7e-m+fp/hard\libc_nano.a(libc_a-closer.o)
                              C:/ST/STM32CubeIDE_1.13.2/STM32CubeIDE/plugins/com.st.stm32cube.ide.mcu.externaltools.gnu-tools-for-stm32.11.3.rel1.win32_1.1.1.202309131626/tools/bin/../lib/gcc/arm-none-eabi/11.3.1/../../../../arm-none-eabi/lib/thumb/v7e-m+fp/hard\libc_nano.a(libc_a-stdio.o) (_close_r)
C:/ST/STM32CubeIDE_1.13.2/STM32CubeIDE/plugins/com.st.stm32cube.ide.mcu.externaltools.gnu-tools-for-stm32.11.3.rel1.win32_1.1.1.202309131626/tools/bin/../lib/gcc/arm-none-eabi/11.3.1/../../../../arm-none-eabi/lib/thumb/v7e-m+fp/hard\libc_nano.a(libc_a-reent.o)
                              C:/ST/STM32CubeIDE_1.13.2/STM32CubeIDE/plugins/com.st.stm32cube.ide.mcu.externaltools.gnu-tools-for-stm32.11.3.rel1.win32_1.1.1.202309131626/tools/bin/../lib/gcc/arm-none-eabi/11.3.1/../../../../arm-none-eabi/lib/thumb/v7e-m+fp/hard\libc_nano.a(libc_a-closer.o) (errno)
C:/ST/STM32CubeIDE_1.13.2/STM32CubeIDE/plugins/com.st.stm32cube.ide.mcu.externaltools.gnu-tools-for-stm32.11.3.rel1.win32_1.1.1.202309131626/tools/bin/../lib/gcc/arm-none-eabi/11.3.1/../../../../arm-none-eabi/lib/thumb/v7e-m+fp/hard\libc_nano.a(libc_a-impure.o)
                              C:/ST/STM32CubeIDE_1.13.2/STM32CubeIDE/plugins/com.st.stm32cube.ide.mcu.externaltools.gnu-tools-for-stm32.11.3.rel1.win32_1.1.1.202309131626/tools/bin/../lib/gcc/arm-none-eabi/11.3.1/../../../../arm-none-eabi/lib/thumb/v7e-m+fp/hard\libc_nano.a(libc_a-reent.o) (_impure_ptr)
C:/ST/STM32CubeIDE_1.13.2/STM32CubeIDE/plugins/com.st.stm32cube.ide.mcu.externaltools.gnu-tools-for-stm32.11.3.rel1.win32_1.1.1.202309131626/tools/bin/../lib/gcc/arm-none-eabi/11.3.1/../../../../arm-none-eabi/lib/thumb/v7e-m+fp/hard\libc_nano.a(libc_a-lseekr.o)
[...]
Memory Configuration

Name             Origin             Length             Attributes
CCMRAM           0x0000000010000000 0x0000000000010000 xrw
RAM              0x0000000020000000 0x0000000000030000 xrw
FLASH            0x0000000008000000 0x0000000000200000 xr
*default*        0x0000000000000000 0xffffffffffffffff

Linker script and memory map

LOAD C:/ST/STM32CubeIDE_1.13.2/STM32CubeIDE/plugins/com.st.stm32cube.ide.mcu.externaltools.gnu-tools-for-stm32.11.3.rel1.win32_1.1.1.202309131626/tools/bin/../lib/gcc/arm-none-eabi/11.3.1/thumb/v7e-m+fp/hard/crti.o
LOAD C:/ST/STM32CubeIDE_1.13.2/STM32CubeIDE/plugins/com.st.stm32cube.ide.mcu.externaltools.gnu-tools-for-stm32.11.3.rel1.win32_1.1.1.202309131626/tools/bin/../lib/gcc/arm-none-eabi/11.3.1/thumb/v7e-m+fp/hard/crtbegin.o
LOAD C:/ST/STM32CubeIDE_1.13.2/STM32CubeIDE/plugins/com.st.stm32cube.ide.mcu.externaltools.gnu-tools-for-stm32.11.3.rel1.win32_1.1.1.202309131626/tools/bin/../lib/gcc/arm-none-eabi/11.3.1/../../../../arm-none-eabi/lib/thumb/v7e-m+fp/hard/crt0.o
LOAD ./Core/Src/main.o
LOAD ./Core/Src/stm32f4xx_hal_msp.o
LOAD ./Core/Src/stm32f4xx_it.o
LOAD ./Core/Src/syscalls.o
LOAD ./Core/Src/sysmem.o
LOAD ./Core/Src/system_stm32f4xx.o
LOAD ./Core/Startup/startup_stm32f429zitx.o
LOAD ./Drivers/Device/MFRC522.o
LOAD ./Drivers/STM32F4xx_HAL_Driver/Src/stm32f4xx_hal.o
LOAD ./Drivers/STM32F4xx_HAL_Driver/Src/stm32f4xx_hal_cortex.o
LOAD ./Drivers/STM32F4xx_HAL_Driver/Src/stm32f4xx_hal_dma.o
LOAD ./Drivers/STM32F4xx_HAL_Driver/Src/stm32f4xx_hal_dma_ex.o
LOAD ./Drivers/STM32F4xx_HAL_Driver/Src/stm32f4xx_hal_eth.o
LOAD ./Drivers/STM32F4xx_HAL_Driver/Src/stm32f4xx_hal_exti.o
LOAD ./Drivers/STM32F4xx_HAL_Driver/Src/stm32f4xx_hal_flash.o
LOAD ./Drivers/STM32F4xx_HAL_Driver/Src/stm32f4xx_hal_flash_ex.o
LOAD ./Drivers/STM32F4xx_HAL_Driver/Src/stm32f4xx_hal_flash_ramfunc.o
LOAD ./Drivers/STM32F4xx_HAL_Driver/Src/stm32f4xx_hal_gpio.o
LOAD ./Drivers/STM32F4xx_HAL_Driver/Src/stm32f4xx_hal_i2c.o
LOAD ./Drivers/STM32F4xx_HAL_Driver/Src/stm32f4xx_hal_i2c_ex.o
LOAD ./Drivers/STM32F4xx_HAL_Driver/Src/stm32f4xx_hal_pcd.o
LOAD ./Drivers/STM32F4xx_HAL_Driver/Src/stm32f4xx_hal_pcd_ex.o
LOAD ./Drivers/STM32F4xx_HAL_Driver/Src/stm32f4xx_hal_pwr.o
LOAD ./Drivers/STM32F4xx_HAL_Driver/Src/stm32f4xx_hal_pwr_ex.o
LOAD ./Drivers/STM32F4xx_HAL_Driver/Src/stm32f4xx_hal_rcc.o
LOAD ./Drivers/STM32F4xx_HAL_Driver/Src/stm32f4xx_hal_rcc_ex.o
LOAD ./Drivers/STM32F4xx_HAL_Driver/Src/stm32f4xx_hal_spi.o
LOAD ./Drivers/STM32F4xx_HAL_Driver/Src/stm32f4xx_hal_tim.o
LOAD ./Drivers/STM32F4xx_HAL_Driver/Src/stm32f4xx_hal_tim_ex.o
LOAD ./Drivers/STM32F4xx_HAL_Driver/Src/stm32f4xx_hal_uart.o
LOAD ./Drivers/STM32F4xx_HAL_Driver/Src/stm32f4xx_ll_usb.o
LOAD ./Utils/SEGGER_RTT.o
LOAD ./Utils/SEGGER_RTT_printf.o
LOAD ./Utils/led.o
START GROUP
LOAD C:/ST/STM32CubeIDE_1.13.2/STM32CubeIDE/plugins/com.st.stm32cube.ide.mcu.externaltools.gnu-tools-for-stm32.11.3.rel1.win32_1.1.1.202309131626/tools/bin/../lib/gcc/arm-none-eabi/11.3.1/../../../../arm-none-eabi/lib/thumb/v7e-m+fp/hard\libc_nano.a
LOAD C:/ST/STM32CubeIDE_1.13.2/STM32CubeIDE/plugins/com.st.stm32cube.ide.mcu.externaltools.gnu-tools-for-stm32.11.3.rel1.win32_1.1.1.202309131626/tools/bin/../lib/gcc/arm-none-eabi/11.3.1/../../../../arm-none-eabi/lib/thumb/v7e-m+fp/hard\libm.a
END GROUP
START GROUP
LOAD C:/ST/STM32CubeIDE_1.13.2/STM32CubeIDE/plugins/com.st.stm32cube.ide.mcu.externaltools.gnu-tools-for-stm32.11.3.rel1.win32_1.1.1.202309131626/tools/bin/../lib/gcc/arm-none-eabi/11.3.1/thumb/v7e-m+fp/hard\libgcc.a
LOAD C:/ST/STM32CubeIDE_1.13.2/STM32CubeIDE/plugins/com.st.stm32cube.ide.mcu.externaltools.gnu-tools-for-stm32.11.3.rel1.win32_1.1.1.202309131626/tools/bin/../lib/gcc/arm-none-eabi/11.3.1/../../../../arm-none-eabi/lib/thumb/v7e-m+fp/hard\libc_nano.a
END GROUP
START GROUP
LOAD C:/ST/STM32CubeIDE_1.13.2/STM32CubeIDE/plugins/com.st.stm32cube.ide.mcu.externaltools.gnu-tools-for-stm32.11.3.rel1.win32_1.1.1.202309131626/tools/bin/../lib/gcc/arm-none-eabi/11.3.1/thumb/v7e-m+fp/hard\libgcc.a
LOAD C:/ST/STM32CubeIDE_1.13.2/STM32CubeIDE/plugins/com.st.stm32cube.ide.mcu.externaltools.gnu-tools-for-stm32.11.3.rel1.win32_1.1.1.202309131626/tools/bin/../lib/gcc/arm-none-eabi/11.3.1/../../../../arm-none-eabi/lib/thumb/v7e-m+fp/hard\libc_nano.a
LOAD C:/ST/STM32CubeIDE_1.13.2/STM32CubeIDE/plugins/com.st.stm32cube.ide.mcu.externaltools.gnu-tools-for-stm32.11.3.rel1.win32_1.1.1.202309131626/tools/bin/../lib/gcc/arm-none-eabi/11.3.1/../../../../arm-none-eabi/lib/thumb/v7e-m+fp/hard\libnosys.a
END GROUP
START GROUP
LOAD C:/ST/STM32CubeIDE_1.13.2/STM32CubeIDE/plugins/com.st.stm32cube.ide.mcu.externaltools.gnu-tools-for-stm32.11.3.rel1.win32_1.1.1.202309131626/tools/bin/../lib/gcc/arm-none-eabi/11.3.1/thumb/v7e-m+fp/hard\libgcc.a
LOAD C:/ST/STM32CubeIDE_1.13.2/STM32CubeIDE/plugins/com.st.stm32cube.ide.mcu.externaltools.gnu-tools-for-stm32.11.3.rel1.win32_1.1.1.202309131626/tools/bin/../lib/gcc/arm-none-eabi/11.3.1/../../../../arm-none-eabi/lib/thumb/v7e-m+fp/hard\libc_nano.a
LOAD C:/ST/STM32CubeIDE_1.13.2/STM32CubeIDE/plugins/com.st.stm32cube.ide.mcu.externaltools.gnu-tools-for-stm32.11.3.rel1.win32_1.1.1.202309131626/tools/bin/../lib/gcc/arm-none-eabi/11.3.1/../../../../arm-none-eabi/lib/thumb/v7e-m+fp/hard\libnosys.a
END GROUP
LOAD C:/ST/STM32CubeIDE_1.13.2/STM32CubeIDE/plugins/com.st.stm32cube.ide.mcu.externaltools.gnu-tools-for-stm32.11.3.rel1.win32_1.1.1.202309131626/tools/bin/../lib/gcc/arm-none-eabi/11.3.1/thumb/v7e-m+fp/hard/crtend.o
LOAD C:/ST/STM32CubeIDE_1.13.2/STM32CubeIDE/plugins/com.st.stm32cube.ide.mcu.externaltools.gnu-tools-for-stm32.11.3.rel1.win32_1.1.1.202309131626/tools/bin/../lib/gcc/arm-none-eabi/11.3.1/thumb/v7e-m+fp/hard/crtn.o
                0x0000000020030000                _estack = (ORIGIN (RAM) + LENGTH (RAM))
                0x0000000000000200                _Min_Heap_Size = 0x200
                0x0000000000000400                _Min_Stack_Size = 0x400

.isr_vector     0x0000000008000000      0x1ac
                0x0000000008000000                . = ALIGN (0x4)
 *(.isr_vector)
 .isr_vector    0x0000000008000000      0x1ac ./Core/Startup/startup_stm32f429zitx.o
                0x0000000008000000                g_pfnVectors
                0x00000000080001ac                . = ALIGN (0x4)

.text           0x00000000080001ac     0x7958
                0x00000000080001ac                . = ALIGN (0x4)
 *(.text)
 .text          0x00000000080001ac       0x40 C:/ST/STM32CubeIDE_1.13.2/STM32CubeIDE/plugins/com.st.stm32cube.ide.mcu.externaltools.gnu-tools-for-stm32.11.3.rel1.win32_1.1.1.202309131626/tools/bin/../lib/gcc/arm-none-eabi/11.3.1/thumb/v7e-m+fp/hard/crtbegin.o
 .text          0x00000000080001ec       0x30 C:/ST/STM32CubeIDE_1.13.2/STM32CubeIDE/plugins/com.st.stm32cube.ide.mcu.externaltools.gnu-tools-for-stm32.11.3.rel1.win32_1.1.1.202309131626/tools/bin/../lib/gcc/arm-none-eabi/11.3.1/thumb/v7e-m+fp/hard\libgcc.a(_aeabi_uldivmod.o)
                0x00000000080001ec                __aeabi_uldivmod
 .text          0x000000000800021c      0x2c8 C:/ST/STM32CubeIDE_1.13.2/STM32CubeIDE/plugins/com.st.stm32cube.ide.mcu.externaltools.gnu-tools-for-stm32.11.3.rel1.win32_1.1.1.202309131626/tools/bin/../lib/gcc/arm-none-eabi/11.3.1/thumb/v7e-m+fp/hard\libgcc.a(_udivmoddi4.o)
                0x000000000800021c                __udivmoddi4
 .text          0x00000000080004e4        0x4 C:/ST/STM32CubeIDE_1.13.2/STM32CubeIDE/plugins/com.st.stm32cube.ide.mcu.externaltools.gnu-tools-for-stm32.11.3.rel1.win32_1.1.1.202309131626/tools/bin/../lib/gcc/arm-none-eabi/11.3.1/thumb/v7e-m+fp/hard\libgcc.a(_dvmd_tls.o)
                0x00000000080004e4                __aeabi_idiv0
                0x00000000080004e4                __aeabi_ldiv0
 *(.text*)
 .text.readNameFromRFIDCard
                0x00000000080004e8      0x1c0 ./Core/Src/main.o
                0x00000000080004e8                readNameFromRFIDCard
 .text.main     0x00000000080006a8       0xa0 ./Core/Src/main.o
                0x00000000080006a8                main
 .text.SystemClock_Config
                0x0000000008000748       0xd4 ./Core/Src/main.o
                0x0000000008000748                SystemClock_Config
 .text.MX_ETH_Init
                0x000000000800081c       0x9c ./Core/Src/main.o
 .text.MX_I2C1_Init
                0x00000000080008b8       0x80 ./Core/Src/main.o
 .text.MX_SPI1_Init
                0x0000000008000938       0x6c ./Core/Src/main.o
 .text.MX_TIM1_Init
                0x00000000080009a4      0x144 ./Core/Src/main.o
 .text.MX_TIM6_Init
                0x0000000008000ae8       0x6c ./Core/Src/main.o
 .text.MX_USART3_UART_Init
                0x0000000008000b54       0x54 ./Core/Src/main.o
 .text.MX_USB_OTG_FS_PCD_Init
                0x0000000008000ba8       0x5c ./Core/Src/main.o
 .text.MX_DMA_Init
                0x0000000008000c04       0x40 ./Core/Src/main.o
 .text.MX_GPIO_Init
                0x0000000008000c44      0x1ac ./Core/Src/main.o
 .text.HAL_GPIO_EXTI_Callback
                0x0000000008000df0       0x90 ./Core/Src/main.o
                0x0000000008000df0                HAL_GPIO_EXTI_Callback
 .text.HAL_TIM_PeriodElapsedCallback
                0x0000000008000e80       0x14 ./Core/Src/main.o
                0x0000000008000e80                HAL_TIM_PeriodElapsedCallback
 .text.Error_Handler
                0x0000000008000e94        0xa ./Core/Src/main.o
                0x0000000008000e94                Error_Handler
 *fill*         0x0000000008000e9e        0x2 
 .text.HAL_MspInit
                0x0000000008000ea0       0x50 ./Core/Src/stm32f4xx_hal_msp.o
                0x0000000008000ea0                HAL_MspInit
 .text.HAL_ETH_MspInit
                0x0000000008000ef0      0x19c ./Core/Src/stm32f4xx_hal_msp.o
                0x0000000008000ef0                HAL_ETH_MspInit
 .text.HAL_I2C_MspInit
                0x000000000800108c       0x90 ./Core/Src/stm32f4xx_hal_msp.o
                0x000000000800108c                HAL_I2C_MspInit
 .text.HAL_SPI_MspInit
                0x000000000800111c       0xd0 ./Core/Src/stm32f4xx_hal_msp.o
                0x000000000800111c                HAL_SPI_MspInit
 .text.HAL_TIM_Base_MspInit
                0x00000000080011ec       0xe4 ./Core/Src/stm32f4xx_hal_msp.o
                0x00000000080011ec                HAL_TIM_Base_MspInit
 .text.HAL_TIM_MspPostInit
                0x00000000080012d0       0x74 ./Core/Src/stm32f4xx_hal_msp.o
                0x00000000080012d0                HAL_TIM_MspPostInit
 .text.HAL_UART_MspInit
                0x0000000008001344       0x90 ./Core/Src/stm32f4xx_hal_msp.o
                0x0000000008001344                HAL_UART_MspInit
 .text.HAL_PCD_MspInit
                0x00000000080013d4       0xb4 ./Core/Src/stm32f4xx_hal_msp.o
                0x00000000080013d4                HAL_PCD_MspInit
 .text.NMI_Handler
                0x0000000008001488        0x6 ./Core/Src/stm32f4xx_it.o
                0x0000000008001488                NMI_Handler
 .text.HardFault_Handler
                0x000000000800148e        0x6 ./Core/Src/stm32f4xx_it.o
                0x000000000800148e                HardFault_Handler
 .text.MemManage_Handler
                0x0000000008001494        0x6 ./Core/Src/stm32f4xx_it.o
                0x0000000008001494                MemManage_Handler
 .text.BusFault_Handler
                0x000000000800149a        0x6 ./Core/Src/stm32f4xx_it.o
                0x000000000800149a                BusFault_Handler
 .text.UsageFault_Handler
                0x00000000080014a0        0x6 ./Core/Src/stm32f4xx_it.o
                0x00000000080014a0                UsageFault_Handler
 .text.SVC_Handler
                0x00000000080014a6        0xe ./Core/Src/stm32f4xx_it.o
                0x00000000080014a6                SVC_Handler
 .text.DebugMon_Handler
                0x00000000080014b4        0xe ./Core/Src/stm32f4xx_it.o
                0x00000000080014b4                DebugMon_Handler
 .text.PendSV_Handler
                0x00000000080014c2        0xe ./Core/Src/stm32f4xx_it.o
                0x00000000080014c2                PendSV_Handler
 .text.SysTick_Handler
                0x00000000080014d0        0xc ./Core/Src/stm32f4xx_it.o
                0x00000000080014d0                SysTick_Handler
 .text.EXTI15_10_IRQHandler
                0x00000000080014dc       0x10 ./Core/Src/stm32f4xx_it.o
                0x00000000080014dc                EXTI15_10_IRQHandler
 .text.TIM6_DAC_IRQHandler
                0x00000000080014ec       0x14 ./Core/Src/stm32f4xx_it.o
                0x00000000080014ec                TIM6_DAC_IRQHandler
 .text.DMA2_Stream1_IRQHandler
                0x0000000008001500       0x14 ./Core/Src/stm32f4xx_it.o
                0x0000000008001500                DMA2_Stream1_IRQHandler
 .text.ETH_IRQHandler
                0x0000000008001514       0x14 ./Core/Src/stm32f4xx_it.o
                0x0000000008001514                ETH_IRQHandler
 .text.SystemInit
                0x0000000008001528       0x24 ./Core/Src/system_stm32f4xx.o
                0x0000000008001528                SystemInit
 .text.Reset_Handler
                0x000000000800154c       0x50 ./Core/Startup/startup_stm32f429zitx.o
                0x000000000800154c                Reset_Handler
 .text.Default_Handler
                0x000000000800159c        0x2 ./Core/Startup/startup_stm32f429zitx.o
                0x000000000800159c                RTC_Alarm_IRQHandler
                0x000000000800159c                HASH_RNG_IRQHandler
                0x000000000800159c                EXTI2_IRQHandler
                0x000000000800159c                TIM8_CC_IRQHandler
                0x000000000800159c                UART8_IRQHandler
                0x000000000800159c                SPI4_IRQHandler
                0x000000000800159c                TIM1_CC_IRQHandler
                0x000000000800159c                DMA2_Stream5_IRQHandler
                0x000000000800159c                DMA1_Stream5_IRQHandler
                0x000000000800159c                PVD_IRQHandler
                0x000000000800159c                SDIO_IRQHandler
                0x000000000800159c                TAMP_STAMP_IRQHandler
                0x000000000800159c                CAN2_RX1_IRQHandler
                0x000000000800159c                EXTI3_IRQHandler
                0x000000000800159c                TIM8_TRG_COM_TIM14_IRQHandler
                0x000000000800159c                TIM1_UP_TIM10_IRQHandler
                0x000000000800159c                TIM8_UP_TIM13_IRQHandler
                0x000000000800159c                I2C3_ER_IRQHandler
                0x000000000800159c                EXTI0_IRQHandler
                0x000000000800159c                I2C2_EV_IRQHandler
                0x000000000800159c                DMA1_Stream2_IRQHandler
                0x000000000800159c                CAN1_RX0_IRQHandler
                0x000000000800159c                FPU_IRQHandler
                0x000000000800159c                OTG_HS_WKUP_IRQHandler
                0x000000000800159c                LTDC_ER_IRQHandler
                0x000000000800159c                CAN2_SCE_IRQHandler
                0x000000000800159c                DMA2_Stream2_IRQHandler
                0x000000000800159c                SPI1_IRQHandler
                0x000000000800159c                TIM1_BRK_TIM9_IRQHandler
                0x000000000800159c                DCMI_IRQHandler
                0x000000000800159c                CAN2_RX0_IRQHandler
                0x000000000800159c                DMA2_Stream3_IRQHandler
                0x000000000800159c                USART6_IRQHandler
                0x000000000800159c                USART3_IRQHandler
                0x000000000800159c                CAN1_RX1_IRQHandler
                0x000000000800159c                UART5_IRQHandler
                0x000000000800159c                DMA2_Stream0_IRQHandler
                0x000000000800159c                TIM4_IRQHandler
                0x000000000800159c                I2C1_EV_IRQHandler
                0x000000000800159c                DMA1_Stream6_IRQHandler
                0x000000000800159c                DMA1_Stream1_IRQHandler
                0x000000000800159c                UART4_IRQHandler
                0x000000000800159c                TIM3_IRQHandler
                0x000000000800159c                RCC_IRQHandler
                0x000000000800159c                TIM8_BRK_TIM12_IRQHandler
                0x000000000800159c                Default_Handler
                0x000000000800159c                ADC_IRQHandler
                0x000000000800159c                DMA1_Stream7_IRQHandler
                0x000000000800159c                SPI5_IRQHandler
                0x000000000800159c                TIM7_IRQHandler
                0x000000000800159c                CAN2_TX_IRQHandler
                0x000000000800159c                TIM5_IRQHandler
                0x000000000800159c                DMA2_Stream7_IRQHandler
                0x000000000800159c                I2C3_EV_IRQHandler
                0x000000000800159c                EXTI9_5_IRQHandler
                0x000000000800159c                RTC_WKUP_IRQHandler
                0x000000000800159c                LTDC_IRQHandler
                0x000000000800159c                ETH_WKUP_IRQHandler
                0x000000000800159c                SPI2_IRQHandler
                0x000000000800159c                OTG_HS_EP1_IN_IRQHandler
                0x000000000800159c                DMA1_Stream0_IRQHandler
                0x000000000800159c                CAN1_TX_IRQHandler
                0x000000000800159c                EXTI4_IRQHandler
                0x000000000800159c                OTG_HS_EP1_OUT_IRQHandler
                0x000000000800159c                WWDG_IRQHandler
                0x000000000800159c                SPI6_IRQHandler
                0x000000000800159c                TIM2_IRQHandler
                0x000000000800159c                OTG_FS_WKUP_IRQHandler
                0x000000000800159c                TIM1_TRG_COM_TIM11_IRQHandler
                0x000000000800159c                OTG_HS_IRQHandler
                0x000000000800159c                DMA2D_IRQHandler
                0x000000000800159c                EXTI1_IRQHandler
                0x000000000800159c                UART7_IRQHandler
                0x000000000800159c                USART2_IRQHandler
                0x000000000800159c                I2C2_ER_IRQHandler
                0x000000000800159c                CAN1_SCE_IRQHandler
                0x000000000800159c                FLASH_IRQHandler
                0x000000000800159c                DMA2_Stream4_IRQHandler
                0x000000000800159c                USART1_IRQHandler
                0x000000000800159c                OTG_FS_IRQHandler
                0x000000000800159c                SPI3_IRQHandler
                0x000000000800159c                DMA1_Stream4_IRQHandler
                0x000000000800159c                I2C1_ER_IRQHandler
                0x000000000800159c                FMC_IRQHandler
                0x000000000800159c                DMA2_Stream6_IRQHandler
                0x000000000800159c                SAI1_IRQHandler
                0x000000000800159c                DMA1_Stream3_IRQHandler
 .text.MFRC522_Init
                0x000000000800159e       0x40 ./Drivers/Device/MFRC522.o
                0x000000000800159e                MFRC522_Init
 .text.PCD_WriteRegister
                0x00000000080015de       0x60 ./Drivers/Device/MFRC522.o
                0x00000000080015de                PCD_WriteRegister
 .text.PCD_WriteRegisters
                0x000000000800163e       0x5e ./Drivers/Device/MFRC522.o
                0x000000000800163e                PCD_WriteRegisters
 .text.PCD_ReadRegister
                0x000000000800169c       0x64 ./Drivers/Device/MFRC522.o
                0x000000000800169c                PCD_ReadRegister
 .text.PCD_ReadRegisters
                0x0000000008001700      0x104 ./Drivers/Device/MFRC522.o
                0x0000000008001700                PCD_ReadRegisters
 .text.PCD_SetRegisterBitMask
                0x0000000008001804       0x38 ./Drivers/Device/MFRC522.o
                0x0000000008001804                PCD_SetRegisterBitMask
 .text.PCD_ClearRegisterBitMask
                0x000000000800183c       0x42 ./Drivers/Device/MFRC522.o
                0x000000000800183c                PCD_ClearRegisterBitMask
 .text.PCD_CalculateCRC
                0x000000000800187e       0xae ./Drivers/Device/MFRC522.o
                0x000000000800187e                PCD_CalculateCRC
 .text.PCD_Init
                0x000000000800192c      0x1ac ./Drivers/Device/MFRC522.o
                0x000000000800192c                PCD_Init
 .text.PCD_Reset
                0x0000000008001ad8       0x42 ./Drivers/Device/MFRC522.o
                0x0000000008001ad8                PCD_Reset
 .text.PCD_AntennaOn
                0x0000000008001b1a       0x38 ./Drivers/Device/MFRC522.o
                0x0000000008001b1a                PCD_AntennaOn
 .text.PCD_TransceiveData
                0x0000000008001b52       0x46 ./Drivers/Device/MFRC522.o
                0x0000000008001b52                PCD_TransceiveData
 .text.PCD_CommunicateWithPICC
                0x0000000008001b98      0x1f2 ./Drivers/Device/MFRC522.o
                0x0000000008001b98                PCD_CommunicateWithPICC
 .text.PICC_RequestA
                0x0000000008001d8a       0x22 ./Drivers/Device/MFRC522.o
                0x0000000008001d8a                PICC_RequestA
 .text.PICC_REQA_or_WUPA
                0x0000000008001dac       0x7a ./Drivers/Device/MFRC522.o
                0x0000000008001dac                PICC_REQA_or_WUPA
 .text.PICC_Select
                0x0000000008001e26      0x4f6 ./Drivers/Device/MFRC522.o
                0x0000000008001e26                PICC_Select
 .text.PICC_HaltA
                0x000000000800231c       0x70 ./Drivers/Device/MFRC522.o
                0x000000000800231c                PICC_HaltA
 .text.PCD_Authenticate
                0x000000000800238c       0xa0 ./Drivers/Device/MFRC522.o
                0x000000000800238c                PCD_Authenticate
 .text.PCD_StopCrypto1
                0x000000000800242c       0x1a ./Drivers/Device/MFRC522.o
                0x000000000800242c                PCD_StopCrypto1
 .text.MIFARE_Read
                0x0000000008002446       0x72 ./Drivers/Device/MFRC522.o
                0x0000000008002446                MIFARE_Read
 .text.GetStatusCodeName
                0x00000000080024b8       0xa0 ./Drivers/Device/MFRC522.o
                0x00000000080024b8                GetStatusCodeName
 .text.PCD_DumpVersionToSerial
                0x0000000008002558       0xf0 ./Drivers/Device/MFRC522.o
                0x0000000008002558                PCD_DumpVersionToSerial
 .text.PICC_IsNewCardPresent
                0x0000000008002648       0x5e ./Drivers/Device/MFRC522.o
                0x0000000008002648                PICC_IsNewCardPresent
 *fill*         0x00000000080026a6        0x2 
 .text.PICC_ReadCardSerial
                0x00000000080026a8       0x40 ./Drivers/Device/MFRC522.o
                0x00000000080026a8                PICC_ReadCardSerial
 .text.HAL_Init
                0x00000000080026e8       0x44 ./Drivers/STM32F4xx_HAL_Driver/Src/stm32f4xx_hal.o
                0x00000000080026e8                HAL_Init
 .text.HAL_InitTick
                0x000000000800272c       0x60 ./Drivers/STM32F4xx_HAL_Driver/Src/stm32f4xx_hal.o
                0x000000000800272c                HAL_InitTick
 .text.HAL_IncTick
                0x000000000800278c       0x28 ./Drivers/STM32F4xx_HAL_Driver/Src/stm32f4xx_hal.o
                0x000000000800278c                HAL_IncTick
 .text.HAL_GetTick
                0x00000000080027b4       0x18 ./Drivers/STM32F4xx_HAL_Driver/Src/stm32f4xx_hal.o
                0x00000000080027b4                HAL_GetTick
 .text.HAL_Delay
                0x00000000080027cc       0x48 ./Drivers/STM32F4xx_HAL_Driver/Src/stm32f4xx_hal.o
                0x00000000080027cc                HAL_Delay
 .text.__NVIC_SetPriorityGrouping
                0x0000000008002814       0x48 ./Drivers/STM32F4xx_HAL_Driver/Src/stm32f4xx_hal_cortex.o
 .text.__NVIC_GetPriorityGrouping
                0x000000000800285c       0x1c ./Drivers/STM32F4xx_HAL_Driver/Src/stm32f4xx_hal_cortex.o
 .text.__NVIC_EnableIRQ
                0x0000000008002878       0x3c ./Drivers/STM32F4xx_HAL_Driver/Src/stm32f4xx_hal_cortex.o
 .text.__NVIC_SetPriority
                0x00000000080028b4       0x54 ./Drivers/STM32F4xx_HAL_Driver/Src/stm32f4xx_hal_cortex.o
 .text.NVIC_EncodePriority
                0x0000000008002908       0x66 ./Drivers/STM32F4xx_HAL_Driver/Src/stm32f4xx_hal_cortex.o
 *fill*         0x000000000800296e        0x2 
 .text.SysTick_Config
                0x0000000008002970       0x44 ./Drivers/STM32F4xx_HAL_Driver/Src/stm32f4xx_hal_cortex.o
 .text.HAL_NVIC_SetPriorityGrouping
                0x00000000080029b4       0x16 ./Drivers/STM32F4xx_HAL_Driver/Src/stm32f4xx_hal_cortex.o
                0x00000000080029b4                HAL_NVIC_SetPriorityGrouping
 .text.HAL_NVIC_SetPriority
                0x00000000080029ca       0x38 ./Drivers/STM32F4xx_HAL_Driver/Src/stm32f4xx_hal_cortex.o
                0x00000000080029ca                HAL_NVIC_SetPriority
 .text.HAL_NVIC_EnableIRQ
                0x0000000008002a02       0x1c ./Drivers/STM32F4xx_HAL_Driver/Src/stm32f4xx_hal_cortex.o
                0x0000000008002a02                HAL_NVIC_EnableIRQ
 .text.HAL_SYSTICK_Config
                0x0000000008002a1e       0x18 ./Drivers/STM32F4xx_HAL_Driver/Src/stm32f4xx_hal_cortex.o
                0x0000000008002a1e                HAL_SYSTICK_Config
 *fill*         0x0000000008002a36        0x2 
 .text.HAL_DMA_Init
                0x0000000008002a38      0x15c ./Drivers/STM32F4xx_HAL_Driver/Src/stm32f4xx_hal_dma.o
                0x0000000008002a38                HAL_DMA_Init
 .text.HAL_DMA_IRQHandler
                0x0000000008002b94      0x314 ./Drivers/STM32F4xx_HAL_Driver/Src/stm32f4xx_hal_dma.o
                0x0000000008002b94                HAL_DMA_IRQHandler
 .text.DMA_CalcBaseAndBitshift
                0x0000000008002ea8       0x6c ./Drivers/STM32F4xx_HAL_Driver/Src/stm32f4xx_hal_dma.o
 .text.DMA_CheckFifoParam
                0x0000000008002f14       0xf8 ./Drivers/STM32F4xx_HAL_Driver/Src/stm32f4xx_hal_dma.o
 .text.HAL_ETH_Init
                0x000000000800300c       0xfc ./Drivers/STM32F4xx_HAL_Driver/Src/stm32f4xx_hal_eth.o
                0x000000000800300c                HAL_ETH_Init
 .text.HAL_ETH_IRQHandler
                0x0000000008003108      0x184 ./Drivers/STM32F4xx_HAL_Driver/Src/stm32f4xx_hal_eth.o
                0x0000000008003108                HAL_ETH_IRQHandler
 .text.HAL_ETH_TxCpltCallback
                0x000000000800328c       0x14 ./Drivers/STM32F4xx_HAL_Driver/Src/stm32f4xx_hal_eth.o
                0x000000000800328c                HAL_ETH_TxCpltCallback
 .text.HAL_ETH_RxCpltCallback
                0x00000000080032a0       0x14 ./Drivers/STM32F4xx_HAL_Driver/Src/stm32f4xx_hal_eth.o
                0x00000000080032a0                HAL_ETH_RxCpltCallback
 .text.HAL_ETH_ErrorCallback
                0x00000000080032b4       0x14 ./Drivers/STM32F4xx_HAL_Driver/Src/stm32f4xx_hal_eth.o
                0x00000000080032b4                HAL_ETH_ErrorCallback
 .text.HAL_ETH_PMTCallback
                0x00000000080032c8       0x14 ./Drivers/STM32F4xx_HAL_Driver/Src/stm32f4xx_hal_eth.o
                0x00000000080032c8                HAL_ETH_PMTCallback
 .text.HAL_ETH_WakeUpCallback
                0x00000000080032dc       0x14 ./Drivers/STM32F4xx_HAL_Driver/Src/stm32f4xx_hal_eth.o
                0x00000000080032dc                HAL_ETH_WakeUpCallback
 .text.ETH_SetMACConfig
                0x00000000080032f0      0x160 ./Drivers/STM32F4xx_HAL_Driver/Src/stm32f4xx_hal_eth.o
 .text.ETH_SetDMAConfig
                0x0000000008003450      0x114 ./Drivers/STM32F4xx_HAL_Driver/Src/stm32f4xx_hal_eth.o
 .text.ETH_MACDMAConfig
                0x0000000008003564       0xe4 ./Drivers/STM32F4xx_HAL_Driver/Src/stm32f4xx_hal_eth.o
 .text.ETH_MACAddressConfig
                0x0000000008003648       0x70 ./Drivers/STM32F4xx_HAL_Driver/Src/stm32f4xx_hal_eth.o
 .text.ETH_DMATxDescListInit
                0x00000000080036b8       0xb2 ./Drivers/STM32F4xx_HAL_Driver/Src/stm32f4xx_hal_eth.o
 .text.ETH_DMARxDescListInit
                0x000000000800376a       0xda ./Drivers/STM32F4xx_HAL_Driver/Src/stm32f4xx_hal_eth.o
 .text.HAL_GPIO_Init
                0x0000000008003844      0x358 ./Drivers/STM32F4xx_HAL_Driver/Src/stm32f4xx_hal_gpio.o
                0x0000000008003844                HAL_GPIO_Init
 .text.HAL_GPIO_ReadPin
                0x0000000008003b9c       0x30 ./Drivers/STM32F4xx_HAL_Driver/Src/stm32f4xx_hal_gpio.o
                0x0000000008003b9c                HAL_GPIO_ReadPin
 .text.HAL_GPIO_WritePin
                0x0000000008003bcc       0x32 ./Drivers/STM32F4xx_HAL_Driver/Src/stm32f4xx_hal_gpio.o
                0x0000000008003bcc                HAL_GPIO_WritePin
 *fill*         0x0000000008003bfe        0x2 
 .text.HAL_GPIO_EXTI_IRQHandler
                0x0000000008003c00       0x30 ./Drivers/STM32F4xx_HAL_Driver/Src/stm32f4xx_hal_gpio.o
                0x0000000008003c00                HAL_GPIO_EXTI_IRQHandler
 .text.HAL_I2C_Init
                0x0000000008003c30      0x288 ./Drivers/STM32F4xx_HAL_Driver/Src/stm32f4xx_hal_i2c.o
                0x0000000008003c30                HAL_I2C_Init
 .text.HAL_I2CEx_ConfigAnalogFilter
                0x0000000008003eb8       0x78 ./Drivers/STM32F4xx_HAL_Driver/Src/stm32f4xx_hal_i2c_ex.o
                0x0000000008003eb8                HAL_I2CEx_ConfigAnalogFilter
 .text.HAL_I2CEx_ConfigDigitalFilter
                0x0000000008003f30       0x7e ./Drivers/STM32F4xx_HAL_Driver/Src/stm32f4xx_hal_i2c_ex.o
                0x0000000008003f30                HAL_I2CEx_ConfigDigitalFilter
 .text.HAL_PCD_Init
                0x0000000008003fae      0x23a ./Drivers/STM32F4xx_HAL_Driver/Src/stm32f4xx_hal_pcd.o
                0x0000000008003fae                HAL_PCD_Init
 .text.HAL_RCC_OscConfig
                0x00000000080041e8      0x4f0 ./Drivers/STM32F4xx_HAL_Driver/Src/stm32f4xx_hal_rcc.o
                0x00000000080041e8                HAL_RCC_OscConfig
 .text.HAL_RCC_ClockConfig
                0x00000000080046d8      0x1cc ./Drivers/STM32F4xx_HAL_Driver/Src/stm32f4xx_hal_rcc.o
                0x00000000080046d8                HAL_RCC_ClockConfig
 .text.HAL_RCC_GetSysClockFreq
                0x00000000080048a4      0x20c ./Drivers/STM32F4xx_HAL_Driver/Src/stm32f4xx_hal_rcc.o
                0x00000000080048a4                HAL_RCC_GetSysClockFreq
 .text.HAL_RCC_GetHCLKFreq
                0x0000000008004ab0       0x18 ./Drivers/STM32F4xx_HAL_Driver/Src/stm32f4xx_hal_rcc.o
                0x0000000008004ab0                HAL_RCC_GetHCLKFreq
 .text.HAL_RCC_GetPCLK1Freq
                0x0000000008004ac8       0x28 ./Drivers/STM32F4xx_HAL_Driver/Src/stm32f4xx_hal_rcc.o
                0x0000000008004ac8                HAL_RCC_GetPCLK1Freq
 .text.HAL_RCC_GetPCLK2Freq
                0x0000000008004af0       0x28 ./Drivers/STM32F4xx_HAL_Driver/Src/stm32f4xx_hal_rcc.o
                0x0000000008004af0                HAL_RCC_GetPCLK2Freq
 .text.HAL_SPI_Init
                0x0000000008004b18      0x112 ./Drivers/STM32F4xx_HAL_Driver/Src/stm32f4xx_hal_spi.o
                0x0000000008004b18                HAL_SPI_Init
 .text.HAL_SPI_Transmit
                0x0000000008004c2a      0x278 ./Drivers/STM32F4xx_HAL_Driver/Src/stm32f4xx_hal_spi.o
                0x0000000008004c2a                HAL_SPI_Transmit
 .text.HAL_SPI_Receive
                0x0000000008004ea2      0x222 ./Drivers/STM32F4xx_HAL_Driver/Src/stm32f4xx_hal_spi.o
                0x0000000008004ea2                HAL_SPI_Receive
 .text.HAL_SPI_TransmitReceive
                0x00000000080050c4      0x344 ./Drivers/STM32F4xx_HAL_Driver/Src/stm32f4xx_hal_spi.o
                0x00000000080050c4                HAL_SPI_TransmitReceive
 .text.SPI_WaitFlagStateUntilTimeout
                0x0000000008005408      0x110 ./Drivers/STM32F4xx_HAL_Driver/Src/stm32f4xx_hal_spi.o
 .text.SPI_EndRxTransaction
                0x0000000008005518       0xca ./Drivers/STM32F4xx_HAL_Driver/Src/stm32f4xx_hal_spi.o
 *fill*         0x00000000080055e2        0x2 
 .text.SPI_EndRxTxTransaction
                0x00000000080055e4       0x84 ./Drivers/STM32F4xx_HAL_Driver/Src/stm32f4xx_hal_spi.o
 .text.HAL_TIM_Base_Init
                0x0000000008005668       0x9e ./Drivers/STM32F4xx_HAL_Driver/Src/stm32f4xx_hal_tim.o
                0x0000000008005668                HAL_TIM_Base_Init
 .text.HAL_TIM_PWM_Init
                0x0000000008005706       0x9e ./Drivers/STM32F4xx_HAL_Driver/Src/stm32f4xx_hal_tim.o
                0x0000000008005706                HAL_TIM_PWM_Init
 .text.HAL_TIM_PWM_MspInit
                0x00000000080057a4       0x14 ./Drivers/STM32F4xx_HAL_Driver/Src/stm32f4xx_hal_tim.o
                0x00000000080057a4                HAL_TIM_PWM_MspInit
 .text.HAL_TIM_IRQHandler
                0x00000000080057b8      0x210 ./Drivers/STM32F4xx_HAL_Driver/Src/stm32f4xx_hal_tim.o
                0x00000000080057b8                HAL_TIM_IRQHandler
 .text.HAL_TIM_PWM_ConfigChannel
                0x00000000080059c8      0x184 ./Drivers/STM32F4xx_HAL_Driver/Src/stm32f4xx_hal_tim.o
                0x00000000080059c8                HAL_TIM_PWM_ConfigChannel
 .text.HAL_TIM_ConfigClockSource
                0x0000000008005b4c      0x18e ./Drivers/STM32F4xx_HAL_Driver/Src/stm32f4xx_hal_tim.o
                0x0000000008005b4c                HAL_TIM_ConfigClockSource
 .text.HAL_TIM_OC_DelayElapsedCallback
                0x0000000008005cda       0x14 ./Drivers/STM32F4xx_HAL_Driver/Src/stm32f4xx_hal_tim.o
                0x0000000008005cda                HAL_TIM_OC_DelayElapsedCallback
 .text.HAL_TIM_IC_CaptureCallback
                0x0000000008005cee       0x14 ./Drivers/STM32F4xx_HAL_Driver/Src/stm32f4xx_hal_tim.o
                0x0000000008005cee                HAL_TIM_IC_CaptureCallback
 .text.HAL_TIM_PWM_PulseFinishedCallback
                0x0000000008005d02       0x14 ./Drivers/STM32F4xx_HAL_Driver/Src/stm32f4xx_hal_tim.o
                0x0000000008005d02                HAL_TIM_PWM_PulseFinishedCallback
 .text.HAL_TIM_TriggerCallback
                0x0000000008005d16       0x14 ./Drivers/STM32F4xx_HAL_Driver/Src/stm32f4xx_hal_tim.o
                0x0000000008005d16                HAL_TIM_TriggerCallback
 *fill*         0x0000000008005d2a        0x2 
 .text.TIM_Base_SetConfig
                0x0000000008005d2c      0x140 ./Drivers/STM32F4xx_HAL_Driver/Src/stm32f4xx_hal_tim.o
                0x0000000008005d2c                TIM_Base_SetConfig
 .text.TIM_OC1_SetConfig
                0x0000000008005e6c       0xe0 ./Drivers/STM32F4xx_HAL_Driver/Src/stm32f4xx_hal_tim.o
 .text.TIM_OC2_SetConfig
                0x0000000008005f4c       0xec ./Drivers/STM32F4xx_HAL_Driver/Src/stm32f4xx_hal_tim.o
                0x0000000008005f4c                TIM_OC2_SetConfig
 .text.TIM_OC3_SetConfig
                0x0000000008006038       0xe8 ./Drivers/STM32F4xx_HAL_Driver/Src/stm32f4xx_hal_tim.o
 .text.TIM_OC4_SetConfig
                0x0000000008006120       0xac ./Drivers/STM32F4xx_HAL_Driver/Src/stm32f4xx_hal_tim.o
 .text.TIM_TI1_ConfigInputStage
                0x00000000080061cc       0x5e ./Drivers/STM32F4xx_HAL_Driver/Src/stm32f4xx_hal_tim.o
 .text.TIM_TI2_ConfigInputStage
                0x000000000800622a       0x60 ./Drivers/STM32F4xx_HAL_Driver/Src/stm32f4xx_hal_tim.o
 .text.TIM_ITRx_SetConfig
                0x000000000800628a       0x36 ./Drivers/STM32F4xx_HAL_Driver/Src/stm32f4xx_hal_tim.o
 .text.TIM_ETR_SetConfig
                0x00000000080062c0       0x40 ./Drivers/STM32F4xx_HAL_Driver/Src/stm32f4xx_hal_tim.o
                0x00000000080062c0                TIM_ETR_SetConfig
 .text.HAL_TIMEx_MasterConfigSynchronization
                0x0000000008006300       0xf8 ./Drivers/STM32F4xx_HAL_Driver/Src/stm32f4xx_hal_tim_ex.o
                0x0000000008006300                HAL_TIMEx_MasterConfigSynchronization
 .text.HAL_TIMEx_ConfigBreakDeadTime
                0x00000000080063f8       0xa4 ./Drivers/STM32F4xx_HAL_Driver/Src/stm32f4xx_hal_tim_ex.o
                0x00000000080063f8                HAL_TIMEx_ConfigBreakDeadTime
 .text.HAL_TIMEx_CommutCallback
                0x000000000800649c       0x14 ./Drivers/STM32F4xx_HAL_Driver/Src/stm32f4xx_hal_tim_ex.o
                0x000000000800649c                HAL_TIMEx_CommutCallback
 .text.HAL_TIMEx_BreakCallback
                0x00000000080064b0       0x14 ./Drivers/STM32F4xx_HAL_Driver/Src/stm32f4xx_hal_tim_ex.o
                0x00000000080064b0                HAL_TIMEx_BreakCallback
 .text.HAL_UART_Init
                0x00000000080064c4       0x9a ./Drivers/STM32F4xx_HAL_Driver/Src/stm32f4xx_hal_uart.o
                0x00000000080064c4                HAL_UART_Init
 *fill*         0x000000000800655e        0x2 
 .text.UART_SetConfig
                0x0000000008006560      0x4e8 ./Drivers/STM32F4xx_HAL_Driver/Src/stm32f4xx_hal_uart.o
 .text.USB_CoreInit
                0x0000000008006a48       0xc2 ./Drivers/STM32F4xx_HAL_Driver/Src/stm32f4xx_ll_usb.o
                0x0000000008006a48                USB_CoreInit
 .text.USB_DisableGlobalInt
                0x0000000008006b0a       0x22 ./Drivers/STM32F4xx_HAL_Driver/Src/stm32f4xx_ll_usb.o
                0x0000000008006b0a                USB_DisableGlobalInt
 .text.USB_SetCurrentMode
                0x0000000008006b2c       0x98 ./Drivers/STM32F4xx_HAL_Driver/Src/stm32f4xx_ll_usb.o
                0x0000000008006b2c                USB_SetCurrentMode
 .text.USB_DevInit
                0x0000000008006bc4      0x2c8 ./Drivers/STM32F4xx_HAL_Driver/Src/stm32f4xx_ll_usb.o
                0x0000000008006bc4                USB_DevInit
 .text.USB_FlushTxFifo
                0x0000000008006e8c       0x68 ./Drivers/STM32F4xx_HAL_Driver/Src/stm32f4xx_ll_usb.o
                0x0000000008006e8c                USB_FlushTxFifo
 .text.USB_FlushRxFifo
                0x0000000008006ef4       0x60 ./Drivers/STM32F4xx_HAL_Driver/Src/stm32f4xx_ll_usb.o
                0x0000000008006ef4                USB_FlushRxFifo
 .text.USB_SetDevSpeed
                0x0000000008006f54       0x32 ./Drivers/STM32F4xx_HAL_Driver/Src/stm32f4xx_ll_usb.o
                0x0000000008006f54                USB_SetDevSpeed
 .text.USB_DevDisconnect
                0x0000000008006f86       0x42 ./Drivers/STM32F4xx_HAL_Driver/Src/stm32f4xx_ll_usb.o
                0x0000000008006f86                USB_DevDisconnect
 .text.USB_GetMode
                0x0000000008006fc8       0x1c ./Drivers/STM32F4xx_HAL_Driver/Src/stm32f4xx_ll_usb.o
                0x0000000008006fc8                USB_GetMode
 .text.USB_CoreReset
                0x0000000008006fe4       0x68 ./Drivers/STM32F4xx_HAL_Driver/Src/stm32f4xx_ll_usb.o
 .text._DoInit  0x000000000800704c       0xb4 ./Utils/SEGGER_RTT.o
 .text._WriteBlocking
                0x0000000008007100       0xba ./Utils/SEGGER_RTT.o
 .text._WriteNoCheck
                0x00000000080071ba       0x90 ./Utils/SEGGER_RTT.o
 .text._GetAvailWriteSpace
                0x000000000800724a       0x46 ./Utils/SEGGER_RTT.o
 .text.SEGGER_RTT_WriteNoLock
                0x0000000008007290       0xa0 ./Utils/SEGGER_RTT.o
                0x0000000008007290                SEGGER_RTT_WriteNoLock
 .text.SEGGER_RTT_Write
                0x0000000008007330       0x4c ./Utils/SEGGER_RTT.o
                0x0000000008007330                SEGGER_RTT_Write
 .text._StoreChar
                0x000000000800737c       0x7c ./Utils/SEGGER_RTT_printf.o
 .text._PrintUnsigned
                0x00000000080073f8      0x158 ./Utils/SEGGER_RTT_printf.o
 .text._PrintInt
                0x0000000008007550      0x14e ./Utils/SEGGER_RTT_printf.o
 *fill*         0x000000000800769e        0x2 
 .text.SEGGER_RTT_vprintf
                0x00000000080076a0      0x3a8 ./Utils/SEGGER_RTT_printf.o
                0x00000000080076a0                SEGGER_RTT_vprintf
 .text.SEGGER_RTT_printf
                0x0000000008007a48       0x30 ./Utils/SEGGER_RTT_printf.o
                0x0000000008007a48                SEGGER_RTT_printf
 .text.memset   0x0000000008007a78       0x10 C:/ST/STM32CubeIDE_1.13.2/STM32CubeIDE/plugins/com.st.stm32cube.ide.mcu.externaltools.gnu-tools-for-stm32.11.3.rel1.win32_1.1.1.202309131626/tools/bin/../lib/gcc/arm-none-eabi/11.3.1/../../../../arm-none-eabi/lib/thumb/v7e-m+fp/hard\libc_nano.a(libc_a-memset.o)
                0x0000000008007a78                memset
 .text.__libc_init_array
                0x0000000008007a88       0x48 C:/ST/STM32CubeIDE_1.13.2/STM32CubeIDE/plugins/com.st.stm32cube.ide.mcu.externaltools.gnu-tools-for-stm32.11.3.rel1.win32_1.1.1.202309131626/tools/bin/../lib/gcc/arm-none-eabi/11.3.1/../../../../arm-none-eabi/lib/thumb/v7e-m+fp/hard\libc_nano.a(libc_a-init.o)
                0x0000000008007a88                __libc_init_array
 .text.memcpy   0x0000000008007ad0       0x1c C:/ST/STM32CubeIDE_1.13.2/STM32CubeIDE/plugins/com.st.stm32cube.ide.mcu.externaltools.gnu-tools-for-stm32.11.3.rel1.win32_1.1.1.202309131626/tools/bin/../lib/gcc/arm-none-eabi/11.3.1/../../../../arm-none-eabi/lib/thumb/v7e-m+fp/hard\libc_nano.a(libc_a-memcpy-stub.o)
                0x0000000008007ad0                memcpy
 *(.glue_7)
 .glue_7        0x0000000008007aec        0x0 linker stubs
 *(.glue_7t)
 .glue_7t       0x0000000008007aec        0x0 linker stubs
 *(.eh_frame)
 .eh_frame      0x0000000008007aec        0x0 C:/ST/STM32CubeIDE_1.13.2/STM32CubeIDE/plugins/com.st.stm32cube.ide.mcu.externaltools.gnu-tools-for-stm32.11.3.rel1.win32_1.1.1.202309131626/tools/bin/../lib/gcc/arm-none-eabi/11.3.1/thumb/v7e-m+fp/hard/crtbegin.o
 *(.init)
 .init          0x0000000008007aec        0x4 C:/ST/STM32CubeIDE_1.13.2/STM32CubeIDE/plugins/com.st.stm32cube.ide.mcu.externaltools.gnu-tools-for-stm32.11.3.rel1.win32_1.1.1.202309131626/tools/bin/../lib/gcc/arm-none-eabi/11.3.1/thumb/v7e-m+fp/hard/crti.o
                0x0000000008007aec                _init
 .init          0x0000000008007af0        0x8 C:/ST/STM32CubeIDE_1.13.2/STM32CubeIDE/plugins/com.st.stm32cube.ide.mcu.externaltools.gnu-tools-for-stm32.11.3.rel1.win32_1.1.1.202309131626/tools/bin/../lib/gcc/arm-none-eabi/11.3.1/thumb/v7e-m+fp/hard/crtn.o
 *(.fini)
 .fini          0x0000000008007af8        0x4 C:/ST/STM32CubeIDE_1.13.2/STM32CubeIDE/plugins/com.st.stm32cube.ide.mcu.externaltools.gnu-tools-for-stm32.11.3.rel1.win32_1.1.1.202309131626/tools/bin/../lib/gcc/arm-none-eabi/11.3.1/thumb/v7e-m+fp/hard/crti.o
                0x0000000008007af8                _fini
 .fini          0x0000000008007afc        0x8 C:/ST/STM32CubeIDE_1.13.2/STM32CubeIDE/plugins/com.st.stm32cube.ide.mcu.externaltools.gnu-tools-for-stm32.11.3.rel1.win32_1.1.1.202309131626/tools/bin/../lib/gcc/arm-none-eabi/11.3.1/thumb/v7e-m+fp/hard/crtn.o
                0x0000000008007b04                . = ALIGN (0x4)
                0x0000000008007b04                _etext = .

.vfp11_veneer   0x0000000008007b04        0x0
 .vfp11_veneer  0x0000000008007b04        0x0 linker stubs

.v4_bx          0x0000000008007b04        0x0
 .v4_bx         0x0000000008007b04        0x0 linker stubs

.iplt           0x0000000008007b04        0x0
 .iplt          0x0000000008007b04        0x0 C:/ST/STM32CubeIDE_1.13.2/STM32CubeIDE/plugins/com.st.stm32cube.ide.mcu.externaltools.gnu-tools-for-stm32.11.3.rel1.win32_1.1.1.202309131626/tools/bin/../lib/gcc/arm-none-eabi/11.3.1/thumb/v7e-m+fp/hard/crtbegin.o

.rodata         0x0000000008007b04      0x830
                0x0000000008007b04                . = ALIGN (0x4)
 *(.rodata)
 .rodata        0x0000000008007b04      0x126 ./Core/Src/main.o
 *fill*         0x0000000008007c2a        0x2 
 .rodata        0x0000000008007c2c      0x6b5 ./Drivers/Device/MFRC522.o
 *fill*         0x00000000080082e1        0x3 
 .rodata        0x00000000080082e4        0x9 ./Utils/SEGGER_RTT.o
 *(.rodata*)
 *fill*         0x00000000080082ed        0x3 
 .rodata.AHBPrescTable
                0x00000000080082f0       0x10 ./Core/Src/system_stm32f4xx.o
                0x00000000080082f0                AHBPrescTable
 .rodata.APBPrescTable
                0x0000000008008300        0x8 ./Core/Src/system_stm32f4xx.o
                0x0000000008008300                APBPrescTable
 .rodata.flagBitshiftOffset.0
                0x0000000008008308        0x8 ./Drivers/STM32F4xx_HAL_Driver/Src/stm32f4xx_hal_dma.o
 .rodata._aInitStr.0
                0x0000000008008310       0x11 ./Utils/SEGGER_RTT.o
 *fill*         0x0000000008008321        0x3 
 .rodata._aV2C.0
                0x0000000008008324       0x10 ./Utils/SEGGER_RTT_printf.o
                0x0000000008008334                . = ALIGN (0x4)

.ARM.extab      0x0000000008008334        0x0
                0x0000000008008334                . = ALIGN (0x4)
 *(.ARM.extab* .gnu.linkonce.armextab.*)
                0x0000000008008334                . = ALIGN (0x4)

.ARM            0x0000000008008334        0x8
                0x0000000008008334                . = ALIGN (0x4)
                0x0000000008008334                __exidx_start = .
 *(.ARM.exidx*)
 .ARM.exidx     0x0000000008008334        0x8 C:/ST/STM32CubeIDE_1.13.2/STM32CubeIDE/plugins/com.st.stm32cube.ide.mcu.externaltools.gnu-tools-for-stm32.11.3.rel1.win32_1.1.1.202309131626/tools/bin/../lib/gcc/arm-none-eabi/11.3.1/thumb/v7e-m+fp/hard\libgcc.a(_udivmoddi4.o)
                0x000000000800833c                __exidx_end = .
                0x000000000800833c                . = ALIGN (0x4)

.rel.dyn        0x000000000800833c        0x0
 .rel.iplt      0x000000000800833c        0x0 C:/ST/STM32CubeIDE_1.13.2/STM32CubeIDE/plugins/com.st.stm32cube.ide.mcu.externaltools.gnu-tools-for-stm32.11.3.rel1.win32_1.1.1.202309131626/tools/bin/../lib/gcc/arm-none-eabi/11.3.1/thumb/v7e-m+fp/hard/crtbegin.o

.preinit_array  0x000000000800833c        0x0
                0x000000000800833c                . = ALIGN (0x4)
                0x000000000800833c                PROVIDE (__preinit_array_start = .)
 *(.preinit_array*)
                0x000000000800833c                PROVIDE (__preinit_array_end = .)
                0x000000000800833c                . = ALIGN (0x4)

.init_array     0x000000000800833c        0x4
                0x000000000800833c                . = ALIGN (0x4)
                0x000000000800833c                PROVIDE (__init_array_start = .)
 *(SORT_BY_NAME(.init_array.*))
 *(.init_array*)
 .init_array    0x000000000800833c        0x4 C:/ST/STM32CubeIDE_1.13.2/STM32CubeIDE/plugins/com.st.stm32cube.ide.mcu.externaltools.gnu-tools-for-stm32.11.3.rel1.win32_1.1.1.202309131626/tools/bin/../lib/gcc/arm-none-eabi/11.3.1/thumb/v7e-m+fp/hard/crtbegin.o
                0x0000000008008340                PROVIDE (__init_array_end = .)
                0x0000000008008340                . = ALIGN (0x4)

.fini_array     0x0000000008008340        0x4
                0x0000000008008340                . = ALIGN (0x4)
                [!provide]                        PROVIDE (__fini_array_start = .)
 *(SORT_BY_NAME(.fini_array.*))
 *(.fini_array*)
 .fini_array    0x0000000008008340        0x4 C:/ST/STM32CubeIDE_1.13.2/STM32CubeIDE/plugins/com.st.stm32cube.ide.mcu.externaltools.gnu-tools-for-stm32.11.3.rel1.win32_1.1.1.202309131626/tools/bin/../lib/gcc/arm-none-eabi/11.3.1/thumb/v7e-m+fp/hard/crtbegin.o
                [!provide]                        PROVIDE (__fini_array_end = .)
                0x0000000008008344                . = ALIGN (0x4)
                0x0000000008008344                _sidata = LOADADDR (.data)

.data           0x0000000020000000       0x14 load address 0x0000000008008344
                0x0000000020000000                . = ALIGN (0x4)
                0x0000000020000000                _sdata = .
 *(.data)
 *(.data*)
 .data.isButtonPressed
                0x0000000020000000        0x4 ./Core/Src/main.o
                0x0000000020000000                isButtonPressed
 .data._pressed
                0x0000000020000004        0x4 ./Core/Src/main.o
 .data.SystemCoreClock
                0x0000000020000008        0x4 ./Core/Src/system_stm32f4xx.o
                0x0000000020000008                SystemCoreClock
 .data.uwTickPrio
                0x000000002000000c        0x4 ./Drivers/STM32F4xx_HAL_Driver/Src/stm32f4xx_hal.o
                0x000000002000000c                uwTickPrio
 .data.uwTickFreq
                0x0000000020000010        0x1 ./Drivers/STM32F4xx_HAL_Driver/Src/stm32f4xx_hal.o
                0x0000000020000010                uwTickFreq
 *(.RamFunc)
 *(.RamFunc*)
                0x0000000020000014                . = ALIGN (0x4)
 *fill*         0x0000000020000011        0x3 
                0x0000000020000014                _edata = .
                0x0000000008008358                _siccmram = LOADADDR (.ccmram)

.igot.plt       0x0000000020000014        0x0 load address 0x0000000008008358
 .igot.plt      0x0000000020000014        0x0 C:/ST/STM32CubeIDE_1.13.2/STM32CubeIDE/plugins/com.st.stm32cube.ide.mcu.externaltools.gnu-tools-for-stm32.11.3.rel1.win32_1.1.1.202309131626/tools/bin/../lib/gcc/arm-none-eabi/11.3.1/thumb/v7e-m+fp/hard/crtbegin.o

.ccmram         0x0000000010000000        0x0 load address 0x0000000008008358
                0x0000000010000000                . = ALIGN (0x4)
                0x0000000010000000                _sccmram = .
 *(.ccmram)
 *(.ccmram*)
                0x0000000010000000                . = ALIGN (0x4)
                0x0000000010000000                _eccmram = .
                0x0000000010000000                . = ALIGN (0x4)

.bss            0x0000000020000014      0xe1c
                0x0000000020000014                _sbss = .
                0x0000000020000014                __bss_start__ = _sbss
 *(.bss)
 .bss           0x0000000020000014       0x1c C:/ST/STM32CubeIDE_1.13.2/STM32CubeIDE/plugins/com.st.stm32cube.ide.mcu.externaltools.gnu-tools-for-stm32.11.3.rel1.win32_1.1.1.202309131626/tools/bin/../lib/gcc/arm-none-eabi/11.3.1/thumb/v7e-m+fp/hard/crtbegin.o
 *(.bss*)
 .bss.TxConfig  0x0000000020000030       0x38 ./Core/Src/main.o
                0x0000000020000030                TxConfig
 .bss.DMARxDscrTab
                0x0000000020000068       0xa0 ./Core/Src/main.o
                0x0000000020000068                DMARxDscrTab
 .bss.DMATxDscrTab
                0x0000000020000108       0xa0 ./Core/Src/main.o
                0x0000000020000108                DMATxDscrTab
 .bss.heth      0x00000000200001a8       0xb0 ./Core/Src/main.o
                0x00000000200001a8                heth
 .bss.hi2c1     0x0000000020000258       0x54 ./Core/Src/main.o
                0x0000000020000258                hi2c1
 .bss.hspi1     0x00000000200002ac       0x58 ./Core/Src/main.o
                0x00000000200002ac                hspi1
 .bss.htim1     0x0000000020000304       0x48 ./Core/Src/main.o
                0x0000000020000304                htim1
 .bss.htim6     0x000000002000034c       0x48 ./Core/Src/main.o
                0x000000002000034c                htim6
 .bss.hdma_tim1_ch1
                0x0000000020000394       0x60 ./Core/Src/main.o
                0x0000000020000394                hdma_tim1_ch1
 .bss.huart3    0x00000000200003f4       0x44 ./Core/Src/main.o
                0x00000000200003f4                huart3
 .bss.hpcd_USB_OTG_FS
                0x0000000020000438      0x50c ./Core/Src/main.o
                0x0000000020000438                hpcd_USB_OTG_FS
 .bss._tick     0x0000000020000944        0x4 ./Core/Src/main.o
 .bss._startTick
                0x0000000020000948        0x4 ./Core/Src/main.o
 .bss.rfidReader
                0x000000002000094c       0x20 ./Core/Src/main.o
                0x000000002000094c                rfidReader
 .bss.MACAddr.1
                0x000000002000096c        0x6 ./Core/Src/main.o
 *fill*         0x0000000020000972        0x2 
 .bss.uwTick    0x0000000020000974        0x4 ./Drivers/STM32F4xx_HAL_Driver/Src/stm32f4xx_hal.o
                0x0000000020000974                uwTick
 .bss._SEGGER_RTT
                0x0000000020000978       0xa8 ./Utils/SEGGER_RTT.o
                0x0000000020000978                _SEGGER_RTT
 .bss._acUpBuffer
                0x0000000020000a20      0x400 ./Utils/SEGGER_RTT.o
 .bss._acDownBuffer
                0x0000000020000e20       0x10 ./Utils/SEGGER_RTT.o
 *(COMMON)
                0x0000000020000e30                . = ALIGN (0x4)
                0x0000000020000e30                _ebss = .
                0x0000000020000e30                __bss_end__ = _ebss

._user_heap_stack
                0x0000000020000e30      0x600
                0x0000000020000e30                . = ALIGN (0x8)
                [!provide]                        PROVIDE (end = .)
                0x0000000020000e30                PROVIDE (_end = .)
                0x0000000020001030                . = (. + _Min_Heap_Size)
 *fill*         0x0000000020000e30      0x200 
                0x0000000020001430                . = (. + _Min_Stack_Size)
 *fill*         0x0000000020001030      0x400 
                0x0000000020001430                . = ALIGN (0x8)

/DISCARD/
 libc.a(*)
 libm.a(*)
 libgcc.a(*)

.ARM.attributes
                0x0000000000000000       0x30
 *(.ARM.attributes)
 .ARM.attributes
                0x0000000000000000       0x1e C:/ST/STM32CubeIDE_1.13.2/STM32CubeIDE/plugins/com.st.stm32cube.ide.mcu.externaltools.gnu-tools-for-stm32.11.3.rel1.win32_1.1.1.202309131626/tools/bin/../lib/gcc/arm-none-eabi/11.3.1/thumb/v7e-m+fp/hard/crti.o
 .ARM.attributes
                0x000000000000001e       0x34 C:/ST/STM32CubeIDE_1.13.2/STM32CubeIDE/plugins/com.st.stm32cube.ide.mcu.externaltools.gnu-tools-for-stm32.11.3.rel1.win32_1.1.1.202309131626/tools/bin/../lib/gcc/arm-none-eabi/11.3.1/thumb/v7e-m+fp/hard/crtbegin.o
 .ARM.attributes
                0x0000000000000052       0x34 ./Core/Src/main.o
 .ARM.attributes
                0x0000000000000086       0x34 ./Core/Src/stm32f4xx_hal_msp.o
 .ARM.attributes
                0x00000000000000ba       0x34 ./Core/Src/stm32f4xx_it.o
 .ARM.attributes
                0x00000000000000ee       0x34 ./Core/Src/system_stm32f4xx.o
 .ARM.attributes
                0x0000000000000122       0x21 ./Core/Startup/startup_stm32f429zitx.o
 .ARM.attributes
                0x0000000000000143       0x34 ./Drivers/Device/MFRC522.o
 .ARM.attributes
                0x0000000000000177       0x34 ./Drivers/STM32F4xx_HAL_Driver/Src/stm32f4xx_hal.o
 .ARM.attributes
                0x00000000000001ab       0x34 ./Drivers/STM32F4xx_HAL_Driver/Src/stm32f4xx_hal_cortex.o
 .ARM.attributes
                0x00000000000001df       0x34 ./Drivers/STM32F4xx_HAL_Driver/Src/stm32f4xx_hal_dma.o
 .ARM.attributes
                0x0000000000000213       0x34 ./Drivers/STM32F4xx_HAL_Driver/Src/stm32f4xx_hal_eth.o
 .ARM.attributes
                0x0000000000000247       0x34 ./Drivers/STM32F4xx_HAL_Driver/Src/stm32f4xx_hal_gpio.o
 .ARM.attributes
                0x000000000000027b       0x34 ./Drivers/STM32F4xx_HAL_Driver/Src/stm32f4xx_hal_i2c.o
 .ARM.attributes
                0x00000000000002af       0x34 ./Drivers/STM32F4xx_HAL_Driver/Src/stm32f4xx_hal_i2c_ex.o
 .ARM.attributes
                0x00000000000002e3       0x34 ./Drivers/STM32F4xx_HAL_Driver/Src/stm32f4xx_hal_pcd.o
 .ARM.attributes
                0x0000000000000317       0x34 ./Drivers/STM32F4xx_HAL_Driver/Src/stm32f4xx_hal_rcc.o
 .ARM.attributes
                0x000000000000034b       0x34 ./Drivers/STM32F4xx_HAL_Driver/Src/stm32f4xx_hal_spi.o
 .ARM.attributes
                0x000000000000037f       0x34 ./Drivers/STM32F4xx_HAL_Driver/Src/stm32f4xx_hal_tim.o
 .ARM.attributes
                0x00000000000003b3       0x34 ./Drivers/STM32F4xx_HAL_Driver/Src/stm32f4xx_hal_tim_ex.o
 .ARM.attributes
                0x00000000000003e7       0x34 ./Drivers/STM32F4xx_HAL_Driver/Src/stm32f4xx_hal_uart.o
 .ARM.attributes
                0x000000000000041b       0x34 ./Drivers/STM32F4xx_HAL_Driver/Src/stm32f4xx_ll_usb.o
 .ARM.attributes
                0x000000000000044f       0x34 ./Utils/SEGGER_RTT.o
 .ARM.attributes
                0x0000000000000483       0x34 ./Utils/SEGGER_RTT_printf.o
 .ARM.attributes
                0x00000000000004b7       0x34 C:/ST/STM32CubeIDE_1.13.2/STM32CubeIDE/plugins/com.st.stm32cube.ide.mcu.externaltools.gnu-tools-for-stm32.11.3.rel1.win32_1.1.1.202309131626/tools/bin/../lib/gcc/arm-none-eabi/11.3.1/../../../../arm-none-eabi/lib/thumb/v7e-m+fp/hard\libc_nano.a(libc_a-memset.o)
 .ARM.attributes
                0x00000000000004eb       0x34 C:/ST/STM32CubeIDE_1.13.2/STM32CubeIDE/plugins/com.st.stm32cube.ide.mcu.externaltools.gnu-tools-for-stm32.11.3.rel1.win32_1.1.1.202309131626/tools/bin/../lib/gcc/arm-none-eabi/11.3.1/../../../../arm-none-eabi/lib/thumb/v7e-m+fp/hard\libc_nano.a(libc_a-init.o)
 .ARM.attributes
                0x000000000000051f       0x34 C:/ST/STM32CubeIDE_1.13.2/STM32CubeIDE/plugins/com.st.stm32cube.ide.mcu.externaltools.gnu-tools-for-stm32.11.3.rel1.win32_1.1.1.202309131626/tools/bin/../lib/gcc/arm-none-eabi/11.3.1/../../../../arm-none-eabi/lib/thumb/v7e-m+fp/hard\libc_nano.a(libc_a-memcpy-stub.o)
 .ARM.attributes
                0x0000000000000553       0x1e C:/ST/STM32CubeIDE_1.13.2/STM32CubeIDE/plugins/com.st.stm32cube.ide.mcu.externaltools.gnu-tools-for-stm32.11.3.rel1.win32_1.1.1.202309131626/tools/bin/../lib/gcc/arm-none-eabi/11.3.1/thumb/v7e-m+fp/hard\libgcc.a(_aeabi_uldivmod.o)
 .ARM.attributes
                0x0000000000000571       0x34 C:/ST/STM32CubeIDE_1.13.2/STM32CubeIDE/plugins/com.st.stm32cube.ide.mcu.externaltools.gnu-tools-for-stm32.11.3.rel1.win32_1.1.1.202309131626/tools/bin/../lib/gcc/arm-none-eabi/11.3.1/thumb/v7e-m+fp/hard\libgcc.a(_udivmoddi4.o)
 .ARM.attributes
                0x00000000000005a5       0x1e C:/ST/STM32CubeIDE_1.13.2/STM32CubeIDE/plugins/com.st.stm32cube.ide.mcu.externaltools.gnu-tools-for-stm32.11.3.rel1.win32_1.1.1.202309131626/tools/bin/../lib/gcc/arm-none-eabi/11.3.1/thumb/v7e-m+fp/hard\libgcc.a(_dvmd_tls.o)
 .ARM.attributes
                0x00000000000005c3       0x1e C:/ST/STM32CubeIDE_1.13.2/STM32CubeIDE/plugins/com.st.stm32cube.ide.mcu.externaltools.gnu-tools-for-stm32.11.3.rel1.win32_1.1.1.202309131626/tools/bin/../lib/gcc/arm-none-eabi/11.3.1/thumb/v7e-m+fp/hard/crtn.o
OUTPUT(stm32_rfid_scanner.elf elf32-littlearm)
LOAD linker stubs
LOAD C:/ST/STM32CubeIDE_1.13.2/STM32CubeIDE/plugins/com.st.stm32cube.ide.mcu.externaltools.gnu-tools-for-stm32.11.3.rel1.win32_1.1.1.202309131626/tools/bin/../lib/gcc/arm-none-eabi/11.3.1/../../../../arm-none-eabi/lib/thumb/v7e-m+fp/hard\libc.a
LOAD C:/ST/STM32CubeIDE_1.13.2/STM32CubeIDE/plugins/com.st.stm32cube.ide.mcu.externaltools.gnu-tools-for-stm32.11.3.rel1.win32_1.1.1.202309131626/tools/bin/../lib/gcc/arm-none-eabi/11.3.1/../../../../arm-none-eabi/lib/thumb/v7e-m+fp/hard\libm.a
LOAD C:/ST/STM32CubeIDE_1.13.2/STM32CubeIDE/plugins/com.st.stm32cube.ide.mcu.externaltools.gnu-tools-for-stm32.11.3.rel1.win32_1.1.1.202309131626/tools/bin/../lib/gcc/arm-none-eabi/11.3.1/thumb/v7e-m+fp/hard\libgcc.a

.comment        0x0000000000000000       0x43
 .comment       0x0000000000000000       0x43 C:/ST/STM32CubeIDE_1.13.2/STM32CubeIDE/plugins/com.st.stm32cube.ide.mcu.externaltools.gnu-tools-for-stm32.11.3.rel1.win32_1.1.1.202309131626/tools/bin/../lib/gcc/arm-none-eabi/11.3.1/thumb/v7e-m+fp/hard/crtbegin.o
                                         0x44 (size before relaxing)
 .comment       0x0000000000000043       0x44 ./Core/Src/main.o
 .comment       0x0000000000000043       0x44 ./Core/Src/stm32f4xx_hal_msp.o
 .comment       0x0000000000000043       0x44 ./Core/Src/stm32f4xx_it.o
 .comment       0x0000000000000043       0x44 ./Core/Src/system_stm32f4xx.o
 .comment       0x0000000000000043       0x44 ./Drivers/Device/MFRC522.o
 .comment       0x0000000000000043       0x44 ./Drivers/STM32F4xx_HAL_Driver/Src/stm32f4xx_hal.o
 .comment       0x0000000000000043       0x44 ./Drivers/STM32F4xx_HAL_Driver/Src/stm32f4xx_hal_cortex.o
 .comment       0x0000000000000043       0x44 ./Drivers/STM32F4xx_HAL_Driver/Src/stm32f4xx_hal_dma.o
 .comment       0x0000000000000043       0x44 ./Drivers/STM32F4xx_HAL_Driver/Src/stm32f4xx_hal_eth.o
 .comment       0x0000000000000043       0x44 ./Drivers/STM32F4xx_HAL_Driver/Src/stm32f4xx_hal_gpio.o
 .comment       0x0000000000000043       0x44 ./Drivers/STM32F4xx_HAL_Driver/Src/stm32f4xx_hal_i2c.o
 .comment       0x0000000000000043       0x44 ./Drivers/STM32F4xx_HAL_Driver/Src/stm32f4xx_hal_i2c_ex.o
 .comment       0x0000000000000043       0x44 ./Drivers/STM32F4xx_HAL_Driver/Src/stm32f4xx_hal_pcd.o
 .comment       0x0000000000000043       0x44 ./Drivers/STM32F4xx_HAL_Driver/Src/stm32f4xx_hal_rcc.o
 .comment       0x0000000000000043       0x44 ./Drivers/STM32F4xx_HAL_Driver/Src/stm32f4xx_hal_spi.o
 .comment       0x0000000000000043       0x44 ./Drivers/STM32F4xx_HAL_Driver/Src/stm32f4xx_hal_tim.o
 .comment       0x0000000000000043       0x44 ./Drivers/STM32F4xx_HAL_Driver/Src/stm32f4xx_hal_tim_ex.o
 .comment       0x0000000000000043       0x44 ./Drivers/STM32F4xx_HAL_Driver/Src/stm32f4xx_hal_uart.o
 .comment       0x0000000000000043       0x44 ./Drivers/STM32F4xx_HAL_Driver/Src/stm32f4xx_ll_usb.o
 .comment       0x0000000000000043       0x44 ./Utils/SEGGER_RTT.o
 .comment       0x0000000000000043       0x44 ./Utils/SEGGER_RTT_printf.o

.debug_info     0x0000000000000000    0x1d5d7
 .debug_info    0x0000000000000000     0x302c ./Core/Src/main.o
 .debug_info    0x000000000000302c     0x24bd ./Core/Src/stm32f4xx_hal_msp.o
 .debug_info    0x00000000000054e9      0xfd3 ./Core/Src/stm32f4xx_it.o
 .debug_info    0x00000000000064bc      0x52e ./Core/Src/system_stm32f4xx.o
 .debug_info    0x00000000000069ea       0x23 ./Core/Startup/startup_stm32f429zitx.o
 .debug_info    0x0000000000006a0d     0x268c ./Drivers/Device/MFRC522.o
 .debug_info    0x0000000000009099      0x9be ./Drivers/STM32F4xx_HAL_Driver/Src/stm32f4xx_hal.o
 .debug_info    0x0000000000009a57      0xd7c ./Drivers/STM32F4xx_HAL_Driver/Src/stm32f4xx_hal_cortex.o
 .debug_info    0x000000000000a7d3      0x8e7 ./Drivers/STM32F4xx_HAL_Driver/Src/stm32f4xx_hal_dma.o
 .debug_info    0x000000000000b0ba     0x2069 ./Drivers/STM32F4xx_HAL_Driver/Src/stm32f4xx_hal_eth.o
 .debug_info    0x000000000000d123      0x6db ./Drivers/STM32F4xx_HAL_Driver/Src/stm32f4xx_hal_gpio.o
 .debug_info    0x000000000000d7fe     0x23ed ./Drivers/STM32F4xx_HAL_Driver/Src/stm32f4xx_hal_i2c.o
 .debug_info    0x000000000000fbeb      0x672 ./Drivers/STM32F4xx_HAL_Driver/Src/stm32f4xx_hal_i2c_ex.o
 .debug_info    0x000000000001025d     0x1541 ./Drivers/STM32F4xx_HAL_Driver/Src/stm32f4xx_hal_pcd.o
 .debug_info    0x000000000001179e      0x8c9 ./Drivers/STM32F4xx_HAL_Driver/Src/stm32f4xx_hal_rcc.o
 .debug_info    0x0000000000012067     0x15fb ./Drivers/STM32F4xx_HAL_Driver/Src/stm32f4xx_hal_spi.o
 .debug_info    0x0000000000013662     0x2948 ./Drivers/STM32F4xx_HAL_Driver/Src/stm32f4xx_hal_tim.o
 .debug_info    0x0000000000015faa     0x14ae ./Drivers/STM32F4xx_HAL_Driver/Src/stm32f4xx_hal_tim_ex.o
 .debug_info    0x0000000000017458     0x2fb8 ./Drivers/STM32F4xx_HAL_Driver/Src/stm32f4xx_hal_uart.o
 .debug_info    0x000000000001a410     0x18f6 ./Drivers/STM32F4xx_HAL_Driver/Src/stm32f4xx_ll_usb.o
 .debug_info    0x000000000001bd06     0x14bd ./Utils/SEGGER_RTT.o
 .debug_info    0x000000000001d1c3      0x414 ./Utils/SEGGER_RTT_printf.o

.debug_abbrev   0x0000000000000000     0x33a8
 .debug_abbrev  0x0000000000000000      0x3cf ./Core/Src/main.o
 .debug_abbrev  0x00000000000003cf      0x2b2 ./Core/Src/stm32f4xx_hal_msp.o
 .debug_abbrev  0x0000000000000681      0x1da ./Core/Src/stm32f4xx_it.o
 .debug_abbrev  0x000000000000085b      0x11a ./Core/Src/system_stm32f4xx.o
 .debug_abbrev  0x0000000000000975       0x12 ./Core/Startup/startup_stm32f429zitx.o
 .debug_abbrev  0x0000000000000987      0x333 ./Drivers/Device/MFRC522.o
 .debug_abbrev  0x0000000000000cba      0x213 ./Drivers/STM32F4xx_HAL_Driver/Src/stm32f4xx_hal.o
 .debug_abbrev  0x0000000000000ecd      0x327 ./Drivers/STM32F4xx_HAL_Driver/Src/stm32f4xx_hal_cortex.o
 .debug_abbrev  0x00000000000011f4      0x264 ./Drivers/STM32F4xx_HAL_Driver/Src/stm32f4xx_hal_dma.o
 .debug_abbrev  0x0000000000001458      0x2ec ./Drivers/STM32F4xx_HAL_Driver/Src/stm32f4xx_hal_eth.o
 .debug_abbrev  0x0000000000001744      0x1d4 ./Drivers/STM32F4xx_HAL_Driver/Src/stm32f4xx_hal_gpio.o
 .debug_abbrev  0x0000000000001918      0x2ad ./Drivers/STM32F4xx_HAL_Driver/Src/stm32f4xx_hal_i2c.o
 .debug_abbrev  0x0000000000001bc5      0x157 ./Drivers/STM32F4xx_HAL_Driver/Src/stm32f4xx_hal_i2c_ex.o
 .debug_abbrev  0x0000000000001d1c      0x2d0 ./Drivers/STM32F4xx_HAL_Driver/Src/stm32f4xx_hal_pcd.o
 .debug_abbrev  0x0000000000001fec      0x2b6 ./Drivers/STM32F4xx_HAL_Driver/Src/stm32f4xx_hal_rcc.o
 .debug_abbrev  0x00000000000022a2      0x284 ./Drivers/STM32F4xx_HAL_Driver/Src/stm32f4xx_hal_spi.o
 .debug_abbrev  0x0000000000002526      0x271 ./Drivers/STM32F4xx_HAL_Driver/Src/stm32f4xx_hal_tim.o
 .debug_abbrev  0x0000000000002797      0x27c ./Drivers/STM32F4xx_HAL_Driver/Src/stm32f4xx_hal_tim_ex.o
 .debug_abbrev  0x0000000000002a13      0x30e ./Drivers/STM32F4xx_HAL_Driver/Src/stm32f4xx_hal_uart.o
 .debug_abbrev  0x0000000000002d21      0x2ac ./Drivers/STM32F4xx_HAL_Driver/Src/stm32f4xx_ll_usb.o
 .debug_abbrev  0x0000000000002fcd      0x21f ./Utils/SEGGER_RTT.o
 .debug_abbrev  0x00000000000031ec      0x1bc ./Utils/SEGGER_RTT_printf.o

.debug_aranges  0x0000000000000000     0x1948
 .debug_aranges
                0x0000000000000000       0x98 ./Core/Src/main.o
 .debug_aranges
                0x0000000000000098       0x88 ./Core/Src/stm32f4xx_hal_msp.o
 .debug_aranges
                0x0000000000000120       0x80 ./Core/Src/stm32f4xx_it.o
 .debug_aranges
                0x00000000000001a0       0x28 ./Core/Src/system_stm32f4xx.o
 .debug_aranges
                0x00000000000001c8       0x28 ./Core/Startup/startup_stm32f429zitx.o
 .debug_aranges
                0x00000000000001f0      0x1c0 ./Drivers/Device/MFRC522.o
 .debug_aranges
                0x00000000000003b0      0x100 ./Drivers/STM32F4xx_HAL_Driver/Src/stm32f4xx_hal.o
 .debug_aranges
                0x00000000000004b0      0x118 ./Drivers/STM32F4xx_HAL_Driver/Src/stm32f4xx_hal_cortex.o
 .debug_aranges
                0x00000000000005c8       0x90 ./Drivers/STM32F4xx_HAL_Driver/Src/stm32f4xx_hal_dma.o
 .debug_aranges
                0x0000000000000658      0x1e0 ./Drivers/STM32F4xx_HAL_Driver/Src/stm32f4xx_hal_eth.o
 .debug_aranges
                0x0000000000000838       0x58 ./Drivers/STM32F4xx_HAL_Driver/Src/stm32f4xx_hal_gpio.o
 .debug_aranges
                0x0000000000000890      0x2a0 ./Drivers/STM32F4xx_HAL_Driver/Src/stm32f4xx_hal_i2c.o
 .debug_aranges
                0x0000000000000b30       0x28 ./Drivers/STM32F4xx_HAL_Driver/Src/stm32f4xx_hal_i2c_ex.o
 .debug_aranges
                0x0000000000000b58      0x148 ./Drivers/STM32F4xx_HAL_Driver/Src/stm32f4xx_hal_pcd.o
 .debug_aranges
                0x0000000000000ca0       0x88 ./Drivers/STM32F4xx_HAL_Driver/Src/stm32f4xx_hal_rcc.o
 .debug_aranges
                0x0000000000000d28      0x1d0 ./Drivers/STM32F4xx_HAL_Driver/Src/stm32f4xx_hal_spi.o
 .debug_aranges
                0x0000000000000ef8      0x3d0 ./Drivers/STM32F4xx_HAL_Driver/Src/stm32f4xx_hal_tim.o
 .debug_aranges
                0x00000000000012c8      0x168 ./Drivers/STM32F4xx_HAL_Driver/Src/stm32f4xx_hal_tim_ex.o
 .debug_aranges
                0x0000000000001430      0x200 ./Drivers/STM32F4xx_HAL_Driver/Src/stm32f4xx_hal_uart.o
 .debug_aranges
                0x0000000000001630      0x1a0 ./Drivers/STM32F4xx_HAL_Driver/Src/stm32f4xx_ll_usb.o
 .debug_aranges
                0x00000000000017d0      0x138 ./Utils/SEGGER_RTT.o
 .debug_aranges
                0x0000000000001908       0x40 ./Utils/SEGGER_RTT_printf.o

.debug_rnglists
                0x0000000000000000     0x140d
 .debug_rnglists
                0x0000000000000000       0x76 ./Core/Src/main.o
 .debug_rnglists
                0x0000000000000076       0x68 ./Core/Src/stm32f4xx_hal_msp.o
 .debug_rnglists
                0x00000000000000de       0x5b ./Core/Src/stm32f4xx_it.o
 .debug_rnglists
                0x0000000000000139       0x1a ./Core/Src/system_stm32f4xx.o
 .debug_rnglists
                0x0000000000000153       0x19 ./Core/Startup/startup_stm32f429zitx.o
 .debug_rnglists
                0x000000000000016c      0x161 ./Drivers/Device/MFRC522.o
 .debug_rnglists
                0x00000000000002cd       0xbb ./Drivers/STM32F4xx_HAL_Driver/Src/stm32f4xx_hal.o
 .debug_rnglists
                0x0000000000000388       0xce ./Drivers/STM32F4xx_HAL_Driver/Src/stm32f4xx_hal_cortex.o
 .debug_rnglists
                0x0000000000000456       0x70 ./Drivers/STM32F4xx_HAL_Driver/Src/stm32f4xx_hal_dma.o
 .debug_rnglists
                0x00000000000004c6      0x17c ./Drivers/STM32F4xx_HAL_Driver/Src/stm32f4xx_hal_eth.o
 .debug_rnglists
                0x0000000000000642       0x3f ./Drivers/STM32F4xx_HAL_Driver/Src/stm32f4xx_hal_gpio.o
 .debug_rnglists
                0x0000000000000681      0x235 ./Drivers/STM32F4xx_HAL_Driver/Src/stm32f4xx_hal_i2c.o
 .debug_rnglists
                0x00000000000008b6       0x19 ./Drivers/STM32F4xx_HAL_Driver/Src/stm32f4xx_hal_i2c_ex.o
 .debug_rnglists
                0x00000000000008cf       0xfc ./Drivers/STM32F4xx_HAL_Driver/Src/stm32f4xx_hal_pcd.o
 .debug_rnglists
                0x00000000000009cb       0x66 ./Drivers/STM32F4xx_HAL_Driver/Src/stm32f4xx_hal_rcc.o
 .debug_rnglists
                0x0000000000000a31      0x16f ./Drivers/STM32F4xx_HAL_Driver/Src/stm32f4xx_hal_spi.o
 .debug_rnglists
                0x0000000000000ba0      0x31a ./Drivers/STM32F4xx_HAL_Driver/Src/stm32f4xx_hal_tim.o
 .debug_rnglists
                0x0000000000000eba      0x125 ./Drivers/STM32F4xx_HAL_Driver/Src/stm32f4xx_hal_tim_ex.o
 .debug_rnglists
                0x0000000000000fdf      0x1b7 ./Drivers/STM32F4xx_HAL_Driver/Src/stm32f4xx_hal_uart.o
 .debug_rnglists
                0x0000000000001196      0x148 ./Drivers/STM32F4xx_HAL_Driver/Src/stm32f4xx_ll_usb.o
 .debug_rnglists
                0x00000000000012de       0xf5 ./Utils/SEGGER_RTT.o
 .debug_rnglists
                0x00000000000013d3       0x3a ./Utils/SEGGER_RTT_printf.o

.debug_macro    0x0000000000000000    0x264b3
 .debug_macro   0x0000000000000000      0x30e ./Core/Src/main.o
 .debug_macro   0x000000000000030e      0xaa8 ./Core/Src/main.o
 .debug_macro   0x0000000000000db6      0x2b3 ./Core/Src/main.o
 .debug_macro   0x0000000000001069       0x2e ./Core/Src/main.o
 .debug_macro   0x0000000000001097       0x28 ./Core/Src/main.o
 .debug_macro   0x00000000000010bf       0x22 ./Core/Src/main.o
 .debug_macro   0x00000000000010e1       0x8e ./Core/Src/main.o
 .debug_macro   0x000000000000116f       0x51 ./Core/Src/main.o
 .debug_macro   0x00000000000011c0      0x103 ./Core/Src/main.o
 .debug_macro   0x00000000000012c3       0x6a ./Core/Src/main.o
 .debug_macro   0x000000000000132d      0x1df ./Core/Src/main.o
 .debug_macro   0x000000000000150c       0x1c ./Core/Src/main.o
 .debug_macro   0x0000000000001528       0x22 ./Core/Src/main.o
 .debug_macro   0x000000000000154a       0xd9 ./Core/Src/main.o
 .debug_macro   0x0000000000001623     0x102d ./Core/Src/main.o
 .debug_macro   0x0000000000002650      0x11f ./Core/Src/main.o
 .debug_macro   0x000000000000276f    0x17fc0 ./Core/Src/main.o
 .debug_macro   0x000000000001a72f       0x6d ./Core/Src/main.o
 .debug_macro   0x000000000001a79c     0x36f5 ./Core/Src/main.o
 .debug_macro   0x000000000001de91      0x174 ./Core/Src/main.o
 .debug_macro   0x000000000001e005       0x5c ./Core/Src/main.o
 .debug_macro   0x000000000001e061      0xca5 ./Core/Src/main.o
 .debug_macro   0x000000000001ed06      0x9fe ./Core/Src/main.o
 .debug_macro   0x000000000001f704      0x115 ./Core/Src/main.o
 .debug_macro   0x000000000001f819      0x156 ./Core/Src/main.o
 .debug_macro   0x000000000001f96f       0xa5 ./Core/Src/main.o
 .debug_macro   0x000000000001fa14      0x182 ./Core/Src/main.o
 .debug_macro   0x000000000001fb96      0x287 ./Core/Src/main.o
 .debug_macro   0x000000000001fe1d       0x5f ./Core/Src/main.o
 .debug_macro   0x000000000001fe7c      0x236 ./Core/Src/main.o
 .debug_macro   0x00000000000200b2      0xd44 ./Core/Src/main.o
 .debug_macro   0x0000000000020df6      0x132 ./Core/Src/main.o
 .debug_macro   0x0000000000020f28      0x41d ./Core/Src/main.o
 .debug_macro   0x0000000000021345       0x2e ./Core/Src/main.o
 .debug_macro   0x0000000000021373      0x1b5 ./Core/Src/main.o
 .debug_macro   0x0000000000021528       0x22 ./Core/Src/main.o
 .debug_macro   0x000000000002154a       0xd6 ./Core/Src/main.o
 .debug_macro   0x0000000000021620      0x11a ./Core/Src/main.o
 .debug_macro   0x000000000002173a       0xe2 ./Core/Src/main.o
 .debug_macro   0x000000000002181c       0x89 ./Core/Src/main.o
 .debug_macro   0x00000000000218a5      0x225 ./Core/Src/main.o
 .debug_macro   0x0000000000021aca      0x8e6 ./Core/Src/main.o
 .debug_macro   0x00000000000223b0       0x47 ./Core/Src/main.o
 .debug_macro   0x00000000000223f7      0x295 ./Core/Src/main.o
 .debug_macro   0x000000000002268c      0x248 ./Core/Src/main.o
 .debug_macro   0x00000000000228d4       0xba ./Core/Src/main.o
 .debug_macro   0x000000000002298e      0x134 ./Core/Src/main.o
 .debug_macro   0x0000000000022ac2      0x14e ./Core/Src/main.o
 .debug_macro   0x0000000000022c10       0x61 ./Core/Src/main.o
 .debug_macro   0x0000000000022c71       0x2a ./Core/Src/main.o
 .debug_macro   0x0000000000022c9b       0x43 ./Core/Src/main.o
 .debug_macro   0x0000000000022cde       0x34 ./Core/Src/main.o
 .debug_macro   0x0000000000022d12       0x16 ./Core/Src/main.o
 .debug_macro   0x0000000000022d28       0x43 ./Core/Src/main.o
 .debug_macro   0x0000000000022d6b       0x34 ./Core/Src/main.o
 .debug_macro   0x0000000000022d9f       0x10 ./Core/Src/main.o
 .debug_macro   0x0000000000022daf       0x58 ./Core/Src/main.o
 .debug_macro   0x0000000000022e07       0x8e ./Core/Src/main.o
 .debug_macro   0x0000000000022e95       0x1c ./Core/Src/main.o
 .debug_macro   0x0000000000022eb1      0x177 ./Core/Src/main.o
 .debug_macro   0x0000000000023028      0x369 ./Core/Src/main.o
 .debug_macro   0x0000000000023391       0x10 ./Core/Src/main.o
 .debug_macro   0x00000000000233a1       0x35 ./Core/Src/main.o
 .debug_macro   0x00000000000233d6       0x20 ./Core/Src/main.o
 .debug_macro   0x00000000000233f6       0x22 ./Core/Src/main.o
 .debug_macro   0x0000000000023418       0x16 ./Core/Src/main.o
 .debug_macro   0x000000000002342e      0x22e ./Core/Src/stm32f4xx_hal_msp.o
 .debug_macro   0x000000000002365c      0x238 ./Core/Src/stm32f4xx_it.o
 .debug_macro   0x0000000000023894      0x21f ./Core/Src/system_stm32f4xx.o
 .debug_macro   0x0000000000023ab3      0x395 ./Drivers/Device/MFRC522.o
 .debug_macro   0x0000000000023e48       0x10 ./Drivers/Device/MFRC522.o
 .debug_macro   0x0000000000023e58       0x49 ./Drivers/Device/MFRC522.o
 .debug_macro   0x0000000000023ea1       0x35 ./Drivers/Device/MFRC522.o
 .debug_macro   0x0000000000023ed6       0x58 ./Drivers/Device/MFRC522.o
 .debug_macro   0x0000000000023f2e      0x138 ./Drivers/Device/MFRC522.o
 .debug_macro   0x0000000000024066       0x1c ./Drivers/Device/MFRC522.o
 .debug_macro   0x0000000000024082       0x16 ./Drivers/Device/MFRC522.o
 .debug_macro   0x0000000000024098      0x27f ./Drivers/STM32F4xx_HAL_Driver/Src/stm32f4xx_hal.o
 .debug_macro   0x0000000000024317      0x21f ./Drivers/STM32F4xx_HAL_Driver/Src/stm32f4xx_hal_cortex.o
 .debug_macro   0x0000000000024536      0x225 ./Drivers/STM32F4xx_HAL_Driver/Src/stm32f4xx_hal_dma.o
 .debug_macro   0x000000000002475b      0x2f9 ./Drivers/STM32F4xx_HAL_Driver/Src/stm32f4xx_hal_eth.o
 .debug_macro   0x0000000000024a54      0x225 ./Drivers/STM32F4xx_HAL_Driver/Src/stm32f4xx_hal_gpio.o
 .debug_macro   0x0000000000024c79      0x266 ./Drivers/STM32F4xx_HAL_Driver/Src/stm32f4xx_hal_i2c.o
 .debug_macro   0x0000000000024edf      0x21f ./Drivers/STM32F4xx_HAL_Driver/Src/stm32f4xx_hal_i2c_ex.o
 .debug_macro   0x00000000000250fe      0x22b ./Drivers/STM32F4xx_HAL_Driver/Src/stm32f4xx_hal_pcd.o
 .debug_macro   0x0000000000025329      0x243 ./Drivers/STM32F4xx_HAL_Driver/Src/stm32f4xx_hal_rcc.o
 .debug_macro   0x000000000002556c      0x22e ./Drivers/STM32F4xx_HAL_Driver/Src/stm32f4xx_hal_spi.o
 .debug_macro   0x000000000002579a      0x220 ./Drivers/STM32F4xx_HAL_Driver/Src/stm32f4xx_hal_tim.o
 .debug_macro   0x00000000000259ba      0x21f ./Drivers/STM32F4xx_HAL_Driver/Src/stm32f4xx_hal_tim_ex.o
 .debug_macro   0x0000000000025bd9      0x220 ./Drivers/STM32F4xx_HAL_Driver/Src/stm32f4xx_hal_uart.o
 .debug_macro   0x0000000000025df9      0x21f ./Drivers/STM32F4xx_HAL_Driver/Src/stm32f4xx_ll_usb.o
 .debug_macro   0x0000000000026018      0x1bd ./Utils/SEGGER_RTT.o
 .debug_macro   0x00000000000261d5      0x10e ./Utils/SEGGER_RTT.o
 .debug_macro   0x00000000000262e3       0x8d ./Utils/SEGGER_RTT.o
 .debug_macro   0x0000000000026370      0x143 ./Utils/SEGGER_RTT_printf.o

.debug_line     0x0000000000000000    0x1cde1
 .debug_line    0x0000000000000000      0xf02 ./Core/Src/main.o
 .debug_line    0x0000000000000f02      0xa7f ./Core/Src/stm32f4xx_hal_msp.o
 .debug_line    0x0000000000001981      0x90f ./Core/Src/stm32f4xx_it.o
 .debug_line    0x0000000000002290      0x86e ./Core/Src/system_stm32f4xx.o
 .debug_line    0x0000000000002afe       0x7a ./Core/Startup/startup_stm32f429zitx.o
 .debug_line    0x0000000000002b78     0x1d7c ./Drivers/Device/MFRC522.o
 .debug_line    0x00000000000048f4      0xb0a ./Drivers/STM32F4xx_HAL_Driver/Src/stm32f4xx_hal.o
 .debug_line    0x00000000000053fe      0xd83 ./Drivers/STM32F4xx_HAL_Driver/Src/stm32f4xx_hal_cortex.o
 .debug_line    0x0000000000006181     0x1038 ./Drivers/STM32F4xx_HAL_Driver/Src/stm32f4xx_hal_dma.o
 .debug_line    0x00000000000071b9     0x1a43 ./Drivers/STM32F4xx_HAL_Driver/Src/stm32f4xx_hal_eth.o
 .debug_line    0x0000000000008bfc      0xc70 ./Drivers/STM32F4xx_HAL_Driver/Src/stm32f4xx_hal_gpio.o
 .debug_line    0x000000000000986c     0x3a96 ./Drivers/STM32F4xx_HAL_Driver/Src/stm32f4xx_hal_i2c.o
 .debug_line    0x000000000000d302      0x867 ./Drivers/STM32F4xx_HAL_Driver/Src/stm32f4xx_hal_i2c_ex.o
 .debug_line    0x000000000000db69     0x157b ./Drivers/STM32F4xx_HAL_Driver/Src/stm32f4xx_hal_pcd.o
 .debug_line    0x000000000000f0e4      0xe4d ./Drivers/STM32F4xx_HAL_Driver/Src/stm32f4xx_hal_rcc.o
 .debug_line    0x000000000000ff31     0x1d65 ./Drivers/STM32F4xx_HAL_Driver/Src/stm32f4xx_hal_spi.o
 .debug_line    0x0000000000011c96     0x37c0 ./Drivers/STM32F4xx_HAL_Driver/Src/stm32f4xx_hal_tim.o
 .debug_line    0x0000000000015456     0x1ad1 ./Drivers/STM32F4xx_HAL_Driver/Src/stm32f4xx_hal_tim_ex.o
 .debug_line    0x0000000000016f27     0x2b76 ./Drivers/STM32F4xx_HAL_Driver/Src/stm32f4xx_hal_uart.o
 .debug_line    0x0000000000019a9d     0x1b95 ./Drivers/STM32F4xx_HAL_Driver/Src/stm32f4xx_ll_usb.o
 .debug_line    0x000000000001b632      0xed6 ./Utils/SEGGER_RTT.o
 .debug_line    0x000000000001c508      0x8d9 ./Utils/SEGGER_RTT_printf.o

.debug_str      0x0000000000000000    0xe8ea4
 .debug_str     0x0000000000000000    0xe1183 ./Core/Src/main.o
                                      0xe165c (size before relaxing)
 .debug_str     0x00000000000e1183      0x159 ./Core/Src/stm32f4xx_hal_msp.o
                                      0xdda74 (size before relaxing)
 .debug_str     0x00000000000e12dc      0x15c ./Core/Src/stm32f4xx_it.o
                                      0xdca2f (size before relaxing)
 .debug_str     0x00000000000e1438       0xdb ./Core/Src/system_stm32f4xx.o
                                      0xdba90 (size before relaxing)
 .debug_str     0x00000000000e1513       0x34 ./Core/Startup/startup_stm32f429zitx.o
                                         0x55 (size before relaxing)
 .debug_str     0x00000000000e1547     0x1d0e ./Drivers/Device/MFRC522.o
                                      0xe197f (size before relaxing)
 .debug_str     0x00000000000e3255      0x632 ./Drivers/STM32F4xx_HAL_Driver/Src/stm32f4xx_hal.o
                                      0xdc6b3 (size before relaxing)
 .debug_str     0x00000000000e3887      0x317 ./Drivers/STM32F4xx_HAL_Driver/Src/stm32f4xx_hal_cortex.o
                                      0xdc398 (size before relaxing)
 .debug_str     0x00000000000e3b9e      0x2db ./Drivers/STM32F4xx_HAL_Driver/Src/stm32f4xx_hal_dma.o
                                      0xdbe97 (size before relaxing)
 .debug_str     0x00000000000e3e79     0x11d7 ./Drivers/STM32F4xx_HAL_Driver/Src/stm32f4xx_hal_eth.o
                                      0xdd31d (size before relaxing)
 .debug_str     0x00000000000e5050       0x97 ./Drivers/STM32F4xx_HAL_Driver/Src/stm32f4xx_hal_gpio.o
                                      0xdbc0b (size before relaxing)
 .debug_str     0x00000000000e50e7      0xaa9 ./Drivers/STM32F4xx_HAL_Driver/Src/stm32f4xx_hal_i2c.o
                                      0xdca4d (size before relaxing)
 .debug_str     0x00000000000e5b90       0x3b ./Drivers/STM32F4xx_HAL_Driver/Src/stm32f4xx_hal_i2c_ex.o
                                      0xdbe5f (size before relaxing)
 .debug_str     0x00000000000e5bcb      0x7fd ./Drivers/STM32F4xx_HAL_Driver/Src/stm32f4xx_hal_pcd.o
                                      0xdc53f (size before relaxing)
 .debug_str     0x00000000000e63c8      0x1ff ./Drivers/STM32F4xx_HAL_Driver/Src/stm32f4xx_hal_rcc.o
                                      0xdbec4 (size before relaxing)
 .debug_str     0x00000000000e65c7      0x519 ./Drivers/STM32F4xx_HAL_Driver/Src/stm32f4xx_hal_spi.o
                                      0xdc341 (size before relaxing)
 .debug_str     0x00000000000e6ae0      0xd19 ./Drivers/STM32F4xx_HAL_Driver/Src/stm32f4xx_hal_tim.o
                                      0xdcdf7 (size before relaxing)
 .debug_str     0x00000000000e77f9      0x3e1 ./Drivers/STM32F4xx_HAL_Driver/Src/stm32f4xx_hal_tim_ex.o
                                      0xdc613 (size before relaxing)
 .debug_str     0x00000000000e7bda      0x5e2 ./Drivers/STM32F4xx_HAL_Driver/Src/stm32f4xx_hal_uart.o
                                      0xdc450 (size before relaxing)
 .debug_str     0x00000000000e81bc      0x43f ./Drivers/STM32F4xx_HAL_Driver/Src/stm32f4xx_ll_usb.o
                                      0xdc3a7 (size before relaxing)
 .debug_str     0x00000000000e85fb      0x741 ./Utils/SEGGER_RTT.o
                                       0x7b7d (size before relaxing)
 .debug_str     0x00000000000e8d3c      0x168 ./Utils/SEGGER_RTT_printf.o
                                       0x74f8 (size before relaxing)

.debug_frame    0x0000000000000000     0x6e98
 .debug_frame   0x0000000000000000      0x224 ./Core/Src/main.o
 .debug_frame   0x0000000000000224      0x20c ./Core/Src/stm32f4xx_hal_msp.o
 .debug_frame   0x0000000000000430      0x174 ./Core/Src/stm32f4xx_it.o
 .debug_frame   0x00000000000005a4       0x58 ./Core/Src/system_stm32f4xx.o
 .debug_frame   0x00000000000005fc      0x7c4 ./Drivers/Device/MFRC522.o
 .debug_frame   0x0000000000000dc0      0x3b4 ./Drivers/STM32F4xx_HAL_Driver/Src/stm32f4xx_hal.o
 .debug_frame   0x0000000000001174      0x498 ./Drivers/STM32F4xx_HAL_Driver/Src/stm32f4xx_hal_cortex.o
 .debug_frame   0x000000000000160c      0x250 ./Drivers/STM32F4xx_HAL_Driver/Src/stm32f4xx_hal_dma.o
 .debug_frame   0x000000000000185c      0x898 ./Drivers/STM32F4xx_HAL_Driver/Src/stm32f4xx_hal_eth.o
 .debug_frame   0x00000000000020f4      0x14c ./Drivers/STM32F4xx_HAL_Driver/Src/stm32f4xx_hal_gpio.o
 .debug_frame   0x0000000000002240      0xc5c ./Drivers/STM32F4xx_HAL_Driver/Src/stm32f4xx_hal_i2c.o
 .debug_frame   0x0000000000002e9c       0x60 ./Drivers/STM32F4xx_HAL_Driver/Src/stm32f4xx_hal_i2c_ex.o
 .debug_frame   0x0000000000002efc      0x5bc ./Drivers/STM32F4xx_HAL_Driver/Src/stm32f4xx_hal_pcd.o
 .debug_frame   0x00000000000034b8      0x1f4 ./Drivers/STM32F4xx_HAL_Driver/Src/stm32f4xx_hal_rcc.o
 .debug_frame   0x00000000000036ac      0x824 ./Drivers/STM32F4xx_HAL_Driver/Src/stm32f4xx_hal_spi.o
 .debug_frame   0x0000000000003ed0     0x11c4 ./Drivers/STM32F4xx_HAL_Driver/Src/stm32f4xx_hal_tim.o
 .debug_frame   0x0000000000005094      0x638 ./Drivers/STM32F4xx_HAL_Driver/Src/stm32f4xx_hal_tim_ex.o
 .debug_frame   0x00000000000056cc      0x92c ./Drivers/STM32F4xx_HAL_Driver/Src/stm32f4xx_hal_uart.o
 .debug_frame   0x0000000000005ff8      0x7c0 ./Drivers/STM32F4xx_HAL_Driver/Src/stm32f4xx_ll_usb.o
 .debug_frame   0x00000000000067b8      0x52c ./Utils/SEGGER_RTT.o
 .debug_frame   0x0000000000006ce4       0xe0 ./Utils/SEGGER_RTT_printf.o
 .debug_frame   0x0000000000006dc4       0x20 C:/ST/STM32CubeIDE_1.13.2/STM32CubeIDE/plugins/com.st.stm32cube.ide.mcu.externaltools.gnu-tools-for-stm32.11.3.rel1.win32_1.1.1.202309131626/tools/bin/../lib/gcc/arm-none-eabi/11.3.1/../../../../arm-none-eabi/lib/thumb/v7e-m+fp/hard\libc_nano.a(libc_a-memset.o)
 .debug_frame   0x0000000000006de4       0x2c C:/ST/STM32CubeIDE_1.13.2/STM32CubeIDE/plugins/com.st.stm32cube.ide.mcu.externaltools.gnu-tools-for-stm32.11.3.rel1.win32_1.1.1.202309131626/tools/bin/../lib/gcc/arm-none-eabi/11.3.1/../../../../arm-none-eabi/lib/thumb/v7e-m+fp/hard\libc_nano.a(libc_a-init.o)
 .debug_frame   0x0000000000006e10       0x28 C:/ST/STM32CubeIDE_1.13.2/STM32CubeIDE/plugins/com.st.stm32cube.ide.mcu.externaltools.gnu-tools-for-stm32.11.3.rel1.win32_1.1.1.202309131626/tools/bin/../lib/gcc/arm-none-eabi/11.3.1/../../../../arm-none-eabi/lib/thumb/v7e-m+fp/hard\libc_nano.a(libc_a-memcpy-stub.o)
 .debug_frame   0x0000000000006e38       0x2c C:/ST/STM32CubeIDE_1.13.2/STM32CubeIDE/plugins/com.st.stm32cube.ide.mcu.externaltools.gnu-tools-for-stm32.11.3.rel1.win32_1.1.1.202309131626/tools/bin/../lib/gcc/arm-none-eabi/11.3.1/thumb/v7e-m+fp/hard\libgcc.a(_aeabi_uldivmod.o)
 .debug_frame   0x0000000000006e64       0x34 C:/ST/STM32CubeIDE_1.13.2/STM32CubeIDE/plugins/com.st.stm32cube.ide.mcu.externaltools.gnu-tools-for-stm32.11.3.rel1.win32_1.1.1.202309131626/tools/bin/../lib/gcc/arm-none-eabi/11.3.1/thumb/v7e-m+fp/hard\libgcc.a(_udivmoddi4.o)

.debug_line_str
                0x0000000000000000       0x49
 .debug_line_str
                0x0000000000000000       0x49 ./Core/Startup/startup_stm32f429zitx.o
                                         0x61 (size before relaxing)
