Archive member included to satisfy reference by file (symbol)

c:/st/stm32cubeide_1.12.0/stm32cubeide/plugins/com.st.stm32cube.ide.mcu.externaltools.gnu-tools-for-stm32.7-2018-q2-update.win32_2.0.200.202301161003/tools/bin/../lib/gcc/arm-none-eabi/7.3.1/../../../../arm-none-eabi/lib/thumb/v7e-m/fpv4-sp/hard\libc_nano.a(lib_a-errno.o)
                              ./Core/Src/syscalls.o (__errno)
c:/st/stm32cubeide_1.12.0/stm32cubeide/plugins/com.st.stm32cube.ide.mcu.externaltools.gnu-tools-for-stm32.7-2018-q2-update.win32_2.0.200.202301161003/tools/bin/../lib/gcc/arm-none-eabi/7.3.1/../../../../arm-none-eabi/lib/thumb/v7e-m/fpv4-sp/hard\libc_nano.a(lib_a-exit.o)
                              c:/st/stm32cubeide_1.12.0/stm32cubeide/plugins/com.st.stm32cube.ide.mcu.externaltools.gnu-tools-for-stm32.7-2018-q2-update.win32_2.0.200.202301161003/tools/bin/../lib/gcc/arm-none-eabi/7.3.1/../../../../arm-none-eabi/lib/thumb/v7e-m/fpv4-sp/hard/crt0.o (exit)
c:/st/stm32cubeide_1.12.0/stm32cubeide/plugins/com.st.stm32cube.ide.mcu.externaltools.gnu-tools-for-stm32.7-2018-q2-update.win32_2.0.200.202301161003/tools/bin/../lib/gcc/arm-none-eabi/7.3.1/../../../../arm-none-eabi/lib/thumb/v7e-m/fpv4-sp/hard\libc_nano.a(lib_a-impure.o)
                              c:/st/stm32cubeide_1.12.0/stm32cubeide/plugins/com.st.stm32cube.ide.mcu.externaltools.gnu-tools-for-stm32.7-2018-q2-update.win32_2.0.200.202301161003/tools/bin/../lib/gcc/arm-none-eabi/7.3.1/../../../../arm-none-eabi/lib/thumb/v7e-m/fpv4-sp/hard\libc_nano.a(lib_a-exit.o) (_global_impure_ptr)
c:/st/stm32cubeide_1.12.0/stm32cubeide/plugins/com.st.stm32cube.ide.mcu.externaltools.gnu-tools-for-stm32.7-2018-q2-update.win32_2.0.200.202301161003/tools/bin/../lib/gcc/arm-none-eabi/7.3.1/../../../../arm-none-eabi/lib/thumb/v7e-m/fpv4-sp/hard\libc_nano.a(lib_a-init.o)
                              c:/st/stm32cubeide_1.12.0/stm32cubeide/plugins/com.st.stm32cube.ide.mcu.externaltools.gnu-tools-for-stm32.7-2018-q2-update.win32_2.0.200.202301161003/tools/bin/../lib/gcc/arm-none-eabi/7.3.1/../../../../arm-none-eabi/lib/thumb/v7e-m/fpv4-sp/hard/crt0.o (__libc_init_array)
c:/st/stm32cubeide_1.12.0/stm32cubeide/plugins/com.st.stm32cube.ide.mcu.externaltools.gnu-tools-for-stm32.7-2018-q2-update.win32_2.0.200.202301161003/tools/bin/../lib/gcc/arm-none-eabi/7.3.1/../../../../arm-none-eabi/lib/thumb/v7e-m/fpv4-sp/hard\libc_nano.a(lib_a-memcpy-stub.o)
                              ./Drivers/Device/MFRC522.o (memcpy)
c:/st/stm32cubeide_1.12.0/stm32cubeide/plugins/com.st.stm32cube.ide.mcu.externaltools.gnu-tools-for-stm32.7-2018-q2-update.win32_2.0.200.202301161003/tools/bin/../lib/gcc/arm-none-eabi/7.3.1/../../../../arm-none-eabi/lib/thumb/v7e-m/fpv4-sp/hard\libc_nano.a(lib_a-memset.o)
                              c:/st/stm32cubeide_1.12.0/stm32cubeide/plugins/com.st.stm32cube.ide.mcu.externaltools.gnu-tools-for-stm32.7-2018-q2-update.win32_2.0.200.202301161003/tools/bin/../lib/gcc/arm-none-eabi/7.3.1/../../../../arm-none-eabi/lib/thumb/v7e-m/fpv4-sp/hard/crt0.o (memset)
c:/st/stm32cubeide_1.12.0/stm32cubeide/plugins/com.st.stm32cube.ide.mcu.externaltools.gnu-tools-for-stm32.7-2018-q2-update.win32_2.0.200.202301161003/tools/bin/../lib/gcc/arm-none-eabi/7.3.1/../../../../arm-none-eabi/lib/thumb/v7e-m/fpv4-sp/hard\libc_nano.a(lib_a-strlen.o)
                              ./Utils/SEGGER_RTT.o (strlen)
c:/st/stm32cubeide_1.12.0/stm32cubeide/plugins/com.st.stm32cube.ide.mcu.externaltools.gnu-tools-for-stm32.7-2018-q2-update.win32_2.0.200.202301161003/tools/bin/../lib/gcc/arm-none-eabi/7.3.1/thumb/v7e-m/fpv4-sp/hard\libgcc.a(_aeabi_uldivmod.o)
                              ./Drivers/STM32F4xx_HAL_Driver/Src/stm32f4xx_hal_rcc.o (__aeabi_uldivmod)
c:/st/stm32cubeide_1.12.0/stm32cubeide/plugins/com.st.stm32cube.ide.mcu.externaltools.gnu-tools-for-stm32.7-2018-q2-update.win32_2.0.200.202301161003/tools/bin/../lib/gcc/arm-none-eabi/7.3.1/thumb/v7e-m/fpv4-sp/hard\libgcc.a(_udivmoddi4.o)
                              c:/st/stm32cubeide_1.12.0/stm32cubeide/plugins/com.st.stm32cube.ide.mcu.externaltools.gnu-tools-for-stm32.7-2018-q2-update.win32_2.0.200.202301161003/tools/bin/../lib/gcc/arm-none-eabi/7.3.1/thumb/v7e-m/fpv4-sp/hard\libgcc.a(_aeabi_uldivmod.o) (__udivmoddi4)
c:/st/stm32cubeide_1.12.0/stm32cubeide/plugins/com.st.stm32cube.ide.mcu.externaltools.gnu-tools-for-stm32.7-2018-q2-update.win32_2.0.200.202301161003/tools/bin/../lib/gcc/arm-none-eabi/7.3.1/thumb/v7e-m/fpv4-sp/hard\libgcc.a(_dvmd_tls.o)
                              c:/st/stm32cubeide_1.12.0/stm32cubeide/plugins/com.st.stm32cube.ide.mcu.externaltools.gnu-tools-for-stm32.7-2018-q2-update.win32_2.0.200.202301161003/tools/bin/../lib/gcc/arm-none-eabi/7.3.1/thumb/v7e-m/fpv4-sp/hard\libgcc.a(_aeabi_uldivmod.o) (__aeabi_ldiv0)

Allocating common symbols
Common symbol       size              file

hdma_tim1_ch1       0x60              ./Core/Src/main.o
huart3              0x44              ./Core/Src/main.o
[...]
Memory Configuration

Name             Origin             Length             Attributes
CCMRAM           0x0000000010000000 0x0000000000010000 xrw
RAM              0x0000000020000000 0x0000000000030000 xrw
FLASH            0x0000000008000000 0x0000000000200000 xr
*default*        0x0000000000000000 0xffffffffffffffff

Linker script and memory map

LOAD c:/st/stm32cubeide_1.12.0/stm32cubeide/plugins/com.st.stm32cube.ide.mcu.externaltools.gnu-tools-for-stm32.7-2018-q2-update.win32_2.0.200.202301161003/tools/bin/../lib/gcc/arm-none-eabi/7.3.1/thumb/v7e-m/fpv4-sp/hard/crti.o
LOAD c:/st/stm32cubeide_1.12.0/stm32cubeide/plugins/com.st.stm32cube.ide.mcu.externaltools.gnu-tools-for-stm32.7-2018-q2-update.win32_2.0.200.202301161003/tools/bin/../lib/gcc/arm-none-eabi/7.3.1/thumb/v7e-m/fpv4-sp/hard/crtbegin.o
LOAD c:/st/stm32cubeide_1.12.0/stm32cubeide/plugins/com.st.stm32cube.ide.mcu.externaltools.gnu-tools-for-stm32.7-2018-q2-update.win32_2.0.200.202301161003/tools/bin/../lib/gcc/arm-none-eabi/7.3.1/../../../../arm-none-eabi/lib/thumb/v7e-m/fpv4-sp/hard/crt0.o
LOAD ./Core/Src/main.o
LOAD ./Core/Src/stm32f4xx_hal_msp.o
LOAD ./Core/Src/stm32f4xx_it.o
LOAD ./Core/Src/syscalls.o
LOAD ./Core/Src/sysmem.o
LOAD ./Core/Src/system_stm32f4xx.o
LOAD ./Core/Startup/startup_stm32f429zitx.o
LOAD ./Drivers/Device/MFRC522.o
LOAD ./Drivers/STM32F4xx_HAL_Driver/Src/stm32f4xx_hal.o
LOAD ./Drivers/STM32F4xx_HAL_Driver/Src/stm32f4xx_hal_cortex.o
LOAD ./Drivers/STM32F4xx_HAL_Driver/Src/stm32f4xx_hal_dma.o
LOAD ./Drivers/STM32F4xx_HAL_Driver/Src/stm32f4xx_hal_dma_ex.o
LOAD ./Drivers/STM32F4xx_HAL_Driver/Src/stm32f4xx_hal_eth.o
LOAD ./Drivers/STM32F4xx_HAL_Driver/Src/stm32f4xx_hal_exti.o
LOAD ./Drivers/STM32F4xx_HAL_Driver/Src/stm32f4xx_hal_flash.o
LOAD ./Drivers/STM32F4xx_HAL_Driver/Src/stm32f4xx_hal_flash_ex.o
LOAD ./Drivers/STM32F4xx_HAL_Driver/Src/stm32f4xx_hal_flash_ramfunc.o
LOAD ./Drivers/STM32F4xx_HAL_Driver/Src/stm32f4xx_hal_gpio.o
LOAD ./Drivers/STM32F4xx_HAL_Driver/Src/stm32f4xx_hal_pcd.o
LOAD ./Drivers/STM32F4xx_HAL_Driver/Src/stm32f4xx_hal_pcd_ex.o
LOAD ./Drivers/STM32F4xx_HAL_Driver/Src/stm32f4xx_hal_pwr.o
LOAD ./Drivers/STM32F4xx_HAL_Driver/Src/stm32f4xx_hal_pwr_ex.o
LOAD ./Drivers/STM32F4xx_HAL_Driver/Src/stm32f4xx_hal_rcc.o
LOAD ./Drivers/STM32F4xx_HAL_Driver/Src/stm32f4xx_hal_rcc_ex.o
LOAD ./Drivers/STM32F4xx_HAL_Driver/Src/stm32f4xx_hal_spi.o
LOAD ./Drivers/STM32F4xx_HAL_Driver/Src/stm32f4xx_hal_tim.o
LOAD ./Drivers/STM32F4xx_HAL_Driver/Src/stm32f4xx_hal_tim_ex.o
LOAD ./Drivers/STM32F4xx_HAL_Driver/Src/stm32f4xx_hal_uart.o
LOAD ./Drivers/STM32F4xx_HAL_Driver/Src/stm32f4xx_ll_usb.o
LOAD ./Utils/SEGGER_RTT.o
LOAD ./Utils/SEGGER_RTT_printf.o
LOAD ./Utils/led.o
START GROUP
LOAD c:/st/stm32cubeide_1.12.0/stm32cubeide/plugins/com.st.stm32cube.ide.mcu.externaltools.gnu-tools-for-stm32.7-2018-q2-update.win32_2.0.200.202301161003/tools/bin/../lib/gcc/arm-none-eabi/7.3.1/../../../../arm-none-eabi/lib/thumb/v7e-m/fpv4-sp/hard\libc_nano.a
LOAD c:/st/stm32cubeide_1.12.0/stm32cubeide/plugins/com.st.stm32cube.ide.mcu.externaltools.gnu-tools-for-stm32.7-2018-q2-update.win32_2.0.200.202301161003/tools/bin/../lib/gcc/arm-none-eabi/7.3.1/../../../../arm-none-eabi/lib/thumb/v7e-m/fpv4-sp/hard\libm.a
END GROUP
START GROUP
LOAD c:/st/stm32cubeide_1.12.0/stm32cubeide/plugins/com.st.stm32cube.ide.mcu.externaltools.gnu-tools-for-stm32.7-2018-q2-update.win32_2.0.200.202301161003/tools/bin/../lib/gcc/arm-none-eabi/7.3.1/thumb/v7e-m/fpv4-sp/hard\libgcc.a
LOAD c:/st/stm32cubeide_1.12.0/stm32cubeide/plugins/com.st.stm32cube.ide.mcu.externaltools.gnu-tools-for-stm32.7-2018-q2-update.win32_2.0.200.202301161003/tools/bin/../lib/gcc/arm-none-eabi/7.3.1/../../../../arm-none-eabi/lib/thumb/v7e-m/fpv4-sp/hard\libc_nano.a
END GROUP
START GROUP
LOAD c:/st/stm32cubeide_1.12.0/stm32cubeide/plugins/com.st.stm32cube.ide.mcu.externaltools.gnu-tools-for-stm32.7-2018-q2-update.win32_2.0.200.202301161003/tools/bin/../lib/gcc/arm-none-eabi/7.3.1/thumb/v7e-m/fpv4-sp/hard\libgcc.a
LOAD c:/st/stm32cubeide_1.12.0/stm32cubeide/plugins/com.st.stm32cube.ide.mcu.externaltools.gnu-tools-for-stm32.7-2018-q2-update.win32_2.0.200.202301161003/tools/bin/../lib/gcc/arm-none-eabi/7.3.1/../../../../arm-none-eabi/lib/thumb/v7e-m/fpv4-sp/hard\libc_nano.a
LOAD c:/st/stm32cubeide_1.12.0/stm32cubeide/plugins/com.st.stm32cube.ide.mcu.externaltools.gnu-tools-for-stm32.7-2018-q2-update.win32_2.0.200.202301161003/tools/bin/../lib/gcc/arm-none-eabi/7.3.1/../../../../arm-none-eabi/lib/thumb/v7e-m/fpv4-sp/hard\libnosys.a
END GROUP
START GROUP
LOAD c:/st/stm32cubeide_1.12.0/stm32cubeide/plugins/com.st.stm32cube.ide.mcu.externaltools.gnu-tools-for-stm32.7-2018-q2-update.win32_2.0.200.202301161003/tools/bin/../lib/gcc/arm-none-eabi/7.3.1/thumb/v7e-m/fpv4-sp/hard\libgcc.a
LOAD c:/st/stm32cubeide_1.12.0/stm32cubeide/plugins/com.st.stm32cube.ide.mcu.externaltools.gnu-tools-for-stm32.7-2018-q2-update.win32_2.0.200.202301161003/tools/bin/../lib/gcc/arm-none-eabi/7.3.1/../../../../arm-none-eabi/lib/thumb/v7e-m/fpv4-sp/hard\libc_nano.a
LOAD c:/st/stm32cubeide_1.12.0/stm32cubeide/plugins/com.st.stm32cube.ide.mcu.externaltools.gnu-tools-for-stm32.7-2018-q2-update.win32_2.0.200.202301161003/tools/bin/../lib/gcc/arm-none-eabi/7.3.1/../../../../arm-none-eabi/lib/thumb/v7e-m/fpv4-sp/hard\libnosys.a
END GROUP
LOAD c:/st/stm32cubeide_1.12.0/stm32cubeide/plugins/com.st.stm32cube.ide.mcu.externaltools.gnu-tools-for-stm32.7-2018-q2-update.win32_2.0.200.202301161003/tools/bin/../lib/gcc/arm-none-eabi/7.3.1/thumb/v7e-m/fpv4-sp/hard/crtend.o
LOAD c:/st/stm32cubeide_1.12.0/stm32cubeide/plugins/com.st.stm32cube.ide.mcu.externaltools.gnu-tools-for-stm32.7-2018-q2-update.win32_2.0.200.202301161003/tools/bin/../lib/gcc/arm-none-eabi/7.3.1/thumb/v7e-m/fpv4-sp/hard/crtn.o
                0x0000000020030000                _estack = (ORIGIN (RAM) + LENGTH (RAM))
                0x0000000000000200                _Min_Heap_Size = 0x200
                0x0000000000000400                _Min_Stack_Size = 0x400

.isr_vector     0x0000000008000000      0x1ac
                0x0000000008000000                . = ALIGN (0x4)
 *(.isr_vector)
 .isr_vector    0x0000000008000000      0x1ac ./Core/Startup/startup_stm32f429zitx.o
                0x0000000008000000                g_pfnVectors
                0x00000000080001ac                . = ALIGN (0x4)

.text           0x00000000080001ac     0x50e4
                0x00000000080001ac                . = ALIGN (0x4)
 *(.text)
 .text          0x00000000080001ac       0x40 c:/st/stm32cubeide_1.12.0/stm32cubeide/plugins/com.st.stm32cube.ide.mcu.externaltools.gnu-tools-for-stm32.7-2018-q2-update.win32_2.0.200.202301161003/tools/bin/../lib/gcc/arm-none-eabi/7.3.1/thumb/v7e-m/fpv4-sp/hard/crtbegin.o
 .text          0x00000000080001ec       0x30 c:/st/stm32cubeide_1.12.0/stm32cubeide/plugins/com.st.stm32cube.ide.mcu.externaltools.gnu-tools-for-stm32.7-2018-q2-update.win32_2.0.200.202301161003/tools/bin/../lib/gcc/arm-none-eabi/7.3.1/thumb/v7e-m/fpv4-sp/hard\libgcc.a(_aeabi_uldivmod.o)
                0x00000000080001ec                __aeabi_uldivmod
 .text          0x000000000800021c      0x2cc c:/st/stm32cubeide_1.12.0/stm32cubeide/plugins/com.st.stm32cube.ide.mcu.externaltools.gnu-tools-for-stm32.7-2018-q2-update.win32_2.0.200.202301161003/tools/bin/../lib/gcc/arm-none-eabi/7.3.1/thumb/v7e-m/fpv4-sp/hard\libgcc.a(_udivmoddi4.o)
                0x000000000800021c                __udivmoddi4
 .text          0x00000000080004e8        0x4 c:/st/stm32cubeide_1.12.0/stm32cubeide/plugins/com.st.stm32cube.ide.mcu.externaltools.gnu-tools-for-stm32.7-2018-q2-update.win32_2.0.200.202301161003/tools/bin/../lib/gcc/arm-none-eabi/7.3.1/thumb/v7e-m/fpv4-sp/hard\libgcc.a(_dvmd_tls.o)
                0x00000000080004e8                __aeabi_idiv0
                0x00000000080004e8                __aeabi_ldiv0
 *(.text*)
 .text.main     0x00000000080004ec       0x88 ./Core/Src/main.o
                0x00000000080004ec                main
 .text.SystemClock_Config
                0x0000000008000574       0xd4 ./Core/Src/main.o
                0x0000000008000574                SystemClock_Config
 .text.MX_ETH_Init
                0x0000000008000648       0x9c ./Core/Src/main.o
 .text.MX_SPI1_Init
                0x00000000080006e4       0x6c ./Core/Src/main.o
 .text.MX_TIM1_Init
                0x0000000008000750      0x144 ./Core/Src/main.o
 .text.MX_TIM6_Init
                0x0000000008000894       0x6c ./Core/Src/main.o
 .text.MX_USART3_UART_Init
                0x0000000008000900       0x54 ./Core/Src/main.o
 .text.MX_USB_OTG_FS_PCD_Init
                0x0000000008000954       0x5c ./Core/Src/main.o
 .text.MX_DMA_Init
                0x00000000080009b0       0x40 ./Core/Src/main.o
 .text.MX_GPIO_Init
                0x00000000080009f0      0x188 ./Core/Src/main.o
 .text.HAL_GPIO_EXTI_Callback
                0x0000000008000b78       0x90 ./Core/Src/main.o
                0x0000000008000b78                HAL_GPIO_EXTI_Callback
 .text.HAL_TIM_PeriodElapsedCallback
                0x0000000008000c08       0x14 ./Core/Src/main.o
                0x0000000008000c08                HAL_TIM_PeriodElapsedCallback
 .text.Error_Handler
                0x0000000008000c1c        0x8 ./Core/Src/main.o
                0x0000000008000c1c                Error_Handler
 .text.HAL_MspInit
                0x0000000008000c24       0x50 ./Core/Src/stm32f4xx_hal_msp.o
                0x0000000008000c24                HAL_MspInit
 .text.HAL_ETH_MspInit
                0x0000000008000c74      0x18c ./Core/Src/stm32f4xx_hal_msp.o
                0x0000000008000c74                HAL_ETH_MspInit
 .text.HAL_SPI_MspInit
                0x0000000008000e00       0xd0 ./Core/Src/stm32f4xx_hal_msp.o
                0x0000000008000e00                HAL_SPI_MspInit
 .text.HAL_TIM_Base_MspInit
                0x0000000008000ed0       0xe4 ./Core/Src/stm32f4xx_hal_msp.o
                0x0000000008000ed0                HAL_TIM_Base_MspInit
 .text.HAL_TIM_MspPostInit
                0x0000000008000fb4       0x74 ./Core/Src/stm32f4xx_hal_msp.o
                0x0000000008000fb4                HAL_TIM_MspPostInit
 .text.HAL_UART_MspInit
                0x0000000008001028       0x90 ./Core/Src/stm32f4xx_hal_msp.o
                0x0000000008001028                HAL_UART_MspInit
 .text.HAL_PCD_MspInit
                0x00000000080010b8       0xb4 ./Core/Src/stm32f4xx_hal_msp.o
                0x00000000080010b8                HAL_PCD_MspInit
 .text.NMI_Handler
                0x000000000800116c        0x6 ./Core/Src/stm32f4xx_it.o
                0x000000000800116c                NMI_Handler
 .text.HardFault_Handler
                0x0000000008001172        0x6 ./Core/Src/stm32f4xx_it.o
                0x0000000008001172                HardFault_Handler
 .text.MemManage_Handler
                0x0000000008001178        0x6 ./Core/Src/stm32f4xx_it.o
                0x0000000008001178                MemManage_Handler
 .text.BusFault_Handler
                0x000000000800117e        0x6 ./Core/Src/stm32f4xx_it.o
                0x000000000800117e                BusFault_Handler
 .text.UsageFault_Handler
                0x0000000008001184        0x6 ./Core/Src/stm32f4xx_it.o
                0x0000000008001184                UsageFault_Handler
 .text.SVC_Handler
                0x000000000800118a        0xe ./Core/Src/stm32f4xx_it.o
                0x000000000800118a                SVC_Handler
 .text.DebugMon_Handler
                0x0000000008001198        0xe ./Core/Src/stm32f4xx_it.o
                0x0000000008001198                DebugMon_Handler
 .text.PendSV_Handler
                0x00000000080011a6        0xe ./Core/Src/stm32f4xx_it.o
                0x00000000080011a6                PendSV_Handler
 .text.SysTick_Handler
                0x00000000080011b4        0xc ./Core/Src/stm32f4xx_it.o
                0x00000000080011b4                SysTick_Handler
 .text.EXTI15_10_IRQHandler
                0x00000000080011c0       0x10 ./Core/Src/stm32f4xx_it.o
                0x00000000080011c0                EXTI15_10_IRQHandler
 .text.TIM6_DAC_IRQHandler
                0x00000000080011d0       0x14 ./Core/Src/stm32f4xx_it.o
                0x00000000080011d0                TIM6_DAC_IRQHandler
 .text.DMA2_Stream1_IRQHandler
                0x00000000080011e4       0x14 ./Core/Src/stm32f4xx_it.o
                0x00000000080011e4                DMA2_Stream1_IRQHandler
 .text.SystemInit
                0x00000000080011f8       0x24 ./Core/Src/system_stm32f4xx.o
                0x00000000080011f8                SystemInit
 .text.Reset_Handler
                0x000000000800121c       0x50 ./Core/Startup/startup_stm32f429zitx.o
                0x000000000800121c                Reset_Handler
 .text.Default_Handler
                0x000000000800126c        0x2 ./Core/Startup/startup_stm32f429zitx.o
                0x000000000800126c                RTC_Alarm_IRQHandler
                0x000000000800126c                HASH_RNG_IRQHandler
                0x000000000800126c                EXTI2_IRQHandler
                0x000000000800126c                TIM8_CC_IRQHandler
                0x000000000800126c                UART8_IRQHandler
                0x000000000800126c                SPI4_IRQHandler
                0x000000000800126c                TIM1_CC_IRQHandler
                0x000000000800126c                DMA2_Stream5_IRQHandler
                0x000000000800126c                DMA1_Stream5_IRQHandler
                0x000000000800126c                PVD_IRQHandler
                0x000000000800126c                SDIO_IRQHandler
                0x000000000800126c                TAMP_STAMP_IRQHandler
                0x000000000800126c                CAN2_RX1_IRQHandler
                0x000000000800126c                EXTI3_IRQHandler
                0x000000000800126c                TIM8_TRG_COM_TIM14_IRQHandler
                0x000000000800126c                TIM1_UP_TIM10_IRQHandler
                0x000000000800126c                TIM8_UP_TIM13_IRQHandler
                0x000000000800126c                I2C3_ER_IRQHandler
                0x000000000800126c                EXTI0_IRQHandler
                0x000000000800126c                I2C2_EV_IRQHandler
                0x000000000800126c                DMA1_Stream2_IRQHandler
                0x000000000800126c                CAN1_RX0_IRQHandler
                0x000000000800126c                FPU_IRQHandler
                0x000000000800126c                OTG_HS_WKUP_IRQHandler
                0x000000000800126c                LTDC_ER_IRQHandler
                0x000000000800126c                CAN2_SCE_IRQHandler
                0x000000000800126c                DMA2_Stream2_IRQHandler
                0x000000000800126c                SPI1_IRQHandler
                0x000000000800126c                TIM1_BRK_TIM9_IRQHandler
                0x000000000800126c                DCMI_IRQHandler
                0x000000000800126c                CAN2_RX0_IRQHandler
                0x000000000800126c                DMA2_Stream3_IRQHandler
                0x000000000800126c                USART6_IRQHandler
                0x000000000800126c                USART3_IRQHandler
                0x000000000800126c                CAN1_RX1_IRQHandler
                0x000000000800126c                UART5_IRQHandler
                0x000000000800126c                DMA2_Stream0_IRQHandler
                0x000000000800126c                TIM4_IRQHandler
                0x000000000800126c                I2C1_EV_IRQHandler
                0x000000000800126c                DMA1_Stream6_IRQHandler
                0x000000000800126c                DMA1_Stream1_IRQHandler
                0x000000000800126c                UART4_IRQHandler
                0x000000000800126c                TIM3_IRQHandler
                0x000000000800126c                RCC_IRQHandler
                0x000000000800126c                TIM8_BRK_TIM12_IRQHandler
                0x000000000800126c                Default_Handler
                0x000000000800126c                ADC_IRQHandler
                0x000000000800126c                DMA1_Stream7_IRQHandler
                0x000000000800126c                SPI5_IRQHandler
                0x000000000800126c                TIM7_IRQHandler
                0x000000000800126c                CAN2_TX_IRQHandler
                0x000000000800126c                TIM5_IRQHandler
                0x000000000800126c                DMA2_Stream7_IRQHandler
                0x000000000800126c                I2C3_EV_IRQHandler
                0x000000000800126c                EXTI9_5_IRQHandler
                0x000000000800126c                RTC_WKUP_IRQHandler
                0x000000000800126c                LTDC_IRQHandler
                0x000000000800126c                ETH_WKUP_IRQHandler
                0x000000000800126c                SPI2_IRQHandler
                0x000000000800126c                OTG_HS_EP1_IN_IRQHandler
                0x000000000800126c                DMA1_Stream0_IRQHandler
                0x000000000800126c                CAN1_TX_IRQHandler
                0x000000000800126c                EXTI4_IRQHandler
                0x000000000800126c                ETH_IRQHandler
                0x000000000800126c                OTG_HS_EP1_OUT_IRQHandler
                0x000000000800126c                WWDG_IRQHandler
                0x000000000800126c                SPI6_IRQHandler
                0x000000000800126c                TIM2_IRQHandler
                0x000000000800126c                OTG_FS_WKUP_IRQHandler
                0x000000000800126c                TIM1_TRG_COM_TIM11_IRQHandler
                0x000000000800126c                OTG_HS_IRQHandler
                0x000000000800126c                DMA2D_IRQHandler
                0x000000000800126c                EXTI1_IRQHandler
                0x000000000800126c                UART7_IRQHandler
                0x000000000800126c                USART2_IRQHandler
                0x000000000800126c                I2C2_ER_IRQHandler
                0x000000000800126c                CAN1_SCE_IRQHandler
                0x000000000800126c                FLASH_IRQHandler
                0x000000000800126c                DMA2_Stream4_IRQHandler
                0x000000000800126c                USART1_IRQHandler
                0x000000000800126c                OTG_FS_IRQHandler
                0x000000000800126c                SPI3_IRQHandler
                0x000000000800126c                DMA1_Stream4_IRQHandler
                0x000000000800126c                I2C1_ER_IRQHandler
                0x000000000800126c                FMC_IRQHandler
                0x000000000800126c                DMA2_Stream6_IRQHandler
                0x000000000800126c                SAI1_IRQHandler
                0x000000000800126c                DMA1_Stream3_IRQHandler
 *fill*         0x000000000800126e        0x2 
 .text.HAL_Init
                0x0000000008001270       0x44 ./Drivers/STM32F4xx_HAL_Driver/Src/stm32f4xx_hal.o
                0x0000000008001270                HAL_Init
 .text.HAL_InitTick
                0x00000000080012b4       0x60 ./Drivers/STM32F4xx_HAL_Driver/Src/stm32f4xx_hal.o
                0x00000000080012b4                HAL_InitTick
 .text.HAL_IncTick
                0x0000000008001314       0x28 ./Drivers/STM32F4xx_HAL_Driver/Src/stm32f4xx_hal.o
                0x0000000008001314                HAL_IncTick
 .text.HAL_GetTick
                0x000000000800133c       0x18 ./Drivers/STM32F4xx_HAL_Driver/Src/stm32f4xx_hal.o
                0x000000000800133c                HAL_GetTick
 .text.HAL_Delay
                0x0000000008001354       0x44 ./Drivers/STM32F4xx_HAL_Driver/Src/stm32f4xx_hal.o
                0x0000000008001354                HAL_Delay
 .text.__NVIC_SetPriorityGrouping
                0x0000000008001398       0x48 ./Drivers/STM32F4xx_HAL_Driver/Src/stm32f4xx_hal_cortex.o
 .text.__NVIC_GetPriorityGrouping
                0x00000000080013e0       0x1c ./Drivers/STM32F4xx_HAL_Driver/Src/stm32f4xx_hal_cortex.o
 .text.__NVIC_EnableIRQ
                0x00000000080013fc       0x3c ./Drivers/STM32F4xx_HAL_Driver/Src/stm32f4xx_hal_cortex.o
 .text.__NVIC_SetPriority
                0x0000000008001438       0x54 ./Drivers/STM32F4xx_HAL_Driver/Src/stm32f4xx_hal_cortex.o
 .text.NVIC_EncodePriority
                0x000000000800148c       0x66 ./Drivers/STM32F4xx_HAL_Driver/Src/stm32f4xx_hal_cortex.o
 *fill*         0x00000000080014f2        0x2 
 .text.SysTick_Config
                0x00000000080014f4       0x44 ./Drivers/STM32F4xx_HAL_Driver/Src/stm32f4xx_hal_cortex.o
 .text.HAL_NVIC_SetPriorityGrouping
                0x0000000008001538       0x16 ./Drivers/STM32F4xx_HAL_Driver/Src/stm32f4xx_hal_cortex.o
                0x0000000008001538                HAL_NVIC_SetPriorityGrouping
 .text.HAL_NVIC_SetPriority
                0x000000000800154e       0x38 ./Drivers/STM32F4xx_HAL_Driver/Src/stm32f4xx_hal_cortex.o
                0x000000000800154e                HAL_NVIC_SetPriority
 .text.HAL_NVIC_EnableIRQ
                0x0000000008001586       0x1c ./Drivers/STM32F4xx_HAL_Driver/Src/stm32f4xx_hal_cortex.o
                0x0000000008001586                HAL_NVIC_EnableIRQ
 .text.HAL_SYSTICK_Config
                0x00000000080015a2       0x18 ./Drivers/STM32F4xx_HAL_Driver/Src/stm32f4xx_hal_cortex.o
                0x00000000080015a2                HAL_SYSTICK_Config
 *fill*         0x00000000080015ba        0x2 
 .text.HAL_DMA_Init
                0x00000000080015bc      0x15c ./Drivers/STM32F4xx_HAL_Driver/Src/stm32f4xx_hal_dma.o
                0x00000000080015bc                HAL_DMA_Init
 .text.HAL_DMA_Start_IT
                0x0000000008001718       0xb0 ./Drivers/STM32F4xx_HAL_Driver/Src/stm32f4xx_hal_dma.o
                0x0000000008001718                HAL_DMA_Start_IT
 .text.HAL_DMA_IRQHandler
                0x00000000080017c8      0x314 ./Drivers/STM32F4xx_HAL_Driver/Src/stm32f4xx_hal_dma.o
                0x00000000080017c8                HAL_DMA_IRQHandler
 .text.DMA_SetConfig
                0x0000000008001adc       0x5c ./Drivers/STM32F4xx_HAL_Driver/Src/stm32f4xx_hal_dma.o
 .text.DMA_CalcBaseAndBitshift
                0x0000000008001b38       0x6c ./Drivers/STM32F4xx_HAL_Driver/Src/stm32f4xx_hal_dma.o
 .text.DMA_CheckFifoParam
                0x0000000008001ba4       0xf4 ./Drivers/STM32F4xx_HAL_Driver/Src/stm32f4xx_hal_dma.o
 .text.HAL_ETH_Init
                0x0000000008001c98       0xfc ./Drivers/STM32F4xx_HAL_Driver/Src/stm32f4xx_hal_eth.o
                0x0000000008001c98                HAL_ETH_Init
 .text.ETH_SetMACConfig
                0x0000000008001d94      0x160 ./Drivers/STM32F4xx_HAL_Driver/Src/stm32f4xx_hal_eth.o
 .text.ETH_SetDMAConfig
                0x0000000008001ef4      0x118 ./Drivers/STM32F4xx_HAL_Driver/Src/stm32f4xx_hal_eth.o
 .text.ETH_MACDMAConfig
                0x000000000800200c       0xe4 ./Drivers/STM32F4xx_HAL_Driver/Src/stm32f4xx_hal_eth.o
 .text.ETH_MACAddressConfig
                0x00000000080020f0       0x70 ./Drivers/STM32F4xx_HAL_Driver/Src/stm32f4xx_hal_eth.o
 .text.ETH_DMATxDescListInit
                0x0000000008002160       0xb4 ./Drivers/STM32F4xx_HAL_Driver/Src/stm32f4xx_hal_eth.o
 .text.ETH_DMARxDescListInit
                0x0000000008002214       0xdc ./Drivers/STM32F4xx_HAL_Driver/Src/stm32f4xx_hal_eth.o
 .text.HAL_GPIO_Init
                0x00000000080022f0      0x354 ./Drivers/STM32F4xx_HAL_Driver/Src/stm32f4xx_hal_gpio.o
                0x00000000080022f0                HAL_GPIO_Init
 .text.HAL_GPIO_ReadPin
                0x0000000008002644       0x30 ./Drivers/STM32F4xx_HAL_Driver/Src/stm32f4xx_hal_gpio.o
                0x0000000008002644                HAL_GPIO_ReadPin
 .text.HAL_GPIO_WritePin
                0x0000000008002674       0x32 ./Drivers/STM32F4xx_HAL_Driver/Src/stm32f4xx_hal_gpio.o
                0x0000000008002674                HAL_GPIO_WritePin
 *fill*         0x00000000080026a6        0x2 
 .text.HAL_GPIO_EXTI_IRQHandler
                0x00000000080026a8       0x30 ./Drivers/STM32F4xx_HAL_Driver/Src/stm32f4xx_hal_gpio.o
                0x00000000080026a8                HAL_GPIO_EXTI_IRQHandler
 .text.HAL_PCD_Init
                0x00000000080026d8      0x23a ./Drivers/STM32F4xx_HAL_Driver/Src/stm32f4xx_hal_pcd.o
                0x00000000080026d8                HAL_PCD_Init
 *fill*         0x0000000008002912        0x2 
 .text.HAL_RCC_OscConfig
                0x0000000008002914      0x4f0 ./Drivers/STM32F4xx_HAL_Driver/Src/stm32f4xx_hal_rcc.o
                0x0000000008002914                HAL_RCC_OscConfig
 .text.HAL_RCC_ClockConfig
                0x0000000008002e04      0x1cc ./Drivers/STM32F4xx_HAL_Driver/Src/stm32f4xx_hal_rcc.o
                0x0000000008002e04                HAL_RCC_ClockConfig
 .text.HAL_RCC_GetSysClockFreq
                0x0000000008002fd0      0x1b0 ./Drivers/STM32F4xx_HAL_Driver/Src/stm32f4xx_hal_rcc.o
                0x0000000008002fd0                HAL_RCC_GetSysClockFreq
 .text.HAL_RCC_GetHCLKFreq
                0x0000000008003180       0x18 ./Drivers/STM32F4xx_HAL_Driver/Src/stm32f4xx_hal_rcc.o
                0x0000000008003180                HAL_RCC_GetHCLKFreq
 .text.HAL_RCC_GetPCLK1Freq
                0x0000000008003198       0x28 ./Drivers/STM32F4xx_HAL_Driver/Src/stm32f4xx_hal_rcc.o
                0x0000000008003198                HAL_RCC_GetPCLK1Freq
 .text.HAL_RCC_GetPCLK2Freq
                0x00000000080031c0       0x28 ./Drivers/STM32F4xx_HAL_Driver/Src/stm32f4xx_hal_rcc.o
                0x00000000080031c0                HAL_RCC_GetPCLK2Freq
 .text.HAL_SPI_Init
                0x00000000080031e8      0x112 ./Drivers/STM32F4xx_HAL_Driver/Src/stm32f4xx_hal_spi.o
                0x00000000080031e8                HAL_SPI_Init
 .text.HAL_TIM_Base_Init
                0x00000000080032fa       0x9e ./Drivers/STM32F4xx_HAL_Driver/Src/stm32f4xx_hal_tim.o
                0x00000000080032fa                HAL_TIM_Base_Init
 .text.HAL_TIM_Base_Start_IT
                0x0000000008003398       0xe0 ./Drivers/STM32F4xx_HAL_Driver/Src/stm32f4xx_hal_tim.o
                0x0000000008003398                HAL_TIM_Base_Start_IT
 .text.HAL_TIM_PWM_Init
                0x0000000008003478       0x9e ./Drivers/STM32F4xx_HAL_Driver/Src/stm32f4xx_hal_tim.o
                0x0000000008003478                HAL_TIM_PWM_Init
 .text.HAL_TIM_PWM_MspInit
                0x0000000008003516       0x14 ./Drivers/STM32F4xx_HAL_Driver/Src/stm32f4xx_hal_tim.o
                0x0000000008003516                HAL_TIM_PWM_MspInit
 *fill*         0x000000000800352a        0x2 
 .text.HAL_TIM_PWM_Start_DMA
                0x000000000800352c      0x390 ./Drivers/STM32F4xx_HAL_Driver/Src/stm32f4xx_hal_tim.o
                0x000000000800352c                HAL_TIM_PWM_Start_DMA
 .text.HAL_TIM_IRQHandler
                0x00000000080038bc      0x210 ./Drivers/STM32F4xx_HAL_Driver/Src/stm32f4xx_hal_tim.o
                0x00000000080038bc                HAL_TIM_IRQHandler
 .text.HAL_TIM_PWM_ConfigChannel
                0x0000000008003acc      0x184 ./Drivers/STM32F4xx_HAL_Driver/Src/stm32f4xx_hal_tim.o
                0x0000000008003acc                HAL_TIM_PWM_ConfigChannel
 .text.HAL_TIM_ConfigClockSource
                0x0000000008003c50      0x178 ./Drivers/STM32F4xx_HAL_Driver/Src/stm32f4xx_hal_tim.o
                0x0000000008003c50                HAL_TIM_ConfigClockSource
 .text.HAL_TIM_OC_DelayElapsedCallback
                0x0000000008003dc8       0x14 ./Drivers/STM32F4xx_HAL_Driver/Src/stm32f4xx_hal_tim.o
                0x0000000008003dc8                HAL_TIM_OC_DelayElapsedCallback
 .text.HAL_TIM_IC_CaptureCallback
                0x0000000008003ddc       0x14 ./Drivers/STM32F4xx_HAL_Driver/Src/stm32f4xx_hal_tim.o
                0x0000000008003ddc                HAL_TIM_IC_CaptureCallback
 .text.HAL_TIM_PWM_PulseFinishedCallback
                0x0000000008003df0       0x14 ./Drivers/STM32F4xx_HAL_Driver/Src/stm32f4xx_hal_tim.o
                0x0000000008003df0                HAL_TIM_PWM_PulseFinishedCallback
 .text.HAL_TIM_PWM_PulseFinishedHalfCpltCallback
                0x0000000008003e04       0x14 ./Drivers/STM32F4xx_HAL_Driver/Src/stm32f4xx_hal_tim.o
                0x0000000008003e04                HAL_TIM_PWM_PulseFinishedHalfCpltCallback
 .text.HAL_TIM_TriggerCallback
                0x0000000008003e18       0x14 ./Drivers/STM32F4xx_HAL_Driver/Src/stm32f4xx_hal_tim.o
                0x0000000008003e18                HAL_TIM_TriggerCallback
 .text.HAL_TIM_ErrorCallback
                0x0000000008003e2c       0x14 ./Drivers/STM32F4xx_HAL_Driver/Src/stm32f4xx_hal_tim.o
                0x0000000008003e2c                HAL_TIM_ErrorCallback
 .text.TIM_DMAError
                0x0000000008003e40       0x92 ./Drivers/STM32F4xx_HAL_Driver/Src/stm32f4xx_hal_tim.o
                0x0000000008003e40                TIM_DMAError
 .text.TIM_DMADelayPulseCplt
                0x0000000008003ed2       0xa8 ./Drivers/STM32F4xx_HAL_Driver/Src/stm32f4xx_hal_tim.o
 .text.TIM_DMADelayPulseHalfCplt
                0x0000000008003f7a       0x68 ./Drivers/STM32F4xx_HAL_Driver/Src/stm32f4xx_hal_tim.o
                0x0000000008003f7a                TIM_DMADelayPulseHalfCplt
 *fill*         0x0000000008003fe2        0x2 
 .text.TIM_Base_SetConfig
                0x0000000008003fe4      0x140 ./Drivers/STM32F4xx_HAL_Driver/Src/stm32f4xx_hal_tim.o
                0x0000000008003fe4                TIM_Base_SetConfig
 .text.TIM_OC1_SetConfig
                0x0000000008004124       0xe0 ./Drivers/STM32F4xx_HAL_Driver/Src/stm32f4xx_hal_tim.o
 .text.TIM_OC2_SetConfig
                0x0000000008004204       0xec ./Drivers/STM32F4xx_HAL_Driver/Src/stm32f4xx_hal_tim.o
                0x0000000008004204                TIM_OC2_SetConfig
 .text.TIM_OC3_SetConfig
                0x00000000080042f0       0xe8 ./Drivers/STM32F4xx_HAL_Driver/Src/stm32f4xx_hal_tim.o
 .text.TIM_OC4_SetConfig
                0x00000000080043d8       0xac ./Drivers/STM32F4xx_HAL_Driver/Src/stm32f4xx_hal_tim.o
 .text.TIM_TI1_ConfigInputStage
                0x0000000008004484       0x5e ./Drivers/STM32F4xx_HAL_Driver/Src/stm32f4xx_hal_tim.o
 .text.TIM_TI2_ConfigInputStage
                0x00000000080044e2       0x60 ./Drivers/STM32F4xx_HAL_Driver/Src/stm32f4xx_hal_tim.o
 .text.TIM_ITRx_SetConfig
                0x0000000008004542       0x36 ./Drivers/STM32F4xx_HAL_Driver/Src/stm32f4xx_hal_tim.o
 .text.TIM_ETR_SetConfig
                0x0000000008004578       0x40 ./Drivers/STM32F4xx_HAL_Driver/Src/stm32f4xx_hal_tim.o
                0x0000000008004578                TIM_ETR_SetConfig
 .text.TIM_CCxChannelCmd
                0x00000000080045b8       0x4a ./Drivers/STM32F4xx_HAL_Driver/Src/stm32f4xx_hal_tim.o
                0x00000000080045b8                TIM_CCxChannelCmd
 *fill*         0x0000000008004602        0x2 
 .text.HAL_TIMEx_MasterConfigSynchronization
                0x0000000008004604       0xf8 ./Drivers/STM32F4xx_HAL_Driver/Src/stm32f4xx_hal_tim_ex.o
                0x0000000008004604                HAL_TIMEx_MasterConfigSynchronization
 .text.HAL_TIMEx_ConfigBreakDeadTime
                0x00000000080046fc       0xa4 ./Drivers/STM32F4xx_HAL_Driver/Src/stm32f4xx_hal_tim_ex.o
                0x00000000080046fc                HAL_TIMEx_ConfigBreakDeadTime
 .text.HAL_TIMEx_CommutCallback
                0x00000000080047a0       0x14 ./Drivers/STM32F4xx_HAL_Driver/Src/stm32f4xx_hal_tim_ex.o
                0x00000000080047a0                HAL_TIMEx_CommutCallback
 .text.HAL_TIMEx_BreakCallback
                0x00000000080047b4       0x14 ./Drivers/STM32F4xx_HAL_Driver/Src/stm32f4xx_hal_tim_ex.o
                0x00000000080047b4                HAL_TIMEx_BreakCallback
 .text.HAL_UART_Init
                0x00000000080047c8       0x9a ./Drivers/STM32F4xx_HAL_Driver/Src/stm32f4xx_hal_uart.o
                0x00000000080047c8                HAL_UART_Init
 *fill*         0x0000000008004862        0x2 
 .text.UART_SetConfig
                0x0000000008004864      0x3b8 ./Drivers/STM32F4xx_HAL_Driver/Src/stm32f4xx_hal_uart.o
 .text.USB_CoreInit
                0x0000000008004c1c       0xc2 ./Drivers/STM32F4xx_HAL_Driver/Src/stm32f4xx_ll_usb.o
                0x0000000008004c1c                USB_CoreInit
 .text.USB_DisableGlobalInt
                0x0000000008004cde       0x22 ./Drivers/STM32F4xx_HAL_Driver/Src/stm32f4xx_ll_usb.o
                0x0000000008004cde                USB_DisableGlobalInt
 .text.USB_SetCurrentMode
                0x0000000008004d00       0x98 ./Drivers/STM32F4xx_HAL_Driver/Src/stm32f4xx_ll_usb.o
                0x0000000008004d00                USB_SetCurrentMode
 .text.USB_DevInit
                0x0000000008004d98      0x2c8 ./Drivers/STM32F4xx_HAL_Driver/Src/stm32f4xx_ll_usb.o
                0x0000000008004d98                USB_DevInit
 .text.USB_FlushTxFifo
                0x0000000008005060       0x68 ./Drivers/STM32F4xx_HAL_Driver/Src/stm32f4xx_ll_usb.o
                0x0000000008005060                USB_FlushTxFifo
 .text.USB_FlushRxFifo
                0x00000000080050c8       0x60 ./Drivers/STM32F4xx_HAL_Driver/Src/stm32f4xx_ll_usb.o
                0x00000000080050c8                USB_FlushRxFifo
 .text.USB_SetDevSpeed
                0x0000000008005128       0x32 ./Drivers/STM32F4xx_HAL_Driver/Src/stm32f4xx_ll_usb.o
                0x0000000008005128                USB_SetDevSpeed
 .text.USB_DevDisconnect
                0x000000000800515a       0x42 ./Drivers/STM32F4xx_HAL_Driver/Src/stm32f4xx_ll_usb.o
                0x000000000800515a                USB_DevDisconnect
 .text.USB_GetMode
                0x000000000800519c       0x1c ./Drivers/STM32F4xx_HAL_Driver/Src/stm32f4xx_ll_usb.o
                0x000000000800519c                USB_GetMode
 .text.USB_CoreReset
                0x00000000080051b8       0x68 ./Drivers/STM32F4xx_HAL_Driver/Src/stm32f4xx_ll_usb.o
 .text.__libc_init_array
                0x0000000008005220       0x48 c:/st/stm32cubeide_1.12.0/stm32cubeide/plugins/com.st.stm32cube.ide.mcu.externaltools.gnu-tools-for-stm32.7-2018-q2-update.win32_2.0.200.202301161003/tools/bin/../lib/gcc/arm-none-eabi/7.3.1/../../../../arm-none-eabi/lib/thumb/v7e-m/fpv4-sp/hard\libc_nano.a(lib_a-init.o)
                0x0000000008005220                __libc_init_array
 .text.memset   0x0000000008005268       0x10 c:/st/stm32cubeide_1.12.0/stm32cubeide/plugins/com.st.stm32cube.ide.mcu.externaltools.gnu-tools-for-stm32.7-2018-q2-update.win32_2.0.200.202301161003/tools/bin/../lib/gcc/arm-none-eabi/7.3.1/../../../../arm-none-eabi/lib/thumb/v7e-m/fpv4-sp/hard\libc_nano.a(lib_a-memset.o)
                0x0000000008005268                memset
 *(.glue_7)
 .glue_7        0x0000000008005278        0x0 linker stubs
 *(.glue_7t)
 .glue_7t       0x0000000008005278        0x0 linker stubs
 *(.eh_frame)
 .eh_frame      0x0000000008005278        0x0 c:/st/stm32cubeide_1.12.0/stm32cubeide/plugins/com.st.stm32cube.ide.mcu.externaltools.gnu-tools-for-stm32.7-2018-q2-update.win32_2.0.200.202301161003/tools/bin/../lib/gcc/arm-none-eabi/7.3.1/thumb/v7e-m/fpv4-sp/hard/crtbegin.o
 *(.init)
 .init          0x0000000008005278        0x4 c:/st/stm32cubeide_1.12.0/stm32cubeide/plugins/com.st.stm32cube.ide.mcu.externaltools.gnu-tools-for-stm32.7-2018-q2-update.win32_2.0.200.202301161003/tools/bin/../lib/gcc/arm-none-eabi/7.3.1/thumb/v7e-m/fpv4-sp/hard/crti.o
                0x0000000008005278                _init
 .init          0x000000000800527c        0x8 c:/st/stm32cubeide_1.12.0/stm32cubeide/plugins/com.st.stm32cube.ide.mcu.externaltools.gnu-tools-for-stm32.7-2018-q2-update.win32_2.0.200.202301161003/tools/bin/../lib/gcc/arm-none-eabi/7.3.1/thumb/v7e-m/fpv4-sp/hard/crtn.o
 *(.fini)
 .fini          0x0000000008005284        0x4 c:/st/stm32cubeide_1.12.0/stm32cubeide/plugins/com.st.stm32cube.ide.mcu.externaltools.gnu-tools-for-stm32.7-2018-q2-update.win32_2.0.200.202301161003/tools/bin/../lib/gcc/arm-none-eabi/7.3.1/thumb/v7e-m/fpv4-sp/hard/crti.o
                0x0000000008005284                _fini
 .fini          0x0000000008005288        0x8 c:/st/stm32cubeide_1.12.0/stm32cubeide/plugins/com.st.stm32cube.ide.mcu.externaltools.gnu-tools-for-stm32.7-2018-q2-update.win32_2.0.200.202301161003/tools/bin/../lib/gcc/arm-none-eabi/7.3.1/thumb/v7e-m/fpv4-sp/hard/crtn.o
                0x0000000008005290                . = ALIGN (0x4)
                0x0000000008005290                _etext = .

.vfp11_veneer   0x0000000008005290        0x0
 .vfp11_veneer  0x0000000008005290        0x0 linker stubs

.v4_bx          0x0000000008005290        0x0
 .v4_bx         0x0000000008005290        0x0 linker stubs

.iplt           0x0000000008005290        0x0
 .iplt          0x0000000008005290        0x0 c:/st/stm32cubeide_1.12.0/stm32cubeide/plugins/com.st.stm32cube.ide.mcu.externaltools.gnu-tools-for-stm32.7-2018-q2-update.win32_2.0.200.202301161003/tools/bin/../lib/gcc/arm-none-eabi/7.3.1/thumb/v7e-m/fpv4-sp/hard/crtbegin.o

.rodata         0x0000000008005290       0x20
                0x0000000008005290                . = ALIGN (0x4)
 *(.rodata)
 *(.rodata*)
 .rodata.AHBPrescTable
                0x0000000008005290       0x10 ./Core/Src/system_stm32f4xx.o
                0x0000000008005290                AHBPrescTable
 .rodata.APBPrescTable
                0x00000000080052a0        0x8 ./Core/Src/system_stm32f4xx.o
                0x00000000080052a0                APBPrescTable
 .rodata.flagBitshiftOffset.9139
                0x00000000080052a8        0x8 ./Drivers/STM32F4xx_HAL_Driver/Src/stm32f4xx_hal_dma.o
                0x00000000080052b0                . = ALIGN (0x4)

.ARM.extab      0x00000000080052b0        0x0
                0x00000000080052b0                . = ALIGN (0x4)
 *(.ARM.extab* .gnu.linkonce.armextab.*)
                0x00000000080052b0                . = ALIGN (0x4)

.ARM            0x00000000080052b0        0x8
                0x00000000080052b0                . = ALIGN (0x4)
                0x00000000080052b0                __exidx_start = .
 *(.ARM.exidx*)
 .ARM.exidx     0x00000000080052b0        0x8 c:/st/stm32cubeide_1.12.0/stm32cubeide/plugins/com.st.stm32cube.ide.mcu.externaltools.gnu-tools-for-stm32.7-2018-q2-update.win32_2.0.200.202301161003/tools/bin/../lib/gcc/arm-none-eabi/7.3.1/thumb/v7e-m/fpv4-sp/hard\libgcc.a(_udivmoddi4.o)
                0x00000000080052b8                __exidx_end = .
                0x00000000080052b8                . = ALIGN (0x4)

.rel.dyn        0x00000000080052b8        0x0
 .rel.iplt      0x00000000080052b8        0x0 c:/st/stm32cubeide_1.12.0/stm32cubeide/plugins/com.st.stm32cube.ide.mcu.externaltools.gnu-tools-for-stm32.7-2018-q2-update.win32_2.0.200.202301161003/tools/bin/../lib/gcc/arm-none-eabi/7.3.1/thumb/v7e-m/fpv4-sp/hard/crtbegin.o

.preinit_array  0x00000000080052b8        0x0
                0x00000000080052b8                . = ALIGN (0x4)
                0x00000000080052b8                PROVIDE (__preinit_array_start = .)
 *(.preinit_array*)
                0x00000000080052b8                PROVIDE (__preinit_array_end = .)
                0x00000000080052b8                . = ALIGN (0x4)

.init_array     0x00000000080052b8        0x4
                0x00000000080052b8                . = ALIGN (0x4)
                0x00000000080052b8                PROVIDE (__init_array_start = .)
 *(SORT_BY_NAME(.init_array.*))
 *(.init_array*)
 .init_array    0x00000000080052b8        0x4 c:/st/stm32cubeide_1.12.0/stm32cubeide/plugins/com.st.stm32cube.ide.mcu.externaltools.gnu-tools-for-stm32.7-2018-q2-update.win32_2.0.200.202301161003/tools/bin/../lib/gcc/arm-none-eabi/7.3.1/thumb/v7e-m/fpv4-sp/hard/crtbegin.o
                0x00000000080052bc                PROVIDE (__init_array_end = .)
                0x00000000080052bc                . = ALIGN (0x4)

.fini_array     0x00000000080052bc        0x4
                0x00000000080052bc                . = ALIGN (0x4)
                [!provide]                        PROVIDE (__fini_array_start = .)
 *(SORT_BY_NAME(.fini_array.*))
 *(.fini_array*)
 .fini_array    0x00000000080052bc        0x4 c:/st/stm32cubeide_1.12.0/stm32cubeide/plugins/com.st.stm32cube.ide.mcu.externaltools.gnu-tools-for-stm32.7-2018-q2-update.win32_2.0.200.202301161003/tools/bin/../lib/gcc/arm-none-eabi/7.3.1/thumb/v7e-m/fpv4-sp/hard/crtbegin.o
                [!provide]                        PROVIDE (__fini_array_end = .)
                0x00000000080052c0                . = ALIGN (0x4)
                0x00000000080052c0                _sidata = LOADADDR (.data)

.data           0x0000000020000000       0x14 load address 0x00000000080052c0
                0x0000000020000000                . = ALIGN (0x4)
                0x0000000020000000                _sdata = .
 *(.data)
 *(.data*)
 .data.isButtonPressed
                0x0000000020000000        0x4 ./Core/Src/main.o
                0x0000000020000000                isButtonPressed
 .data._pressed
                0x0000000020000004        0x4 ./Core/Src/main.o
 .data.SystemCoreClock
                0x0000000020000008        0x4 ./Core/Src/system_stm32f4xx.o
                0x0000000020000008                SystemCoreClock
 .data.uwTickPrio
                0x000000002000000c        0x4 ./Drivers/STM32F4xx_HAL_Driver/Src/stm32f4xx_hal.o
                0x000000002000000c                uwTickPrio
 .data.uwTickFreq
                0x0000000020000010        0x1 ./Drivers/STM32F4xx_HAL_Driver/Src/stm32f4xx_hal.o
                0x0000000020000010                uwTickFreq
 *(.RamFunc)
 *(.RamFunc*)
                0x0000000020000014                . = ALIGN (0x4)
 *fill*         0x0000000020000011        0x3 
                0x0000000020000014                _edata = .
                0x00000000080052d4                _siccmram = LOADADDR (.ccmram)

.igot.plt       0x0000000020000014        0x0 load address 0x00000000080052d4
 .igot.plt      0x0000000020000014        0x0 c:/st/stm32cubeide_1.12.0/stm32cubeide/plugins/com.st.stm32cube.ide.mcu.externaltools.gnu-tools-for-stm32.7-2018-q2-update.win32_2.0.200.202301161003/tools/bin/../lib/gcc/arm-none-eabi/7.3.1/thumb/v7e-m/fpv4-sp/hard/crtbegin.o

.ccmram         0x0000000010000000        0x0 load address 0x00000000080052d4
                0x0000000010000000                . = ALIGN (0x4)
                0x0000000010000000                _sccmram = .
 *(.ccmram)
 *(.ccmram*)
                0x0000000010000000                . = ALIGN (0x4)
                0x0000000010000000                _eccmram = .
                0x0000000010000000                . = ALIGN (0x4)

.bss            0x0000000020000014      0x8f0
                0x0000000020000014                _sbss = .
                0x0000000020000014                __bss_start__ = _sbss
 *(.bss)
 .bss           0x0000000020000014       0x1c c:/st/stm32cubeide_1.12.0/stm32cubeide/plugins/com.st.stm32cube.ide.mcu.externaltools.gnu-tools-for-stm32.7-2018-q2-update.win32_2.0.200.202301161003/tools/bin/../lib/gcc/arm-none-eabi/7.3.1/thumb/v7e-m/fpv4-sp/hard/crtbegin.o
 *(.bss*)
 .bss._tick     0x0000000020000030        0x4 ./Core/Src/main.o
 .bss._startTick
                0x0000000020000034        0x4 ./Core/Src/main.o
 .bss.MACAddr.9462
                0x0000000020000038        0x6 ./Core/Src/main.o
 *(COMMON)
 *fill*         0x000000002000003e        0x2 
 COMMON         0x0000000020000040      0x8c0 ./Core/Src/main.o
                0x0000000020000040                hdma_tim1_ch1
                0x00000000200000a0                huart3
                0x00000000200000e4                hpcd_USB_OTG_FS
                0x00000000200005f0                DMATxDscrTab
                0x0000000020000690                htim6
                0x00000000200006d8                htim1
                0x0000000020000720                DMARxDscrTab
                0x00000000200007c0                hspi1
                0x0000000020000818                heth
                0x00000000200008c8                TxConfig
 COMMON         0x0000000020000900        0x4 ./Drivers/STM32F4xx_HAL_Driver/Src/stm32f4xx_hal.o
                0x0000000020000900                uwTick
                0x0000000020000904                . = ALIGN (0x4)
                0x0000000020000904                _ebss = .
                0x0000000020000904                __bss_end__ = _ebss

._user_heap_stack
                0x0000000020000904      0x604
                0x0000000020000908                . = ALIGN (0x8)
 *fill*         0x0000000020000904        0x4 
                [!provide]                        PROVIDE (end = .)
                0x0000000020000908                PROVIDE (_end = .)
                0x0000000020000b08                . = (. + _Min_Heap_Size)
 *fill*         0x0000000020000908      0x200 
                0x0000000020000f08                . = (. + _Min_Stack_Size)
 *fill*         0x0000000020000b08      0x400 
                0x0000000020000f08                . = ALIGN (0x8)

/DISCARD/
 libc.a(*)
 libm.a(*)
 libgcc.a(*)

.ARM.attributes
                0x0000000000000000       0x30
 *(.ARM.attributes)
 .ARM.attributes
                0x0000000000000000       0x22 c:/st/stm32cubeide_1.12.0/stm32cubeide/plugins/com.st.stm32cube.ide.mcu.externaltools.gnu-tools-for-stm32.7-2018-q2-update.win32_2.0.200.202301161003/tools/bin/../lib/gcc/arm-none-eabi/7.3.1/thumb/v7e-m/fpv4-sp/hard/crti.o
 .ARM.attributes
                0x0000000000000022       0x34 c:/st/stm32cubeide_1.12.0/stm32cubeide/plugins/com.st.stm32cube.ide.mcu.externaltools.gnu-tools-for-stm32.7-2018-q2-update.win32_2.0.200.202301161003/tools/bin/../lib/gcc/arm-none-eabi/7.3.1/thumb/v7e-m/fpv4-sp/hard/crtbegin.o
 .ARM.attributes
                0x0000000000000056       0x39 ./Core/Src/main.o
 .ARM.attributes
                0x000000000000008f       0x39 ./Core/Src/stm32f4xx_hal_msp.o
 .ARM.attributes
                0x00000000000000c8       0x39 ./Core/Src/stm32f4xx_it.o
 .ARM.attributes
                0x0000000000000101       0x39 ./Core/Src/system_stm32f4xx.o
 .ARM.attributes
                0x000000000000013a       0x21 ./Core/Startup/startup_stm32f429zitx.o
 .ARM.attributes
                0x000000000000015b       0x39 ./Drivers/STM32F4xx_HAL_Driver/Src/stm32f4xx_hal.o
 .ARM.attributes
                0x0000000000000194       0x39 ./Drivers/STM32F4xx_HAL_Driver/Src/stm32f4xx_hal_cortex.o
 .ARM.attributes
                0x00000000000001cd       0x39 ./Drivers/STM32F4xx_HAL_Driver/Src/stm32f4xx_hal_dma.o
 .ARM.attributes
                0x0000000000000206       0x39 ./Drivers/STM32F4xx_HAL_Driver/Src/stm32f4xx_hal_eth.o
 .ARM.attributes
                0x000000000000023f       0x39 ./Drivers/STM32F4xx_HAL_Driver/Src/stm32f4xx_hal_gpio.o
 .ARM.attributes
                0x0000000000000278       0x39 ./Drivers/STM32F4xx_HAL_Driver/Src/stm32f4xx_hal_pcd.o
 .ARM.attributes
                0x00000000000002b1       0x39 ./Drivers/STM32F4xx_HAL_Driver/Src/stm32f4xx_hal_rcc.o
 .ARM.attributes
                0x00000000000002ea       0x39 ./Drivers/STM32F4xx_HAL_Driver/Src/stm32f4xx_hal_spi.o
 .ARM.attributes
                0x0000000000000323       0x39 ./Drivers/STM32F4xx_HAL_Driver/Src/stm32f4xx_hal_tim.o
 .ARM.attributes
                0x000000000000035c       0x39 ./Drivers/STM32F4xx_HAL_Driver/Src/stm32f4xx_hal_tim_ex.o
 .ARM.attributes
                0x0000000000000395       0x39 ./Drivers/STM32F4xx_HAL_Driver/Src/stm32f4xx_hal_uart.o
 .ARM.attributes
                0x00000000000003ce       0x39 ./Drivers/STM32F4xx_HAL_Driver/Src/stm32f4xx_ll_usb.o
 .ARM.attributes
                0x0000000000000407       0x34 c:/st/stm32cubeide_1.12.0/stm32cubeide/plugins/com.st.stm32cube.ide.mcu.externaltools.gnu-tools-for-stm32.7-2018-q2-update.win32_2.0.200.202301161003/tools/bin/../lib/gcc/arm-none-eabi/7.3.1/../../../../arm-none-eabi/lib/thumb/v7e-m/fpv4-sp/hard\libc_nano.a(lib_a-init.o)
 .ARM.attributes
                0x000000000000043b       0x34 c:/st/stm32cubeide_1.12.0/stm32cubeide/plugins/com.st.stm32cube.ide.mcu.externaltools.gnu-tools-for-stm32.7-2018-q2-update.win32_2.0.200.202301161003/tools/bin/../lib/gcc/arm-none-eabi/7.3.1/../../../../arm-none-eabi/lib/thumb/v7e-m/fpv4-sp/hard\libc_nano.a(lib_a-memset.o)
 .ARM.attributes
                0x000000000000046f       0x22 c:/st/stm32cubeide_1.12.0/stm32cubeide/plugins/com.st.stm32cube.ide.mcu.externaltools.gnu-tools-for-stm32.7-2018-q2-update.win32_2.0.200.202301161003/tools/bin/../lib/gcc/arm-none-eabi/7.3.1/thumb/v7e-m/fpv4-sp/hard\libgcc.a(_aeabi_uldivmod.o)
 .ARM.attributes
                0x0000000000000491       0x34 c:/st/stm32cubeide_1.12.0/stm32cubeide/plugins/com.st.stm32cube.ide.mcu.externaltools.gnu-tools-for-stm32.7-2018-q2-update.win32_2.0.200.202301161003/tools/bin/../lib/gcc/arm-none-eabi/7.3.1/thumb/v7e-m/fpv4-sp/hard\libgcc.a(_udivmoddi4.o)
 .ARM.attributes
                0x00000000000004c5       0x22 c:/st/stm32cubeide_1.12.0/stm32cubeide/plugins/com.st.stm32cube.ide.mcu.externaltools.gnu-tools-for-stm32.7-2018-q2-update.win32_2.0.200.202301161003/tools/bin/../lib/gcc/arm-none-eabi/7.3.1/thumb/v7e-m/fpv4-sp/hard\libgcc.a(_dvmd_tls.o)
 .ARM.attributes
                0x00000000000004e7       0x22 c:/st/stm32cubeide_1.12.0/stm32cubeide/plugins/com.st.stm32cube.ide.mcu.externaltools.gnu-tools-for-stm32.7-2018-q2-update.win32_2.0.200.202301161003/tools/bin/../lib/gcc/arm-none-eabi/7.3.1/thumb/v7e-m/fpv4-sp/hard/crtn.o
OUTPUT(stm32_rfid_scanner.elf elf32-littlearm)

.debug_info     0x0000000000000000    0x16422
 .debug_info    0x0000000000000000     0x2cce ./Core/Src/main.o
 .debug_info    0x0000000000002cce     0x20cd ./Core/Src/stm32f4xx_hal_msp.o
 .debug_info    0x0000000000004d9b      0x7ce ./Core/Src/stm32f4xx_it.o
 .debug_info    0x0000000000005569      0x56e ./Core/Src/system_stm32f4xx.o
 .debug_info    0x0000000000005ad7       0x22 ./Core/Startup/startup_stm32f429zitx.o
 .debug_info    0x0000000000005af9      0x9b9 ./Drivers/STM32F4xx_HAL_Driver/Src/stm32f4xx_hal.o
 .debug_info    0x00000000000064b2      0xe5e ./Drivers/STM32F4xx_HAL_Driver/Src/stm32f4xx_hal_cortex.o
 .debug_info    0x0000000000007310      0x968 ./Drivers/STM32F4xx_HAL_Driver/Src/stm32f4xx_hal_dma.o
 .debug_info    0x0000000000007c78     0x20d4 ./Drivers/STM32F4xx_HAL_Driver/Src/stm32f4xx_hal_eth.o
 .debug_info    0x0000000000009d4c      0x7de ./Drivers/STM32F4xx_HAL_Driver/Src/stm32f4xx_hal_gpio.o
 .debug_info    0x000000000000a52a     0x12aa ./Drivers/STM32F4xx_HAL_Driver/Src/stm32f4xx_hal_pcd.o
 .debug_info    0x000000000000b7d4      0x91e ./Drivers/STM32F4xx_HAL_Driver/Src/stm32f4xx_hal_rcc.o
 .debug_info    0x000000000000c0f2     0x1676 ./Drivers/STM32F4xx_HAL_Driver/Src/stm32f4xx_hal_spi.o
 .debug_info    0x000000000000d768     0x29af ./Drivers/STM32F4xx_HAL_Driver/Src/stm32f4xx_hal_tim.o
 .debug_info    0x0000000000010117     0x146b ./Drivers/STM32F4xx_HAL_Driver/Src/stm32f4xx_hal_tim_ex.o
 .debug_info    0x0000000000011582     0x34dc ./Drivers/STM32F4xx_HAL_Driver/Src/stm32f4xx_hal_uart.o
 .debug_info    0x0000000000014a5e     0x19c4 ./Drivers/STM32F4xx_HAL_Driver/Src/stm32f4xx_ll_usb.o

.debug_abbrev   0x0000000000000000     0x2389
 .debug_abbrev  0x0000000000000000      0x31d ./Core/Src/main.o
 .debug_abbrev  0x000000000000031d      0x228 ./Core/Src/stm32f4xx_hal_msp.o
 .debug_abbrev  0x0000000000000545      0x15a ./Core/Src/stm32f4xx_it.o
 .debug_abbrev  0x000000000000069f      0x12b ./Core/Src/system_stm32f4xx.o
 .debug_abbrev  0x00000000000007ca       0x12 ./Core/Startup/startup_stm32f429zitx.o
 .debug_abbrev  0x00000000000007dc      0x1c7 ./Drivers/STM32F4xx_HAL_Driver/Src/stm32f4xx_hal.o
 .debug_abbrev  0x00000000000009a3      0x2fa ./Drivers/STM32F4xx_HAL_Driver/Src/stm32f4xx_hal_cortex.o
 .debug_abbrev  0x0000000000000c9d      0x229 ./Drivers/STM32F4xx_HAL_Driver/Src/stm32f4xx_hal_dma.o
 .debug_abbrev  0x0000000000000ec6      0x289 ./Drivers/STM32F4xx_HAL_Driver/Src/stm32f4xx_hal_eth.o
 .debug_abbrev  0x000000000000114f      0x1c9 ./Drivers/STM32F4xx_HAL_Driver/Src/stm32f4xx_hal_gpio.o
 .debug_abbrev  0x0000000000001318      0x266 ./Drivers/STM32F4xx_HAL_Driver/Src/stm32f4xx_hal_pcd.o
 .debug_abbrev  0x000000000000157e      0x245 ./Drivers/STM32F4xx_HAL_Driver/Src/stm32f4xx_hal_rcc.o
 .debug_abbrev  0x00000000000017c3      0x240 ./Drivers/STM32F4xx_HAL_Driver/Src/stm32f4xx_hal_spi.o
 .debug_abbrev  0x0000000000001a03      0x230 ./Drivers/STM32F4xx_HAL_Driver/Src/stm32f4xx_hal_tim.o
 .debug_abbrev  0x0000000000001c33      0x236 ./Drivers/STM32F4xx_HAL_Driver/Src/stm32f4xx_hal_tim_ex.o
 .debug_abbrev  0x0000000000001e69      0x2b3 ./Drivers/STM32F4xx_HAL_Driver/Src/stm32f4xx_hal_uart.o
 .debug_abbrev  0x000000000000211c      0x26d ./Drivers/STM32F4xx_HAL_Driver/Src/stm32f4xx_ll_usb.o

.debug_aranges  0x0000000000000000     0x1318
 .debug_aranges
                0x0000000000000000       0x80 ./Core/Src/main.o
 .debug_aranges
                0x0000000000000080       0x78 ./Core/Src/stm32f4xx_hal_msp.o
 .debug_aranges
                0x00000000000000f8       0x78 ./Core/Src/stm32f4xx_it.o
 .debug_aranges
                0x0000000000000170       0x28 ./Core/Src/system_stm32f4xx.o
 .debug_aranges
                0x0000000000000198       0x28 ./Core/Startup/startup_stm32f429zitx.o
 .debug_aranges
                0x00000000000001c0      0x100 ./Drivers/STM32F4xx_HAL_Driver/Src/stm32f4xx_hal.o
 .debug_aranges
                0x00000000000002c0      0x118 ./Drivers/STM32F4xx_HAL_Driver/Src/stm32f4xx_hal_cortex.o
 .debug_aranges
                0x00000000000003d8       0x90 ./Drivers/STM32F4xx_HAL_Driver/Src/stm32f4xx_hal_dma.o
 .debug_aranges
                0x0000000000000468      0x1e0 ./Drivers/STM32F4xx_HAL_Driver/Src/stm32f4xx_hal_eth.o
 .debug_aranges
                0x0000000000000648       0x58 ./Drivers/STM32F4xx_HAL_Driver/Src/stm32f4xx_hal_gpio.o
 .debug_aranges
                0x00000000000006a0      0x148 ./Drivers/STM32F4xx_HAL_Driver/Src/stm32f4xx_hal_pcd.o
 .debug_aranges
                0x00000000000007e8       0x88 ./Drivers/STM32F4xx_HAL_Driver/Src/stm32f4xx_hal_rcc.o
 .debug_aranges
                0x0000000000000870      0x1d0 ./Drivers/STM32F4xx_HAL_Driver/Src/stm32f4xx_hal_spi.o
 .debug_aranges
                0x0000000000000a40      0x3d0 ./Drivers/STM32F4xx_HAL_Driver/Src/stm32f4xx_hal_tim.o
 .debug_aranges
                0x0000000000000e10      0x168 ./Drivers/STM32F4xx_HAL_Driver/Src/stm32f4xx_hal_tim_ex.o
 .debug_aranges
                0x0000000000000f78      0x200 ./Drivers/STM32F4xx_HAL_Driver/Src/stm32f4xx_hal_uart.o
 .debug_aranges
                0x0000000000001178      0x1a0 ./Drivers/STM32F4xx_HAL_Driver/Src/stm32f4xx_ll_usb.o

.debug_ranges   0x0000000000000000     0x1240
 .debug_ranges  0x0000000000000000       0x70 ./Core/Src/main.o
 .debug_ranges  0x0000000000000070       0x68 ./Core/Src/stm32f4xx_hal_msp.o
 .debug_ranges  0x00000000000000d8       0x68 ./Core/Src/stm32f4xx_it.o
 .debug_ranges  0x0000000000000140       0x18 ./Core/Src/system_stm32f4xx.o
 .debug_ranges  0x0000000000000158       0x20 ./Core/Startup/startup_stm32f429zitx.o
 .debug_ranges  0x0000000000000178       0xf0 ./Drivers/STM32F4xx_HAL_Driver/Src/stm32f4xx_hal.o
 .debug_ranges  0x0000000000000268      0x108 ./Drivers/STM32F4xx_HAL_Driver/Src/stm32f4xx_hal_cortex.o
 .debug_ranges  0x0000000000000370       0x80 ./Drivers/STM32F4xx_HAL_Driver/Src/stm32f4xx_hal_dma.o
 .debug_ranges  0x00000000000003f0      0x1d0 ./Drivers/STM32F4xx_HAL_Driver/Src/stm32f4xx_hal_eth.o
 .debug_ranges  0x00000000000005c0       0x48 ./Drivers/STM32F4xx_HAL_Driver/Src/stm32f4xx_hal_gpio.o
 .debug_ranges  0x0000000000000608      0x138 ./Drivers/STM32F4xx_HAL_Driver/Src/stm32f4xx_hal_pcd.o
 .debug_ranges  0x0000000000000740       0x78 ./Drivers/STM32F4xx_HAL_Driver/Src/stm32f4xx_hal_rcc.o
 .debug_ranges  0x00000000000007b8      0x1c0 ./Drivers/STM32F4xx_HAL_Driver/Src/stm32f4xx_hal_spi.o
 .debug_ranges  0x0000000000000978      0x3c0 ./Drivers/STM32F4xx_HAL_Driver/Src/stm32f4xx_hal_tim.o
 .debug_ranges  0x0000000000000d38      0x158 ./Drivers/STM32F4xx_HAL_Driver/Src/stm32f4xx_hal_tim_ex.o
 .debug_ranges  0x0000000000000e90      0x220 ./Drivers/STM32F4xx_HAL_Driver/Src/stm32f4xx_hal_uart.o
 .debug_ranges  0x00000000000010b0      0x190 ./Drivers/STM32F4xx_HAL_Driver/Src/stm32f4xx_ll_usb.o

.debug_macro    0x0000000000000000    0x24fb9
 .debug_macro   0x0000000000000000      0x2df ./Core/Src/main.o
 .debug_macro   0x00000000000002df      0xa5a ./Core/Src/main.o
 .debug_macro   0x0000000000000d39      0x2ad ./Core/Src/main.o
 .debug_macro   0x0000000000000fe6       0x2e ./Core/Src/main.o
 .debug_macro   0x0000000000001014       0x28 ./Core/Src/main.o
 .debug_macro   0x000000000000103c       0x22 ./Core/Src/main.o
 .debug_macro   0x000000000000105e       0x8e ./Core/Src/main.o
 .debug_macro   0x00000000000010ec       0x51 ./Core/Src/main.o
 .debug_macro   0x000000000000113d       0xef ./Core/Src/main.o
 .debug_macro   0x000000000000122c       0x6a ./Core/Src/main.o
 .debug_macro   0x0000000000001296      0x1df ./Core/Src/main.o
 .debug_macro   0x0000000000001475       0x1c ./Core/Src/main.o
 .debug_macro   0x0000000000001491       0x22 ./Core/Src/main.o
 .debug_macro   0x00000000000014b3       0xdf ./Core/Src/main.o
 .debug_macro   0x0000000000001592     0x102d ./Core/Src/main.o
 .debug_macro   0x00000000000025bf      0x11f ./Core/Src/main.o
 .debug_macro   0x00000000000026de    0x17fc0 ./Core/Src/main.o
 .debug_macro   0x000000000001a69e       0x6d ./Core/Src/main.o
 .debug_macro   0x000000000001a70b     0x36f5 ./Core/Src/main.o
 .debug_macro   0x000000000001de00      0x174 ./Core/Src/main.o
 .debug_macro   0x000000000001df74       0x5c ./Core/Src/main.o
 .debug_macro   0x000000000001dfd0      0xca5 ./Core/Src/main.o
 .debug_macro   0x000000000001ec75      0x9fe ./Core/Src/main.o
 .debug_macro   0x000000000001f673      0x115 ./Core/Src/main.o
 .debug_macro   0x000000000001f788      0x156 ./Core/Src/main.o
 .debug_macro   0x000000000001f8de       0xa5 ./Core/Src/main.o
 .debug_macro   0x000000000001f983      0x182 ./Core/Src/main.o
 .debug_macro   0x000000000001fb05      0x287 ./Core/Src/main.o
 .debug_macro   0x000000000001fd8c       0x5f ./Core/Src/main.o
 .debug_macro   0x000000000001fdeb      0x236 ./Core/Src/main.o
 .debug_macro   0x0000000000020021      0xd44 ./Core/Src/main.o
 .debug_macro   0x0000000000020d65      0x132 ./Core/Src/main.o
 .debug_macro   0x0000000000020e97      0x41d ./Core/Src/main.o
 .debug_macro   0x00000000000212b4       0x2e ./Core/Src/main.o
 .debug_macro   0x00000000000212e2      0x11a ./Core/Src/main.o
 .debug_macro   0x00000000000213fc       0xe2 ./Core/Src/main.o
 .debug_macro   0x00000000000214de       0x89 ./Core/Src/main.o
 .debug_macro   0x0000000000021567      0x225 ./Core/Src/main.o
 .debug_macro   0x000000000002178c      0x8e6 ./Core/Src/main.o
 .debug_macro   0x0000000000022072       0x47 ./Core/Src/main.o
 .debug_macro   0x00000000000220b9      0x295 ./Core/Src/main.o
 .debug_macro   0x000000000002234e      0x248 ./Core/Src/main.o
 .debug_macro   0x0000000000022596       0xba ./Core/Src/main.o
 .debug_macro   0x0000000000022650      0x134 ./Core/Src/main.o
 .debug_macro   0x0000000000022784      0x136 ./Core/Src/main.o
 .debug_macro   0x00000000000228ba       0x46 ./Core/Src/main.o
 .debug_macro   0x0000000000022900       0x18 ./Core/Src/main.o
 .debug_macro   0x0000000000022918       0x3c ./Core/Src/main.o
 .debug_macro   0x0000000000022954       0x34 ./Core/Src/main.o
 .debug_macro   0x0000000000022988       0x52 ./Core/Src/main.o
 .debug_macro   0x00000000000229da       0x1f ./Core/Src/main.o
 .debug_macro   0x00000000000229f9       0x43 ./Core/Src/main.o
 .debug_macro   0x0000000000022a3c       0x20 ./Core/Src/main.o
 .debug_macro   0x0000000000022a5c      0x1a3 ./Core/Src/main.o
 .debug_macro   0x0000000000022bff      0x32a ./Core/Src/main.o
 .debug_macro   0x0000000000022f29       0x10 ./Core/Src/main.o
 .debug_macro   0x0000000000022f39       0x35 ./Core/Src/main.o
 .debug_macro   0x0000000000022f6e       0x20 ./Core/Src/main.o
 .debug_macro   0x0000000000022f8e       0x22 ./Core/Src/main.o
 .debug_macro   0x0000000000022fb0      0x215 ./Core/Src/stm32f4xx_hal_msp.o
 .debug_macro   0x00000000000231c5      0x21f ./Core/Src/stm32f4xx_it.o
 .debug_macro   0x00000000000233e4      0x206 ./Core/Src/system_stm32f4xx.o
 .debug_macro   0x00000000000235ea      0x266 ./Drivers/STM32F4xx_HAL_Driver/Src/stm32f4xx_hal.o
 .debug_macro   0x0000000000023850      0x206 ./Drivers/STM32F4xx_HAL_Driver/Src/stm32f4xx_hal_cortex.o
 .debug_macro   0x0000000000023a56      0x20c ./Drivers/STM32F4xx_HAL_Driver/Src/stm32f4xx_hal_dma.o
 .debug_macro   0x0000000000023c62      0x2e0 ./Drivers/STM32F4xx_HAL_Driver/Src/stm32f4xx_hal_eth.o
 .debug_macro   0x0000000000023f42      0x20c ./Drivers/STM32F4xx_HAL_Driver/Src/stm32f4xx_hal_gpio.o
 .debug_macro   0x000000000002414e      0x212 ./Drivers/STM32F4xx_HAL_Driver/Src/stm32f4xx_hal_pcd.o
 .debug_macro   0x0000000000024360      0x22a ./Drivers/STM32F4xx_HAL_Driver/Src/stm32f4xx_hal_rcc.o
 .debug_macro   0x000000000002458a      0x215 ./Drivers/STM32F4xx_HAL_Driver/Src/stm32f4xx_hal_spi.o
 .debug_macro   0x000000000002479f      0x207 ./Drivers/STM32F4xx_HAL_Driver/Src/stm32f4xx_hal_tim.o
 .debug_macro   0x00000000000249a6      0x206 ./Drivers/STM32F4xx_HAL_Driver/Src/stm32f4xx_hal_tim_ex.o
 .debug_macro   0x0000000000024bac      0x207 ./Drivers/STM32F4xx_HAL_Driver/Src/stm32f4xx_hal_uart.o
 .debug_macro   0x0000000000024db3      0x206 ./Drivers/STM32F4xx_HAL_Driver/Src/stm32f4xx_ll_usb.o

.debug_line     0x0000000000000000     0xe5a7
 .debug_line    0x0000000000000000      0xa56 ./Core/Src/main.o
 .debug_line    0x0000000000000a56      0x88a ./Core/Src/stm32f4xx_hal_msp.o
 .debug_line    0x00000000000012e0      0x820 ./Core/Src/stm32f4xx_it.o
 .debug_line    0x0000000000001b00      0x75c ./Core/Src/system_stm32f4xx.o
 .debug_line    0x000000000000225c       0x88 ./Core/Startup/startup_stm32f429zitx.o
 .debug_line    0x00000000000022e4      0x96b ./Drivers/STM32F4xx_HAL_Driver/Src/stm32f4xx_hal.o
 .debug_line    0x0000000000002c4f      0xa6b ./Drivers/STM32F4xx_HAL_Driver/Src/stm32f4xx_hal_cortex.o
 .debug_line    0x00000000000036ba      0xa10 ./Drivers/STM32F4xx_HAL_Driver/Src/stm32f4xx_hal_dma.o
 .debug_line    0x00000000000040ca      0xfae ./Drivers/STM32F4xx_HAL_Driver/Src/stm32f4xx_hal_eth.o
 .debug_line    0x0000000000005078      0x93c ./Drivers/STM32F4xx_HAL_Driver/Src/stm32f4xx_hal_gpio.o
 .debug_line    0x00000000000059b4      0xd74 ./Drivers/STM32F4xx_HAL_Driver/Src/stm32f4xx_hal_pcd.o
 .debug_line    0x0000000000006728      0x9a3 ./Drivers/STM32F4xx_HAL_Driver/Src/stm32f4xx_hal_rcc.o
 .debug_line    0x00000000000070cb     0x111d ./Drivers/STM32F4xx_HAL_Driver/Src/stm32f4xx_hal_spi.o
 .debug_line    0x00000000000081e8     0x2319 ./Drivers/STM32F4xx_HAL_Driver/Src/stm32f4xx_hal_tim.o
 .debug_line    0x000000000000a501     0x12eb ./Drivers/STM32F4xx_HAL_Driver/Src/stm32f4xx_hal_tim_ex.o
 .debug_line    0x000000000000b7ec     0x1e72 ./Drivers/STM32F4xx_HAL_Driver/Src/stm32f4xx_hal_uart.o
 .debug_line    0x000000000000d65e      0xf49 ./Drivers/STM32F4xx_HAL_Driver/Src/stm32f4xx_ll_usb.o

.debug_str      0x0000000000000000    0xe39c2
 .debug_str     0x0000000000000000    0xdec14 ./Core/Src/main.o
                                      0xdf0c2 (size before relaxing)
 .debug_str     0x00000000000dec14      0x110 ./Core/Src/stm32f4xx_hal_msp.o
                                      0xdbcd0 (size before relaxing)
 .debug_str     0x00000000000ded24       0xfe ./Core/Src/stm32f4xx_it.o
                                      0xda9e9 (size before relaxing)
 .debug_str     0x00000000000dee22       0xaf ./Core/Src/system_stm32f4xx.o
                                      0xda073 (size before relaxing)
 .debug_str     0x00000000000deed1       0x36 ./Core/Startup/startup_stm32f429zitx.o
                                         0x4e (size before relaxing)
 .debug_str     0x00000000000def07      0x5be ./Drivers/STM32F4xx_HAL_Driver/Src/stm32f4xx_hal.o
                                      0xdabf4 (size before relaxing)
 .debug_str     0x00000000000df4c5      0x38d ./Drivers/STM32F4xx_HAL_Driver/Src/stm32f4xx_hal_cortex.o
                                      0xda995 (size before relaxing)
 .debug_str     0x00000000000df852      0x30a ./Drivers/STM32F4xx_HAL_Driver/Src/stm32f4xx_hal_dma.o
                                      0xda48a (size before relaxing)
 .debug_str     0x00000000000dfb5c     0x11e3 ./Drivers/STM32F4xx_HAL_Driver/Src/stm32f4xx_hal_eth.o
                                      0xdb902 (size before relaxing)
 .debug_str     0x00000000000e0d3f       0xff ./Drivers/STM32F4xx_HAL_Driver/Src/stm32f4xx_hal_gpio.o
                                      0xda21a (size before relaxing)
 .debug_str     0x00000000000e0e3e      0x572 ./Drivers/STM32F4xx_HAL_Driver/Src/stm32f4xx_hal_pcd.o
                                      0xda8a2 (size before relaxing)
 .debug_str     0x00000000000e13b0      0x259 ./Drivers/STM32F4xx_HAL_Driver/Src/stm32f4xx_hal_rcc.o
                                      0xda475 (size before relaxing)
 .debug_str     0x00000000000e1609      0x574 ./Drivers/STM32F4xx_HAL_Driver/Src/stm32f4xx_hal_spi.o
                                      0xda904 (size before relaxing)
 .debug_str     0x00000000000e1b7d      0xd4e ./Drivers/STM32F4xx_HAL_Driver/Src/stm32f4xx_hal_tim.o
                                      0xdb38f (size before relaxing)
 .debug_str     0x00000000000e28cb      0x45a ./Drivers/STM32F4xx_HAL_Driver/Src/stm32f4xx_hal_tim_ex.o
                                      0xdab40 (size before relaxing)
 .debug_str     0x00000000000e2d25      0x5f0 ./Drivers/STM32F4xx_HAL_Driver/Src/stm32f4xx_hal_uart.o
                                      0xda9e8 (size before relaxing)
 .debug_str     0x00000000000e3315      0x6ad ./Drivers/STM32F4xx_HAL_Driver/Src/stm32f4xx_ll_usb.o
                                      0xda9ac (size before relaxing)

.comment        0x0000000000000000       0x7b
 .comment       0x0000000000000000       0x7b ./Core/Src/main.o
                                         0x7c (size before relaxing)
 .comment       0x000000000000007b       0x7c ./Core/Src/stm32f4xx_hal_msp.o
 .comment       0x000000000000007b       0x7c ./Core/Src/stm32f4xx_it.o
 .comment       0x000000000000007b       0x7c ./Core/Src/system_stm32f4xx.o
 .comment       0x000000000000007b       0x7c ./Drivers/STM32F4xx_HAL_Driver/Src/stm32f4xx_hal.o
 .comment       0x000000000000007b       0x7c ./Drivers/STM32F4xx_HAL_Driver/Src/stm32f4xx_hal_cortex.o
 .comment       0x000000000000007b       0x7c ./Drivers/STM32F4xx_HAL_Driver/Src/stm32f4xx_hal_dma.o
 .comment       0x000000000000007b       0x7c ./Drivers/STM32F4xx_HAL_Driver/Src/stm32f4xx_hal_eth.o
 .comment       0x000000000000007b       0x7c ./Drivers/STM32F4xx_HAL_Driver/Src/stm32f4xx_hal_gpio.o
 .comment       0x000000000000007b       0x7c ./Drivers/STM32F4xx_HAL_Driver/Src/stm32f4xx_hal_pcd.o
 .comment       0x000000000000007b       0x7c ./Drivers/STM32F4xx_HAL_Driver/Src/stm32f4xx_hal_rcc.o
 .comment       0x000000000000007b       0x7c ./Drivers/STM32F4xx_HAL_Driver/Src/stm32f4xx_hal_spi.o
 .comment       0x000000000000007b       0x7c ./Drivers/STM32F4xx_HAL_Driver/Src/stm32f4xx_hal_tim.o
 .comment       0x000000000000007b       0x7c ./Drivers/STM32F4xx_HAL_Driver/Src/stm32f4xx_hal_tim_ex.o
 .comment       0x000000000000007b       0x7c ./Drivers/STM32F4xx_HAL_Driver/Src/stm32f4xx_hal_uart.o
 .comment       0x000000000000007b       0x7c ./Drivers/STM32F4xx_HAL_Driver/Src/stm32f4xx_ll_usb.o

.debug_frame    0x0000000000000000     0x5310
 .debug_frame   0x0000000000000000      0x1b8 ./Core/Src/main.o
 .debug_frame   0x00000000000001b8      0x1c4 ./Core/Src/stm32f4xx_hal_msp.o
 .debug_frame   0x000000000000037c      0x158 ./Core/Src/stm32f4xx_it.o
 .debug_frame   0x00000000000004d4       0x58 ./Core/Src/system_stm32f4xx.o
 .debug_frame   0x000000000000052c      0x3b4 ./Drivers/STM32F4xx_HAL_Driver/Src/stm32f4xx_hal.o
 .debug_frame   0x00000000000008e0      0x498 ./Drivers/STM32F4xx_HAL_Driver/Src/stm32f4xx_hal_cortex.o
 .debug_frame   0x0000000000000d78      0x250 ./Drivers/STM32F4xx_HAL_Driver/Src/stm32f4xx_hal_dma.o
 .debug_frame   0x0000000000000fc8      0x898 ./Drivers/STM32F4xx_HAL_Driver/Src/stm32f4xx_hal_eth.o
 .debug_frame   0x0000000000001860      0x14c ./Drivers/STM32F4xx_HAL_Driver/Src/stm32f4xx_hal_gpio.o
 .debug_frame   0x00000000000019ac      0x5bc ./Drivers/STM32F4xx_HAL_Driver/Src/stm32f4xx_hal_pcd.o
 .debug_frame   0x0000000000001f68      0x1f0 ./Drivers/STM32F4xx_HAL_Driver/Src/stm32f4xx_hal_rcc.o
 .debug_frame   0x0000000000002158      0x824 ./Drivers/STM32F4xx_HAL_Driver/Src/stm32f4xx_hal_spi.o
 .debug_frame   0x000000000000297c     0x11c4 ./Drivers/STM32F4xx_HAL_Driver/Src/stm32f4xx_hal_tim.o
 .debug_frame   0x0000000000003b40      0x638 ./Drivers/STM32F4xx_HAL_Driver/Src/stm32f4xx_hal_tim_ex.o
 .debug_frame   0x0000000000004178      0x92c ./Drivers/STM32F4xx_HAL_Driver/Src/stm32f4xx_hal_uart.o
 .debug_frame   0x0000000000004aa4      0x7c0 ./Drivers/STM32F4xx_HAL_Driver/Src/stm32f4xx_ll_usb.o
 .debug_frame   0x0000000000005264       0x2c c:/st/stm32cubeide_1.12.0/stm32cubeide/plugins/com.st.stm32cube.ide.mcu.externaltools.gnu-tools-for-stm32.7-2018-q2-update.win32_2.0.200.202301161003/tools/bin/../lib/gcc/arm-none-eabi/7.3.1/../../../../arm-none-eabi/lib/thumb/v7e-m/fpv4-sp/hard\libc_nano.a(lib_a-init.o)
 .debug_frame   0x0000000000005290       0x20 c:/st/stm32cubeide_1.12.0/stm32cubeide/plugins/com.st.stm32cube.ide.mcu.externaltools.gnu-tools-for-stm32.7-2018-q2-update.win32_2.0.200.202301161003/tools/bin/../lib/gcc/arm-none-eabi/7.3.1/../../../../arm-none-eabi/lib/thumb/v7e-m/fpv4-sp/hard\libc_nano.a(lib_a-memset.o)
 .debug_frame   0x00000000000052b0       0x2c c:/st/stm32cubeide_1.12.0/stm32cubeide/plugins/com.st.stm32cube.ide.mcu.externaltools.gnu-tools-for-stm32.7-2018-q2-update.win32_2.0.200.202301161003/tools/bin/../lib/gcc/arm-none-eabi/7.3.1/thumb/v7e-m/fpv4-sp/hard\libgcc.a(_aeabi_uldivmod.o)
 .debug_frame   0x00000000000052dc       0x34 c:/st/stm32cubeide_1.12.0/stm32cubeide/plugins/com.st.stm32cube.ide.mcu.externaltools.gnu-tools-for-stm32.7-2018-q2-update.win32_2.0.200.202301161003/tools/bin/../lib/gcc/arm-none-eabi/7.3.1/thumb/v7e-m/fpv4-sp/hard\libgcc.a(_udivmoddi4.o)
