SEGGER_RTT.c:320:13:_DoInit	16	static,ignoring_inline_asm
SEGGER_RTT.c:380:17:_WriteBlocking	48	static,ignoring_inline_asm
SEGGER_RTT.c:442:13:_WriteNoCheck	40	static,ignoring_inline_asm
SEGGER_RTT.c:510:13:_PostTerminalSwitch	24	static
SEGGER_RTT.c:532:17:_GetAvailWriteSpace	32	static
SEGGER_RTT.c:579:10:SEGGER_RTT_ReadUpBufferNoLock	56	static
SEGGER_RTT.c:671:10:SEGGER_RTT_ReadNoLock	56	static
SEGGER_RTT.c:768:10:SEGGER_RTT_ReadUpBuffer	32	static,ignoring_inline_asm
SEGGER_RTT.c:800:10:SEGGER_RTT_Read	32	static,ignoring_inline_asm
SEGGER_RTT.c:839:6:SEGGER_RTT_WriteWithOverwriteNoLock	40	static,ignoring_inline_asm
SEGGER_RTT.c:1031:10:SEGGER_RTT_WriteDownBufferNoLock	40	static
SEGGER_RTT.c:1106:10:SEGGER_RTT_WriteNoLock	40	static
SEGGER_RTT.c:1182:10:SEGGER_RTT_WriteDownBuffer	40	static,ignoring_inline_asm
SEGGER_RTT.c:1211:10:SEGGER_RTT_Write	40	static,ignoring_inline_asm
SEGGER_RTT.c:1241:10:SEGGER_RTT_WriteString	24	static
SEGGER_RTT.c:1271:10:SEGGER_RTT_PutCharSkipNoLock	32	static,ignoring_inline_asm
SEGGER_RTT.c:1321:10:SEGGER_RTT_PutCharSkip	40	static,ignoring_inline_asm
SEGGER_RTT.c:1380:10:SEGGER_RTT_PutChar	40	static,ignoring_inline_asm
SEGGER_RTT.c:1443:5:SEGGER_RTT_GetKey	16	static
SEGGER_RTT.c:1471:5:SEGGER_RTT_WaitKey	16	static
SEGGER_RTT.c:1494:5:SEGGER_RTT_HasKey	24	static
SEGGER_RTT.c:1522:10:SEGGER_RTT_HasData	24	static
SEGGER_RTT.c:1543:10:SEGGER_RTT_HasDataUp	24	static
SEGGER_RTT.c:1572:5:SEGGER_RTT_AllocDownBuffer	40	static,ignoring_inline_asm
SEGGER_RTT.c:1621:5:SEGGER_RTT_AllocUpBuffer	40	static,ignoring_inline_asm
SEGGER_RTT.c:1676:5:SEGGER_RTT_ConfigUpBuffer	48	static,ignoring_inline_asm
SEGGER_RTT.c:1728:5:SEGGER_RTT_ConfigDownBuffer	48	static,ignoring_inline_asm
SEGGER_RTT.c:1771:5:SEGGER_RTT_SetNameUpBuffer	40	static,ignoring_inline_asm
SEGGER_RTT.c:1806:5:SEGGER_RTT_SetNameDownBuffer	40	static,ignoring_inline_asm
SEGGER_RTT.c:1842:5:SEGGER_RTT_SetFlagsUpBuffer	40	static,ignoring_inline_asm
SEGGER_RTT.c:1878:5:SEGGER_RTT_SetFlagsDownBuffer	40	static,ignoring_inline_asm
SEGGER_RTT.c:1906:6:SEGGER_RTT_Init	8	static
SEGGER_RTT.c:1927:5:SEGGER_RTT_SetTerminal	40	static,ignoring_inline_asm
SEGGER_RTT.c:1976:5:SEGGER_RTT_TerminalOut	40	static,ignoring_inline_asm
SEGGER_RTT.c:2064:10:SEGGER_RTT_GetAvailWriteSpace	24	static
SEGGER_RTT.c:2085:10:SEGGER_RTT_GetBytesInBuffer	32	static
