../Core/Src/main.c:113:6:writeNameToRFIDCard	80	static
../Core/Src/main.c:227:6:readNameFromRFIDCard	72	static
../Core/Src/main.c:329:5:main	24	static
../Core/Src/main.c:525:6:SystemClock_Config	88	static
../Core/Src/main.c:571:13:MX_I2C1_Init	8	static
../Core/Src/main.c:619:13:MX_SPI1_Init	8	static
../Core/Src/main.c:657:13:MX_TIM1_Init	96	static
../Core/Src/main.c:732:13:MX_TIM6_Init	16	static
../Core/Src/main.c:770:13:MX_UART4_Init	8	static
../Core/Src/main.c:803:13:MX_USB_OTG_FS_PCD_Init	8	static
../Core/Src/main.c:836:13:MX_DMA_Init	16	static
../Core/Src/main.c:861:13:MX_GPIO_Init	56	static
../Core/Src/main.c:935:6:HAL_GPIO_EXTI_Callback	16	static
../Core/Src/main.c:955:6:myFirstTaskHandle	24	static
../Core/Src/main.c:993:6:StartDefaultTask	24	static
../Core/Src/main.c:1042:6:HAL_TIM_PeriodElapsedCallback	16	static
../Core/Src/main.c:1059:6:Error_Handler	4	static,ignoring_inline_asm
