../Drivers/Device/MFRC522.c:73:6:MFRC522_Init	24	static
../Drivers/Device/MFRC522.c:92:6:PCD_WriteRegister	24	static
../Drivers/Device/MFRC522.c:110:6:PCD_WriteRegisters	24	static
../Drivers/Device/MFRC522.c:131:9:PCD_ReadRegister	24	static
../Drivers/Device/MFRC522.c:148:6:PCD_ReadRegisters	40	static
../Drivers/Device/MFRC522.c:184:6:PCD_SetRegisterBitMask	24	static
../Drivers/Device/MFRC522.c:195:6:PCD_ClearRegisterBitMask	24	static
../Drivers/Device/MFRC522.c:209:12:PCD_CalculateCRC	40	static
../Drivers/Device/MFRC522.c:251:6:PCD_Init	24	static
../Drivers/Device/MFRC522.c:328:6:PCD_Reset	24	static
../Drivers/Device/MFRC522.c:344:6:PCD_AntennaOn	24	static
../Drivers/Device/MFRC522.c:354:6:PCD_AntennaOff	16	static
../Drivers/Device/MFRC522.c:365:9:PCD_GetAntennaGain	16	static
../Drivers/Device/MFRC522.c:374:6:PCD_SetAntennaGain	16	static
../Drivers/Device/MFRC522.c:387:6:PCD_PerformSelfTest	128	static
../Drivers/Device/MFRC522.c:478:6:PCD_SoftPowerDown	24	static
../Drivers/Device/MFRC522.c:484:6:PCD_SoftPowerUp	24	static
../Drivers/Device/MFRC522.c:510:12:PCD_TransceiveData	56	static
../Drivers/Device/MFRC522.c:528:12:PCD_CommunicateWithPICC	48	static
../Drivers/Device/MFRC522.c:638:12:PICC_RequestA	24	static
../Drivers/Device/MFRC522.c:650:12:PICC_WakeupA	24	static
../Drivers/Device/MFRC522.c:662:12:PICC_REQA_or_WUPA	48	static
../Drivers/Device/MFRC522.c:701:12:PICC_Select	80	static
../Drivers/Device/MFRC522.c:919:12:PICC_HaltA	40	static
../Drivers/Device/MFRC522.c:963:12:PCD_Authenticate	64	static
../Drivers/Device/MFRC522.c:993:6:PCD_StopCrypto1	16	static
../Drivers/Device/MFRC522.c:1014:12:MIFARE_Read	48	static
../Drivers/Device/MFRC522.c:1049:12:MIFARE_Write	32	static
../Drivers/Device/MFRC522.c:1084:12:MIFARE_Ultralight_Write	32	static
../Drivers/Device/MFRC522.c:1117:12:MIFARE_Decrement	24	static
../Drivers/Device/MFRC522.c:1131:12:MIFARE_Increment	24	static
../Drivers/Device/MFRC522.c:1145:12:MIFARE_Restore	16	static
../Drivers/Device/MFRC522.c:1157:12:MIFARE_TwoStepHelper	32	static
../Drivers/Device/MFRC522.c:1188:12:MIFARE_Transfer	24	static
../Drivers/Device/MFRC522.c:1214:12:MIFARE_GetValue	48	static
../Drivers/Device/MFRC522.c:1239:12:MIFARE_SetValue	48	static
../Drivers/Device/MFRC522.c:1269:12:PCD_NTAG216_AUTH	80	static
../Drivers/Device/MFRC522.c:1316:12:PCD_MIFARE_Transceive	72	static
../Drivers/Device/MFRC522.c:1362:13:GetStatusCodeName	16	static
../Drivers/Device/MFRC522.c:1383:11:PICC_GetType	16	static
../Drivers/Device/MFRC522.c:1410:13:PICC_GetTypeName	16	static
../Drivers/Device/MFRC522.c:1432:6:PCD_DumpVersionToSerial	24	static
../Drivers/Device/MFRC522.c:1456:6:PICC_DumpToSerial	24	static
../Drivers/Device/MFRC522.c:1501:6:PICC_DumpDetailsToSerial	24	static
../Drivers/Device/MFRC522.c:1530:6:PICC_DumpMifareClassicToSerial	32	static
../Drivers/Device/MFRC522.c:1571:6:PICC_DumpMifareClassicSectorToSerial	80	static
../Drivers/Device/MFRC522.c:1719:6:PICC_DumpMifareUltralightToSerial	40	static
../Drivers/Device/MFRC522.c:1761:6:MIFARE_SetAccessBits	32	static
../Drivers/Device/MFRC522.c:1788:6:MIFARE_OpenUidBackdoor	72	static
../Drivers/Device/MFRC522.c:1858:6:MIFARE_SetUid	72	static
../Drivers/Device/MFRC522.c:1960:6:MIFARE_UnbrickUidSector	48	static
../Drivers/Device/MFRC522.c:1987:6:PICC_IsNewCardPresent	24	static
../Drivers/Device/MFRC522.c:2009:6:PICC_ReadCardSerial	24	static
