../Drivers/Device/MFRC522.c:72:6:MFRC522_Init	24	static
../Drivers/Device/MFRC522.c:89:6:PCD_WriteRegister	24	static
../Drivers/Device/MFRC522.c:104:6:PCD_WriteRegisters	24	static
../Drivers/Device/MFRC522.c:120:9:PCD_ReadRegister	24	static
../Drivers/Device/MFRC522.c:137:6:PCD_ReadRegisters	32	static
../Drivers/Device/MFRC522.c:172:6:PCD_SetRegisterBitMask	24	static
../Drivers/Device/MFRC522.c:183:6:PCD_ClearRegisterBitMask	24	static
../Drivers/Device/MFRC522.c:197:12:PCD_CalculateCRC	40	static
../Drivers/Device/MFRC522.c:239:6:PCD_Init	24	static
../Drivers/Device/MFRC522.c:316:6:PCD_Reset	24	static
../Drivers/Device/MFRC522.c:332:6:PCD_AntennaOn	24	static
../Drivers/Device/MFRC522.c:342:6:PCD_AntennaOff	16	static
../Drivers/Device/MFRC522.c:353:9:PCD_GetAntennaGain	16	static
../Drivers/Device/MFRC522.c:362:6:PCD_SetAntennaGain	16	static
../Drivers/Device/MFRC522.c:375:6:PCD_PerformSelfTest	128	static
../Drivers/Device/MFRC522.c:466:6:PCD_SoftPowerDown	24	static
../Drivers/Device/MFRC522.c:472:6:PCD_SoftPowerUp	24	static
../Drivers/Device/MFRC522.c:498:12:PCD_TransceiveData	56	static
../Drivers/Device/MFRC522.c:516:12:PCD_CommunicateWithPICC	48	static
../Drivers/Device/MFRC522.c:626:12:PICC_RequestA	24	static
../Drivers/Device/MFRC522.c:638:12:PICC_WakeupA	24	static
../Drivers/Device/MFRC522.c:650:12:PICC_REQA_or_WUPA	48	static
../Drivers/Device/MFRC522.c:689:12:PICC_Select	80	static
../Drivers/Device/MFRC522.c:906:12:PICC_HaltA	40	static
../Drivers/Device/MFRC522.c:950:12:PCD_Authenticate	64	static
../Drivers/Device/MFRC522.c:980:6:PCD_StopCrypto1	16	static
../Drivers/Device/MFRC522.c:1001:12:MIFARE_Read	48	static
../Drivers/Device/MFRC522.c:1036:12:MIFARE_Write	32	static
../Drivers/Device/MFRC522.c:1071:12:MIFARE_Ultralight_Write	32	static
../Drivers/Device/MFRC522.c:1104:12:MIFARE_Decrement	24	static
../Drivers/Device/MFRC522.c:1118:12:MIFARE_Increment	24	static
../Drivers/Device/MFRC522.c:1132:12:MIFARE_Restore	16	static
../Drivers/Device/MFRC522.c:1144:12:MIFARE_TwoStepHelper	32	static
../Drivers/Device/MFRC522.c:1175:12:MIFARE_Transfer	24	static
../Drivers/Device/MFRC522.c:1201:12:MIFARE_GetValue	48	static
../Drivers/Device/MFRC522.c:1226:12:MIFARE_SetValue	48	static
../Drivers/Device/MFRC522.c:1256:12:PCD_NTAG216_AUTH	80	static
../Drivers/Device/MFRC522.c:1303:12:PCD_MIFARE_Transceive	72	static
../Drivers/Device/MFRC522.c:1349:13:GetStatusCodeName	16	static
../Drivers/Device/MFRC522.c:1370:11:PICC_GetType	16	static
../Drivers/Device/MFRC522.c:1397:13:PICC_GetTypeName	16	static
../Drivers/Device/MFRC522.c:1419:6:PCD_DumpVersionToSerial	24	static
../Drivers/Device/MFRC522.c:1443:6:PICC_DumpToSerial	24	static
../Drivers/Device/MFRC522.c:1488:6:PICC_DumpDetailsToSerial	24	static
../Drivers/Device/MFRC522.c:1517:6:PICC_DumpMifareClassicToSerial	32	static
../Drivers/Device/MFRC522.c:1558:6:PICC_DumpMifareClassicSectorToSerial	80	static
../Drivers/Device/MFRC522.c:1706:6:PICC_DumpMifareUltralightToSerial	40	static
../Drivers/Device/MFRC522.c:1748:6:MIFARE_SetAccessBits	32	static
../Drivers/Device/MFRC522.c:1775:6:MIFARE_OpenUidBackdoor	72	static
../Drivers/Device/MFRC522.c:1845:6:MIFARE_SetUid	72	static
../Drivers/Device/MFRC522.c:1947:6:MIFARE_UnbrickUidSector	48	static
../Drivers/Device/MFRC522.c:1974:6:PICC_IsNewCardPresent	24	static
../Drivers/Device/MFRC522.c:1996:6:PICC_ReadCardSerial	24	static
